 cgauss

 Timestamp is 319d0331 (Fri May 17 15:52:33 1996)

 Preferred load address is 00400000

 Start         Length     Name                   Class
 0001:00000000 0003c830H .text                   CODE
 0002:00000000 00000a00H .rdata                  DATA
 0002:00000a00 00000000H .edata                  DATA
 0003:00000000 00000004H .CRT$XCA                DATA
 0003:00000004 00000004H .CRT$XCZ                DATA
 0003:00000008 00000004H .CRT$XIA                DATA
 0003:0000000c 0000000cH .CRT$XIC                DATA
 0003:00000020 00000014H .CRT$XIF                DATA
 0003:00000034 00000004H .CRT$XIZ                DATA
 0003:00000038 00000004H .CRT$XPA                DATA
 0003:0000003c 00000004H .CRT$XPX                DATA
 0003:00000040 00000004H .CRT$XPZ                DATA
 0003:00000044 00000004H .CRT$XTA                DATA
 0003:00000048 00000004H .CRT$XTZ                DATA
 0003:00000050 000080a4H .data                   DATA
 0003:00008100 00007184H .bss                    DATA
 0004:00000000 00000014H .idata$2                DATA
 0004:00000014 00000014H .idata$3                DATA
 0004:00000028 000000e4H .idata$4                DATA
 0004:0000010c 000000e4H .idata$5                DATA
 0004:000001f0 0000040cH .idata$6                DATA

  Address         Publics by Value              Rva+Base   Lib:Object

 0001:00000000       _F0@4                      00401000 f error function approximation.obj
 0001:00000000       _F0                        00401000 f error function approximation.obj
 0001:000000d0       _ELECREP@80                004010d0 f electron repulsion element.obj
 0001:000000d0       _ELECREP                   004010d0 f electron repulsion element.obj
 0001:00000240       _DTKINET@116               00401240 f dkinetic energy element.obj
 0001:00000240       _DTKINET                   00401240 f dkinetic energy element.obj
 0001:00001fa0       _TKINET@80                 00402fa0 f kinetic energy element.obj
 0001:00001fa0       _TKINET                    00402fa0 f kinetic energy element.obj
 0001:00002550       _DENUCLEAR@132             00403550 f delectro-nuclear attraction element.obj
 0001:00002550       _DENUCLEAR                 00403550 f delectro-nuclear attraction element.obj
 0001:00003550       _TAB                       00404550 f matrix print (TAB).obj
 0001:00003550       _TAB@20                    00404550 f matrix print (TAB).obj
 0001:000038b0       _OVERLAP                   004048b0 f overlap element.obj
 0001:000038b0       _OVERLAP@76                004048b0 f overlap element.obj
 0001:00003c00       _CALCULATE_OVERLAP_GRADIENT@0 00404c00 f calculate overlap gradient.obj
 0001:00003c00       _CALCULATE_OVERLAP_GRADIENT 00404c00 f calculate overlap gradient.obj
 0001:00004460       _DEFINE_GEOMETRY@0         00405460 f define geometry.obj
 0001:00004460       _DEFINE_GEOMETRY           00405460 f define geometry.obj
 0001:000044b0       _PREP_DEFAULT_TESTING_PARAMETERS@0 004054b0 f prep default testing parameters.obj
 0001:000044b0       _PREP_DEFAULT_TESTING_PARAMETERS 004054b0 f prep default testing parameters.obj
 0001:000044c0       _LOAD_RESTART_POINT        004054c0 f load restart point.obj
 0001:000044c0       _LOAD_RESTART_POINT@0      004054c0 f load restart point.obj
 0001:00004f90       _DEVEC                     00405f90 f lower triangle duplication to matrix.obj
 0001:00004f90       _DEVEC@16                  00405f90 f lower triangle duplication to matrix.obj
 0001:00005050       _CALCULATE_OVERLAP         00406050 f calculate overlap.obj
 0001:00005050       _CALCULATE_OVERLAP@0       00406050 f calculate overlap.obj
 0001:000057e0       _VECH                      004067e0 f construct vector-half.obj
 0001:000057e0       _VECH@16                   004067e0 f construct vector-half.obj
 0001:00005890       _BLANKM@12                 00406890 f matrix blank.obj
 0001:00005890       _BLANKM                    00406890 f matrix blank.obj
 0001:00005900       _GRADIENT_OPTIMIZATION@0   00406900 f gradient optimization.obj
 0001:00005900       _GRADIENT_OPTIMIZATION     00406900 f gradient optimization.obj
 0001:00005f90       _CONSTRUCT_GRADIENT        00406f90 f construction of gradient.obj
 0001:00005f90       _CONSTRUCT_GRADIENT@0      00406f90 f construction of gradient.obj
 0001:00006760       _YACOBI@24                 00407760 f jacobi matrix diagonalization.obj
 0001:00006760       _YACOBI                    00407760 f jacobi matrix diagonalization.obj
 0001:00006f50       _CHOLESKY_CONDITION_PARAMETERS@0 00407f50 f cholesky condition.obj
 0001:00006f50       _CHOLESKY_CONDITION_PARAMETERS 00407f50 f cholesky condition.obj
 0001:00007050       _GUESS_RANDOM_STARTING_DATA@0 00408050 f guess random starting data.obj
 0001:00007050       _GUESS_RANDOM_STARTING_DATA 00408050 f guess random starting data.obj
 0001:00007400       _CALCULATE_RAYLEIGH_QUOTIENT 00408400 f calculate rayleigh quotient.obj
 0001:00007400       _CALCULATE_RAYLEIGH_QUOTIENT@0 00408400 f calculate rayleigh quotient.obj
 0001:00007530       _GET_CURRENT_TIME          00408530 f get current date & time.obj
 0001:00007530       _GET_CURRENT_TIME@24       00408530 f get current date & time.obj
 0001:00007560       _CONSTRUCT_S_AND_H_MATRICES@0 00408560 f construction of S & H matrices.obj
 0001:00007560       _CONSTRUCT_S_AND_H_MATRICES 00408560 f construction of S & H matrices.obj
 0001:000077e0       _GRADEN                    004087e0 f return value of the gradient.obj
 0001:000077e0       _GRADEN@12                 004087e0 f return value of the gradient.obj
 0001:00007e70       _ENUCLEAR@92               00408e70 f electro-nuclear attraction element.obj
 0001:00007e70       _ENUCLEAR                  00408e70 f electro-nuclear attraction element.obj
 0001:00008020       _PRINT_WAVE_FUNCTION_STATS 00409020 f print wavefunction stats.obj
 0001:00008020       _PRINT_WAVE_FUNCTION_STATS@0 00409020 f print wavefunction stats.obj
 0001:000084c0       _DELECREP@116              004094c0 f delectron repulsion element.obj
 0001:000084c0       _DELECREP                  004094c0 f delectron repulsion element.obj
 0001:000098b0       _LOAD_DEFAULT_TESTING_PARAMETERS 0040a8b0 f load default testing parameters.obj
 0001:000098b0       _LOAD_DEFAULT_TESTING_PARAMETERS@0 0040a8b0 f load default testing parameters.obj
 0001:000099f0       _SOLVE_EIGEN_VALUE_PROBLEM 0040a9f0 f solve eigenvalue problem.obj
 0001:000099f0       _SOLVE_EIGEN_VALUE_PROBLEM@0 0040a9f0 f solve eigenvalue problem.obj
 0001:0000b520       _PRINT_PRELIMINARY_MATTER  0040c520 f print preliminary matter.obj
 0001:0000b520       _PRINT_PRELIMINARY_MATTER@0 0040c520 f print preliminary matter.obj
 0001:0000b900       _BIOUT@8                   0040c900 f screen & general file text output generation.obj
 0001:0000b900       _BIOUT                     0040c900 f screen & general file text output generation.obj
 0001:0000b960       _CALCULATE_TOTAL_GRADIENT  0040c960 f calculate hamiltonian gradient.obj
 0001:0000b960       _CALCULATE_TOTAL_GRADIENT@0 0040c960 f calculate hamiltonian gradient.obj
 0001:0000fd10       _main                      00410d10 f program core.obj
 0001:00012490       _DOVERLAP@92               00413490 f doverlap element.obj
 0001:00012490       _DOVERLAP                  00413490 f doverlap element.obj
 0001:00012e20       _CALCULATE_POTENTIAL_ENERGY 00413e20 f calculate potential energy.obj
 0001:00012e20       _CALCULATE_POTENTIAL_ENERGY@0 00413e20 f calculate potential energy.obj
 0001:00014cd0       _PROCESSPIPEDINPUT         00415cd0 f piped input processor.obj
 0001:00014cd0       _PROCESSPIPEDINPUT@0       00415cd0 f piped input processor.obj
 0001:000152b0       _FCN                       004162b0 f return value of the function.obj
 0001:000152b0       _FCN@12                    004162b0 f return value of the function.obj
 0001:00015430       _CALCULATE_KINETIC_ENERGY  00416430 f calculate kinetic energy.obj
 0001:00015430       _CALCULATE_KINETIC_ENERGY@0 00416430 f calculate kinetic energy.obj
 0001:00016060       _DUMING@40                 00417060 f MATHD:duming.obj
 0001:00016060       _DUMING                    00417060 f MATHD:duming.obj
 0001:000161d0       _DU4INF@8                  004171d0 f MATHD:du4inf.obj
 0001:000161d0       _DU4INF                    004171d0 f MATHD:du4inf.obj
 0001:00016330       _DU2ING@44                 00417330 f MATHD:du2ing.obj
 0001:00016330       _DU2ING                    00417330 f MATHD:du2ing.obj
 0001:00016460       _E1STI                     00417460 f MATHD:e1sti.obj
 0001:00016460       _E1STI@8                   00417460 f MATHD:e1sti.obj
 0001:00016530       _E1POP                     00417530 f MATHD:e1pop.obj
 0001:00016530       _E1POP@8                   00417530 f MATHD:e1pop.obj
 0001:00016870       _E1PSH@8                   00417870 f MATHD:e1psh.obj
 0001:00016870       _E1PSH                     00417870 f MATHD:e1psh.obj
 0001:00016980       _E1MES@16                  00417980 f MATHD:e1mes.obj
 0001:00016980       _E1MES                     00417980 f MATHD:e1mes.obj
 0001:000171f0       _DMACH@4                   004181f0 f MATHD:dmach.obj
 0001:000171f0       _DMACH                     004181f0 f MATHD:dmach.obj
 0001:000172a0       _DCOPY                     004182a0 f MATHD:dcopy.obj
 0001:000172a0       _DCOPY@20                  004182a0 f MATHD:dcopy.obj
 0001:00017470       _DU3ING                    00418470 f MATHD:du3ing.obj
 0001:00017470       _DU3ING@76                 00418470 f MATHD:du3ing.obj
 0001:00017a70       _N1THRD@0                  00418a70 f MATHD:n1thrd.obj
 0001:00017a70       _N1THRD                    00418a70 f MATHD:n1thrd.obj
 0001:00017a80       _E1INIT@0                  00418a80 f MATHD:e1init.obj
 0001:00017a80       _E1INIT                    00418a80 f MATHD:e1init.obj
 0001:00017cc0       _E1INPL                    00418cc0 f MATHD:e1inpl.obj
 0001:00017cc0       _E1INPL@24                 00418cc0 f MATHD:e1inpl.obj
 0001:00018020       _I1ERIF                    00419020 f MATHD:i1erif.obj
 0001:00018020       _I1ERIF@24                 00419020 f MATHD:i1erif.obj
 0001:000180a0       _C1TIC                     004190a0 f MATHD:c1tic.obj
 0001:000180a0       _C1TIC@20                  004190a0 f MATHD:c1tic.obj
 0001:000182d0       _E1PRT@0                   004192d0 f MATHD:e1prt.obj
 0001:000182d0       _E1PRT                     004192d0 f MATHD:e1prt.obj
 0001:000191e0       _E1STL                     0041a1e0 f MATHD:e1stl.obj
 0001:000191e0       _E1STL@12                  0041a1e0 f MATHD:e1stl.obj
 0001:000192a0       _N1RGB                     0041a2a0 f MATHD:n1rgb.obj
 0001:000192a0       _N1RGB@4                   0041a2a0 f MATHD:n1rgb.obj
 0001:00019300       _M1VECH                    0041a300 f MATHD:m1vech.obj
 0001:00019300       _M1VECH@24                 0041a300 f MATHD:m1vech.obj
 0001:00019330       _E1UCS@0                   0041a330 f MATHD:e1ucs.obj
 0001:00019330       _E1UCS                     0041a330 f MATHD:e1ucs.obj
 0001:000197a0       _M1VE                      0041a7a0 f MATHD:m1ve.obj
 0001:000197a0       _M1VE@44                   0041a7a0 f MATHD:m1ve.obj
 0001:000198b0       _I1DX                      0041a8b0 f MATHD:i1dx.obj
 0001:000198b0       _I1DX@24                   0041a8b0 f MATHD:i1dx.obj
 0001:00019990       _C1TCI                     0041a990 f MATHD:c1tci.obj
 0001:00019990       _C1TCI@20                  0041a990 f MATHD:c1tci.obj
 0001:00019c10       _N1RTY                     0041ac10 f MATHD:n1rty.obj
 0001:00019c10       _N1RTY@4                   0041ac10 f MATHD:n1rty.obj
 0001:00019ce0       _E1USR                     0041ace0 f MATHD:e1usr.obj
 0001:00019ce0       _E1USR@8                   0041ace0 f MATHD:e1usr.obj
 0001:00019e10       _DU9INF                    0041ae10 f MATHD:du9inf.obj
 0001:00019e10       _DU9INF@28                 0041ae10 f MATHD:du9inf.obj
 0001:00019f00       _DU8INF@44                 0041af00 f MATHD:du8inf.obj
 0001:00019f00       _DU8INF                    0041af00 f MATHD:du8inf.obj
 0001:0001a390       _DU6INF@56                 0041b390 f MATHD:du6inf.obj
 0001:0001a390       _DU6INF                    0041b390 f MATHD:du6inf.obj
 0001:0001a740       _DU5INF                    0041b740 f MATHD:du5inf.obj
 0001:0001a740       _DU5INF@28                 0041b740 f MATHD:du5inf.obj
 0001:0001aef0       _DNRM2@12                  0041bef0 f MATHD:dnrm2.obj
 0001:0001aef0       _DNRM2                     0041bef0 f MATHD:dnrm2.obj
 0001:0001b190       _N1RCD@4                   0041c190 f MATHD:n1rcd.obj
 0001:0001b190       _N1RCD                     0041c190 f MATHD:n1rcd.obj
 0001:0001b260       _DU17NG                    0041c260 f MATHD:du17ng.obj
 0001:0001b260       _DU17NG@84                 0041c260 f MATHD:du17ng.obj
 0001:0001be00       _DU11NF                    0041ce00 f MATHD:du11nf.obj
 0001:0001be00       _DU11NF@20                 0041ce00 f MATHD:du11nf.obj
 0001:0001bf90       _DU10NF@20                 0041cf90 f MATHD:du10nf.obj
 0001:0001bf90       _DU10NF                    0041cf90 f MATHD:du10nf.obj
 0001:0001bff0       _I1X                       0041cff0 f MATHD:i1x.obj
 0001:0001bff0       _I1X@24                    0041cff0 f MATHD:i1x.obj
 0001:0001c0d0       _UMACH                     0041d0d0 f MATHD:umach.obj
 0001:0001c0d0       _UMACH@8                   0041d0d0 f MATHD:umach.obj
 0001:0001c1a0       _E3PRT@12                  0041d1a0 f MATHD:e3prt.obj
 0001:0001c1a0       _E3PRT                     0041d1a0 f MATHD:e3prt.obj
 0001:0001c1d0       _IACHAR@8                  0041d1d0 f MATHD:iachar.obj
 0001:0001c1d0       _IACHAR                    0041d1d0 f MATHD:iachar.obj
 0001:0001c200       _ICASE                     0041d200 f MATHD:icase.obj
 0001:0001c200       _ICASE@8                   0041d200 f MATHD:icase.obj
 0001:0001c220       _E1LOCK                    0041d220 f MATHD:e1lock.obj
 0001:0001c220       _E1LOCK@4                  0041d220 f MATHD:e1lock.obj
 0001:0001c230       _S1ANUM@20                 0041d230 f MATHD:s1anum.obj
 0001:0001c230       _S1ANUM                    0041d230 f MATHD:s1anum.obj
 0001:0001c820       _I1CSTR@24                 0041d820 f MATHD:i1cstr.obj
 0001:0001c820       _I1CSTR                    0041d820 f MATHD:i1cstr.obj
 0001:0001ca20       _IMACH@4                   0041da20 f MATHD:imach.obj
 0001:0001ca20       _IMACH                     0041da20 f MATHD:imach.obj
 0001:0001cab0       _DSET                      0041dab0 f MATHD:dset.obj
 0001:0001cab0       _DSET@16                   0041dab0 f MATHD:dset.obj
 0001:0001cc10       _DDOT@20                   0041dc10 f MATHD:ddot.obj
 0001:0001cc10       _DDOT                      0041dc10 f MATHD:ddot.obj
 0001:0001cde0       _DSCAL                     0041dde0 f MATHD:dscal.obj
 0001:0001cde0       _DSCAL@16                  0041dde0 f MATHD:dscal.obj
 0001:0001cf00       _DU15NF                    0041df00 f MATHD:du15nf.obj
 0001:0001cf00       _DU15NF@32                 0041df00 f MATHD:du15nf.obj
 0001:0001d1c0       _E1STD@8                   0041e1c0 f MATHD:e1std.obj
 0001:0001d1c0       _E1STD                     0041e1c0 f MATHD:e1std.obj
 0001:0001d310       _DU18NF@4                  0041e310 f MATHD:du18nf.obj
 0001:0001d310       _DU18NF                    0041e310 f MATHD:du18nf.obj
 0001:0001d420       _DU19NF                    0041e420 f MATHD:du19nf.obj
 0001:0001d420       _DU19NF@4                  0041e420 f MATHD:du19nf.obj
 0001:0001d5d0       _DAXPY                     0041e5d0 f MATHD:daxpy.obj
 0001:0001d5d0       _DAXPY@24                  0041e5d0 f MATHD:daxpy.obj
 0001:0001d7a0       _DU14NF                    0041e7a0 f MATHD:du14nf.obj
 0001:0001d7a0       _DU14NF@20                 0041e7a0 f MATHD:du14nf.obj
 0001:0001d870       _DU13NF@20                 0041e870 f MATHD:du13nf.obj
 0001:0001d870       _DU13NF                    0041e870 f MATHD:du13nf.obj
 0001:0001d930       _DROT                      0041e930 f MATHD:drot.obj
 0001:0001d930       _DROT@28                   0041e930 f MATHD:drot.obj
 0001:0001dac0       _DROTG@16                  0041eac0 f MATHD:drotg.obj
 0001:0001dac0       _DROTG                     0041eac0 f MATHD:drotg.obj
 0001:0001dc00       _DIFNAN@4                  0041ec00 f MATHD:difnan.obj
 0001:0001dc00       _DIFNAN                    0041ec00 f MATHD:difnan.obj
 0001:0001dc40       ___FFmathstub              0041ec40 f libf:intrin.obj
 0001:0001dc41       __FIfexp                   0041ec41 f libf:intrin.obj
 0001:0001dc5c       __FIcos                    0041ec5c f libf:intrin.obj
 0001:0001dc77       __FIsin                    0041ec77 f libf:intrin.obj
 0001:0001dc92       __FItan                    0041ec92 f libf:intrin.obj
 0001:0001dcad       __FIsqrt                   0041ecad f libf:intrin.obj
 0001:0001dcc8       __FIdprod                  0041ecc8 f libf:intrin.obj
 0001:0001dccb       __FIlog                    0041eccb f libf:intrin.obj
 0001:0001dce6       __FIalog10                 0041ece6 f libf:intrin.obj
 0001:0001dd01       __FIacos                   0041ed01 f libf:intrin.obj
 0001:0001dd1c       __FIcosh                   0041ed1c f libf:intrin.obj
 0001:0001dd37       __FIasin                   0041ed37 f libf:intrin.obj
 0001:0001dd52       __FIsinh                   0041ed52 f libf:intrin.obj
 0001:0001dd6d       __FIatan                   0041ed6d f libf:intrin.obj
 0001:0001dd88       __FIatan2                  0041ed88 f libf:intrin.obj
 0001:0001dda3       __FItanh                   0041eda3 f libf:intrin.obj
 0001:0001ddd8       __FIcotan                  0041edd8 f libf:intrin.obj
 0001:0001de1e       __FIexp                    0041ee1e f libf:intrin.obj
 0001:0001de39       __FIamod                   0041ee39 f libf:intrin.obj
 0001:0001de54       __FIsign                   0041ee54 f libf:intrin.obj
 0001:0001de88       __FIdim                    0041ee88 f libf:intrin.obj
 0001:0001dec1       __FIIaint                  0041eec1   libf:intrin.obj
 0001:0001dec1       __FIaint                   0041eec1 f libf:intrin.obj
 0001:0001dee8       __FIIanint                 0041eee8   libf:intrin.obj
 0001:0001dee8       __FIanint                  0041eee8 f libf:intrin.obj
 0001:0001df51       __FIIcdiv                  0041ef51   libf:intrin.obj
 0001:0001df51       __FIcdiv                   0041ef51 f libf:intrin.obj
 0001:0001e04d       __FIcpow                   0041f04d f libf:intrin.obj
 0001:0001e143       __FIcabs                   0041f143 f libf:intrin.obj
 0001:0001e1b7       __FIccos                   0041f1b7 f libf:intrin.obj
 0001:0001e220       __FIcsin                   0041f220 f libf:intrin.obj
 0001:0001e287       __FIcexp                   0041f287 f libf:intrin.obj
 0001:0001e2d8       __FIclog                   0041f2d8 f libf:intrin.obj
 0001:0001e32c       __FIcsqrt                  0041f32c f libf:intrin.obj
 0001:0001e3e0       _CheckError                0041f3e0 f libf:cformat.obj
 0001:0001e3f0       _write_d                   0041f3f0 f libf:cformat.obj
 0001:0001e410       _write_r                   0041f410 f libf:cformat.obj
 0001:0001e430       _write_i                   0041f430 f libf:cformat.obj
 0001:0001e450       _write_i1                  0041f450 f libf:cformat.obj
 0001:0001e470       _write_i2                  0041f470 f libf:cformat.obj
 0001:0001e490       _write_c                   0041f490 f libf:cformat.obj
 0001:0001e4b0       _write_dc                  0041f4b0 f libf:cformat.obj
 0001:0001e4d0       _write_l                   0041f4d0 f libf:cformat.obj
 0001:0001e4f0       _write_l1                  0041f4f0 f libf:cformat.obj
 0001:0001e500       _write_l2                  0041f500 f libf:cformat.obj
 0001:0001e510       _write_ch                  0041f510 f libf:cformat.obj
 0001:0001e530       _write_ch_save             0041f530 f libf:cformat.obj
 0001:0001e550       _read_d                    0041f550 f libf:cformat.obj
 0001:0001e600       _read_r                    0041f600 f libf:cformat.obj
 0001:0001e6b0       _read_i                    0041f6b0 f libf:cformat.obj
 0001:0001e760       _read_i1                   0041f760 f libf:cformat.obj
 0001:0001e810       _read_i2                   0041f810 f libf:cformat.obj
 0001:0001e8d0       _read_c                    0041f8d0 f libf:cformat.obj
 0001:0001e980       _read_dc                   0041f980 f libf:cformat.obj
 0001:0001ea30       _read_ch                   0041fa30 f libf:cformat.obj
 0001:0001eaf0       _read_l                    0041faf0 f libf:cformat.obj
 0001:0001eba0       _read_l1                   0041fba0 f libf:cformat.obj
 0001:0001ec50       _read_l2                   0041fc50 f libf:cformat.obj
 0001:0001ed00       _f90_write                 0041fd00 f libf:cwrite.obj
 0001:0001eee0       _f90_endwrite              0041fee0 f libf:cwrite.obj
 0001:0001ef30       _mkatmp_i1                 0041ff30 f libf:memory.obj
 0001:0001efa0       _mkatmp_i2                 0041ffa0 f libf:memory.obj
 0001:0001f010       _mkatmp_i                  00420010 f libf:memory.obj
 0001:0001f080       _mkatmp_r                  00420080 f libf:memory.obj
 0001:0001f0f0       _mkatmp_d                  004200f0 f libf:memory.obj
 0001:0001f160       _mkatmp_c                  00420160 f libf:memory.obj
 0001:0001f1d0       _mkatmp_dc                 004201d0 f libf:memory.obj
 0001:0001f240       _mkatmp_l                  00420240 f libf:memory.obj
 0001:0001f2b0       _mkatmp_l1                 004202b0 f libf:memory.obj
 0001:0001f320       _mkatmp_l2                 00420320 f libf:memory.obj
 0001:0001f390       _mkatmp_ch                 00420390 f libf:memory.obj
 0001:0001f400       _freevec_i                 00420400 f libf:memory.obj
 0001:0001f440       _freevec_i1                00420440 f libf:memory.obj
 0001:0001f480       _freevec_i2                00420480 f libf:memory.obj
 0001:0001f4c0       _freevec_r                 004204c0 f libf:memory.obj
 0001:0001f500       _freevec_d                 00420500 f libf:memory.obj
 0001:0001f540       _freevec_c                 00420540 f libf:memory.obj
 0001:0001f580       _freevec_dc                00420580 f libf:memory.obj
 0001:0001f5c0       _freevec_l                 004205c0 f libf:memory.obj
 0001:0001f600       _freevec_l1                00420600 f libf:memory.obj
 0001:0001f640       _freevec_l2                00420640 f libf:memory.obj
 0001:0001f680       _freevec_ch                00420680 f libf:memory.obj
 0001:0001f6c0       _pAlloc                    004206c0 f libf:memory.obj
 0001:0001f700       _aAlloc                    00420700 f libf:memory.obj
 0001:0001f740       _pDeAlloc                  00420740 f libf:memory.obj
 0001:0001f860       _aaDeAlloc                 00420860 f libf:memory.obj
 0001:0001f8d0       __Allocate_s               004208d0 f libf:memory.obj
 0001:0001f920       __Deallocate_s             00420920 f libf:memory.obj
 0001:0001f960       __Allocate_a               00420960 f libf:memory.obj
 0001:0001fa20       __Allocate_ca              00420a20 f libf:memory.obj
 0001:0001faf0       __Deallocate_a             00420af0 f libf:memory.obj
 0001:0001fb60       __Deallocate_ca            00420b60 f libf:memory.obj
 0001:0001fbd0       _make_info                 00420bd0 f libf:memory.obj
 0001:0001fc50       __Allocate_i               00420c50 f libf:memory.obj
 0001:0001fd10       __check_Allocate_i         00420d10 f libf:memory.obj
 0001:0001fd60       __Deallocate_i             00420d60 f libf:memory.obj
 0001:0001fde0       __check_Alloc              00420de0 f libf:memory.obj
 0001:0001fe10       _assume_shape              00420e10 f libf:memory.obj
 0001:0001fe80       _assume_chshape            00420e80 f libf:memory.obj
 0001:0001fee0       _f90_close                 00420ee0 f libf:cclose.obj
 0001:0001ffc0       _lread_i                   00420fc0 f libf:clinput.obj
 0001:00020070       _lread_i1                  00421070 f libf:clinput.obj
 0001:00020120       _lread_i2                  00421120 f libf:clinput.obj
 0001:000201d0       _lread_d                   004211d0 f libf:clinput.obj
 0001:00020280       _lread_r                   00421280 f libf:clinput.obj
 0001:00020330       _lread_dc                  00421330 f libf:clinput.obj
 0001:000203e0       _lread_c                   004213e0 f libf:clinput.obj
 0001:00020490       _lread_l                   00421490 f libf:clinput.obj
 0001:00020540       _lread_l2                  00421540 f libf:clinput.obj
 0001:000205f0       _lread_l1                  004215f0 f libf:clinput.obj
 0001:000206a0       _lread_ch                  004216a0 f libf:clinput.obj
 0001:00020760       _lwrite_i                  00421760 f libf:cloutput.obj
 0001:00020780       _lwrite_i1                 00421780 f libf:cloutput.obj
 0001:000207a0       _lwrite_i2                 004217a0 f libf:cloutput.obj
 0001:000207c0       _lwrite_l                  004217c0 f libf:cloutput.obj
 0001:000207e0       _lwrite_l1                 004217e0 f libf:cloutput.obj
 0001:000207f0       _lwrite_l2                 004217f0 f libf:cloutput.obj
 0001:00020800       _lwrite_d                  00421800 f libf:cloutput.obj
 0001:00020820       _lwrite_r                  00421820 f libf:cloutput.obj
 0001:00020840       _lwrite_dc                 00421840 f libf:cloutput.obj
 0001:00020860       _lwrite_c                  00421860 f libf:cloutput.obj
 0001:00020880       _lwrite_ch                 00421880 f libf:cloutput.obj
 0001:000208c0       _lwrite_ch_save            004218c0 f libf:cloutput.obj
 0001:000208e0       _f90_read                  004218e0 f libf:cread.obj
 0001:00020b50       _f90_endread               00421b50 f libf:cread.obj
 0001:00020bb0       _f90_open                  00421bb0 f libf:copen.obj
 0001:00021490       __FIstrcpy@24              00422490 f libf:intrnchr.obj
 0001:00021500       __FIstraddr@16             00422500 f libf:intrnchr.obj
 0001:00021520       __FIstrcat                 00422520 f libf:intrnchr.obj
 0001:00021600       __FIpstrcat                00422600 f libf:intrnchr.obj
 0001:00021700       __FIdbgstrcpy@32           00422700 f libf:intrnchr.obj
 0001:00021760       __FIdbgstraddr@20          00422760 f libf:intrnchr.obj
 0001:000217a0       __FIdbgstrcat              004227a0 f libf:intrnchr.obj
 0001:00021920       __FIdbgpstrcat             00422920 f libf:intrnchr.obj
 0001:00021a60       __FIvaxstrcpy@24           00422a60 f libf:intrnchr.obj
 0001:00021ad0       __FIvaxstrcat              00422ad0 f libf:intrnchr.obj
 0001:00021bd0       __FIpcleanup@4             00422bd0 f libf:intrnchr.obj
 0001:00021be0       __FIclge@16                00422be0 f libf:intrnchr.obj
 0001:00021c10       __FIcleq@16                00422c10 f libf:intrnchr.obj
 0001:00021c40       __FIclne@16                00422c40 f libf:intrnchr.obj
 0001:00021c70       __FIclgt@16                00422c70 f libf:intrnchr.obj
 0001:00021ca0       __FIclle@16                00422ca0 f libf:intrnchr.obj
 0001:00021cd0       __FIcllt@16                00422cd0 f libf:intrnchr.obj
 0001:00021d00       _ccmp@16                   00422d00 f libf:intrnchr.obj
 0001:00021dd0       __FIindex@20               00422dd0 f libf:intrnchr.obj
 0001:00021f80       __FIlentrim@8              00422f80 f libf:intrnchr.obj
 0001:00021fa0       __FIscan@20                00422fa0 f libf:intrnchr.obj
 0001:000220b0       __FIverify@20              004230b0 f libf:intrnchr.obj
 0001:000221b0       __FIdbgarraysec            004231b0 f libf:intrnchr.obj
 0001:00022250       _init_random               00423250 f libf:random.obj
 0001:00022290       _random90                  00423290 f libf:random.obj
 0001:000222a0       _random_seed_size          004232a0 f libf:random.obj
 0001:000222b0       _put_random_seed           004232b0 f libf:random.obj
 0001:000222e0       _get_random_seed           004232e0 f libf:random.obj
 0001:00022310       _initialise_time_diff      00423310 f libf:date.obj
 0001:000223a0       _date_and_time             004233a0 f libf:date.obj
 0001:000226f0       _crash                     004236f0 f libf:errors.obj
 0001:00022740       _io_abort                  00423740 f libf:errors.obj
 0001:00022780       __FFsSTOP                  00423780 f libf:sstop.obj
 0001:000227d0       __FFalloc                  004237d0 f libf:alla.obj
 0001:000228a0       __FFdeall                  004238a0 f libf:alla.obj
 0001:00022940       __FIIfexp                  00423940 f libf:intrini.obj
 0001:0002296f       __FIItan                   0042396f f libf:intrini.obj
 0001:0002299e       __FIIlog                   0042399e f libf:intrini.obj
 0001:000229cf       __FIIalog10                004239cf f libf:intrini.obj
 0001:00022a00       __FIIacos                  00423a00 f libf:intrini.obj
 0001:00022a2f       __FIIcosh                  00423a2f f libf:intrini.obj
 0001:00022a5e       __FIIasin                  00423a5e f libf:intrini.obj
 0001:00022a8d       __FIIsinh                  00423a8d f libf:intrini.obj
 0001:00022abc       __FIIatan                  00423abc f libf:intrini.obj
 0001:00022aeb       __FIIatan2                 00423aeb f libf:intrini.obj
 0001:00022b1a       __FIItanh                  00423b1a f libf:intrini.obj
 0001:00022b63       __FIIcotan                 00423b63 f libf:intrini.obj
 0001:00022b92       __FIIexp                   00423b92 f libf:intrini.obj
 0001:00022bc1       __FIIamod                  00423bc1 f libf:intrini.obj
 0001:00022bf0       __FIIsign                  00423bf0 f libf:intrini.obj
 0001:00022c14       __FIIdim                   00423c14 f libf:intrini.obj
 0001:00022c3d       __FIIcpow                  00423c3d f libf:intrini.obj
 0001:00022cfb       __FIIcabs                  00423cfb f libf:intrini.obj
 0001:00022d65       __FIIccos                  00423d65 f libf:intrini.obj
 0001:00022db4       __FIIcsin                  00423db4 f libf:intrini.obj
 0001:00022e01       __FIIcexp                  00423e01 f libf:intrini.obj
 0001:00022e41       __FIIclog                  00423e41 f libf:intrini.obj
 0001:00022e87       __FIIcsqrt                 00423e87 f libf:intrini.obj
 0001:00022f20       ___FF_nrectmo@0            00423f20 f libf:nrectmo.obj
 0001:00022f80       ___FF_nrectmi@0            00423f80 f libf:nrectmi.obj
 0001:00023000       ___FF_nrecfso@0            00424000 f libf:nrecfso.obj
 0001:00023050       ___FF_nrecfsi@0            00424050 f libf:nrecfsi.obj
 0001:000230b0       ___FF_fmtout@4             004240b0 f libf:fmtout.obj
 0001:00023560       ___FF_enclong@12           00424560 f libf:wr.obj
 0001:00023630       __FFwr                     00424630 f libf:wr.obj
 0001:00023720       __FFwr2                    00424720 f libf:wr2.obj
 0001:00023780       ___FF_encflt@8             00424780 f libf:encflt.obj
 0001:00023b20       ___FF_nrecino@0            00424b20 f libf:nrecino.obj
 0001:00023b80       __matherr                  00424b80 f libf:matherr.obj
 0001:00024070       _GetFpArgs                 00425070 f libf:matherr.obj
 0001:000240f0       _SetFpReturn               004250f0 f libf:matherr.obj
 0001:00024180       ___FF_mputerr              00425180 f libf:matherr.obj
 0001:000245e0       _FixMathExceptions         004255e0 f libf:matherr.obj
 0001:00024610       _MathSignal                00425610 f libf:matherr.obj
 0001:00024650       _InIntrinsic               00425650 f libf:matherr.obj
 0001:00024660       _CheckGlobalDescSize       00425660 f libf:cdescr.obj
 0001:000246a0       _AddWordToGlobalDesc       004256a0 f libf:cdescr.obj
 0001:000246f0       _AddLongToGlobalDesc       004256f0 f libf:cdescr.obj
 0001:00024790       _AddRealToGlobalDesc       00425790 f libf:cdescr.obj
 0001:000247f0       _Add8BytesToGlobalDesc     004257f0 f libf:cdescr.obj
 0001:00024850       _AddComplexToGlobalDesc    00425850 f libf:cdescr.obj
 0001:000248c0       _AddDComplexToGlobalDesc   004258c0 f libf:cdescr.obj
 0001:00024940       _AddStringToGlobalDesc     00425940 f libf:cdescr.obj
 0001:000249e0       _AddReadPtrToGlobalDesc    004259e0 f libf:cdescr.obj
 0001:00024a40       _AddStrReadPtrToGlobalDesc 00425a40 f libf:cdescr.obj
 0001:00024aa0       _AddCmplxReadPtrToGlobalDesc 00425aa0 f libf:cdescr.obj
 0001:00024b00       _AddDCmplxReadPtrToGlobalDesc 00425b00 f libf:cdescr.obj
 0001:00024b60       _AddByteToDesc             00425b60 f libf:cdescr.obj
 0001:00024bd0       _AddStringToDesc           00425bd0 f libf:cdescr.obj
 0001:00024c40       _AddInqOpToGlobalDesc      00425c40 f libf:cdescr.obj
 0001:00024cf0       _AddInqOpToGlobalDesc2     00425cf0 f libf:cdescr.obj
 0001:00024d80       _AddInqOpToInquireDesc     00425d80 f libf:cdescr.obj
 0001:00024df0       _AddInqOpToInquireDesc2    00425df0 f libf:cdescr.obj
 0001:00024e60       _AddStringToGlobalList     00425e60 f libf:cdescr.obj
 0001:00024ed0       _FreeGlobalStringList      00425ed0 f libf:cdescr.obj
 0001:00024f10       _CheckIOinIO               00425f10 f libf:cdescr.obj
 0001:00024fd0       _FinishIOinIO              00425fd0 f libf:cdescr.obj
 0001:00025090       _f90_io_finish             00426090 f libf:cio.obj
 0001:000250a0       _cidata_match              004260a0 f libf:cio.obj
 0001:00025160       ___FF_getname@4            00426160 f libf:core.obj
 0001:000251d0       ___FF_xerrs@4              004261d0 f libf:core.obj
 0001:00025210       __FFend                    00426210 f libf:core.obj
 0001:00025390       __FFinit                   00426390 f libf:core.obj
 0001:000255f0       __FFinit_dll               004265f0 f libf:core.obj
 0001:00025760       ___FF_rmblanks@0           00426760 f libf:core.obj
 0001:000257b0       ___FFtk@12                 004267b0 f libf:core.obj
 0001:00025930       ___FFgn@0                  00426930 f libf:core.obj
 0001:00025940       ___FF_findrec@4            00426940 f libf:core.obj
 0001:000259d0       ___FFpu@4                  004269d0 f libf:core.obj
 0001:00025b40       ___FF_searchunit@4         00426b40 f libf:core.obj
 0001:00025c20       ___FF_findunit@4           00426c20 f libf:core.obj
 0001:00025c90       ___FF_isdevice@0           00426c90 f libf:core.obj
 0001:00025dc0       ___FF_searchfile@4         00426dc0 f libf:core.obj
 0001:00025ec0       ___FF_getfip@4             00426ec0 f libf:core.obj
 0001:00025f50       ___FFio@12                 00426f50 f libf:core.obj
 0001:00025fd0       ___FF_op@8                 00426fd0 f libf:core.obj
 0001:00026870       ___FF_werr@0               00427870 f libf:core.obj
 0001:000268b0       ___FF_flushbuf@8           004278b0 f libf:core.obj
 0001:00026a90       ___FF_chw2r@0              00427a90 f libf:core.obj
 0001:00026b10       ___FF_cl@12                00427b10 f libf:core.obj
 0001:00026d20       ___FF_freefcb@12           00427d20 f libf:core.obj
 0001:00026e00       ___FF_chtmod@0             00427e00 f libf:core.obj
 0001:00026e30       ___FF_oread@8              00427e30 f libf:core.obj
 0001:00026f40       ___FF_owrite@4             00427f40 f libf:core.obj
 0001:00026f70       ___FF_alloc@4              00427f70 f libf:core.obj
 0001:00026fa0       ___FF_getfcb@4             00427fa0 f libf:core.obj
 0001:00027010       ___FF_putds@8              00428010 f libf:core.obj
 0001:00027060       __FFStubFunc@0             00428060 f libf:core.obj
 0001:00027070       _IsWindows                 00428070 f libf:core.obj
 0001:000270b0       _InitNullP                 004280b0 f libf:core.obj
 0001:000270e0       _CheckNullP                004280e0 f libf:core.obj
 0001:00027110       _RError                    00428110 f libf:core.obj
 0001:00027160       _GetStackSize              00428160 f libf:core.obj
 0001:00027170       _GetHandleQQ               00428170 f libf:core.obj
 0001:00027190       __FFrd2                    00428190 f libf:rd2.obj
 0001:000271f0       ___FF_declong@4            004281f0 f libf:rd.obj
 0001:00027290       ___FF_login@0              00428290 f libf:rd.obj
 0001:000272f0       __FFrd                     004282f0 f libf:rd.obj
 0001:000273a0       __f90_updateeditdescs      004283a0 f libf:fmtcr.obj
 0001:000273d0       _gettok@0                  004283d0 f libf:fmtcr.obj
 0001:000274d0       _putint@4                  004284d0 f libf:fmtcr.obj
 0001:00027500       _copyint@0                 00428500 f libf:fmtcr.obj
 0001:00027540       __FFfmtcr                  00428540 f libf:fmtcr.obj
 0001:00027fb0       ___FF_puterr               00428fb0 f libf:puterr.obj
 0001:000283b0       ___FF_error                004293b0 f libf:puterr.obj
 0001:00028610       _F90Error                  00429610 f libf:cdreadu.obj
 0001:00028650       _f90_dreadu                00429650 f libf:cdreadu.obj
 0001:00028720       _f90_enddreadu             00429720 f libf:cdreadu.obj
 0001:00028770       _Alloc                     00429770 f libf:slowfit.obj
 0001:00028790       __DeAlloc                  00429790 f libf:slowfit.obj
 0001:000287a0       __ReAlloc_90               004297a0 f libf:slowfit.obj
 0001:000287e0       __FFcls                    004297e0 f libf:cls.obj
 0001:00028910       _f90_rewind                00429910 f libf:crewind.obj
 0001:000289d0       __FFopn                    004299d0 f libf:opn.obj
 0001:00028e00       ___FHvexpl@8               00429e00 f libf:helper.obj
 0001:00028e80       ___FHfexpl@8               00429e80 f libf:helper.obj
 0001:00028ec0       ___FHishal@8               00429ec0 f libf:helper.obj
 0001:00028f10       ___FHishll@8               00429f10 f libf:helper.obj
 0001:00028f50       ___FHlink@4                00429f50 f libf:helper.obj
 0001:00028f70       ___FHunlink@0              00429f70 f libf:helper.obj
 0001:00028f80       ___FHbigint@0              00429f80 f libf:helper.obj
 0001:00028fa0       ___FHranger@0              00429fa0 f libf:helper.obj
 0001:00028fc0       ___FHsranger@0             00429fc0 f libf:helper.obj
 0001:00028fe0       ___FHAGOTO@0               00429fe0 f libf:helper.obj
 0001:00028ff0       ___FHovfl@0                00429ff0 f libf:helper.obj
 0001:00029010       ___FHCASE@0                0042a010 f libf:helper.obj
 0001:00029030       ___Dollar_debug_unwind     0042a030 f libf:helper.obj
 0001:000291b0       ___FFgetseed               0042a1b0 f libf:irand.obj
 0001:000291c0       ___FFsetseed               0042a1c0 f libf:irand.obj
 0001:000291d0       ___FFresetseed             0042a1d0 f libf:irand.obj
 0001:000291e0       ___FFirand                 0042a1e0 f libf:irand.obj
 0001:00029250       ___FFfrand                 0042a250 f libf:irand.obj
 0001:00029270       ___FFdrand                 0042a270 f libf:irand.obj
 0001:00029290       ___FF_fillbuf@0            0042a290 f libf:fillbuf.obj
 0001:00029490       ___FF_getred@4             0042a490 f libf:getred.obj
 0001:00029c50       _stub0@0                   0042ac50 f libf:iodec2.obj
 0001:00029c53       _stub1@4                   0042ac53 f libf:iodec2.obj
 0001:00029c5c       _stub2@8                   0042ac5c f libf:iodec2.obj
 0001:00029c70       ___FF_putbin@8             0042ac70 f libf:putbin.obj
 0001:00029e30       ___FF_getlong@0            0042ae30 f libf:putbin.obj
 0001:00029ea0       ___FFgm@8                  0042aea0 f libf:getitem.obj
 0001:00029f90       ___FFgs@12                 0042af90 f libf:getitem.obj
 0001:00029fe0       _NumOccurences             0042afe0 f libf:getitem.obj
 0001:0002a020       ___FF_getitem@4            0042b020 f libf:getitem.obj
 0001:0002a2f0       ___FF_trunc@0              0042b2f0 f libf:trunc.obj
 0001:0002a370       ___FF_crkrw@0              0042b370 f libf:crkrw.obj
 0001:0002a6e0       __arndfstr                 0042b6e0 f libf:arndfstr.obj
 0001:0002a770       _MATHERRQQ@20              0042b770 f libf:mhandler.obj
 0001:0002a780       __FFwrite_lk               0042b780 f libf:ffwrite.obj
 0001:0002a7a0       __FFwrite                  0042b7a0 f libf:ffwrite.obj
 0001:0002a870       ___FF_dbgmsg@0             0042b870 f libf:dbgmsg.obj
 0001:0002a930       _FOCUSQQ@4                 0042b930 f libf:focus32.obj
 0001:0002a990       _INQFOCUSQQ@4              0042b990 f libf:focus32.obj
 0001:0002aa20       __unit2handle              0042ba20 f libf:focus32.obj
 0001:0002aa70       _GETHANDLEQQ@4             0042ba70 f libf:focus32.obj
 0001:0002aaa0       _GETUNITQQ@4               0042baa0 f libf:focus32.obj
 0001:0002aad0       _GETHWNDQQ@4               0042bad0 f libf:focus32.obj
 0001:0002ab10       __FFread                   0042bb10 f libf:ffread.obj
 0001:0002ac00       ___FF_cctl@4               0042bc00 f libf:cctl.obj
 0001:0002ac70       ___FF_strtol@8             0042bc70 f libf:fstrtol.obj
 0001:0002af00       ___FF_converchar@4         0042bf00 f libf:fstrtol.obj
 0001:0002af50       __FRerror@4                0042bf50 f libf:build.obj
 0001:0002b0a0       ___FF_ldin@4               0042c0a0 f libf:ldin.obj
 0001:0002b170       __FFuio                    0042c170 f libf:uio.obj
 0001:0002b450       ___FFgi@4                  0042c450 f libf:gi.obj
 0001:0002b4f0       __FFrew                    0042c4f0 f libf:rew.obj
 0001:0002b650       ___FF_nrecini@0            0042c650 f libf:nrecini.obj
 0001:0002b670       ___FF_nrecfdi@0            0042c670 f libf:nrecfdi.obj
 0001:0002b6e0       ___FF_nrecfdo@0            0042c6e0 f libf:nrecfdo.obj
 0001:0002b740       ___FF_ldout@4              0042c740 f libf:ldout.obj
 0001:0002b840       ___FF_nlout@4              0042c840 f libf:nlout.obj
 0001:0002b9e0       ___FF_getchn@0             0042c9e0 f libf:fmtin.obj
 0001:0002bb90       ___FF_fmtin@4              0042cb90 f libf:fmtin.obj
 0001:0002c0f0       ___FF_getbounds@8          0042d0f0 f libf:nlin.obj
 0001:0002c140       ___FF_nlin@4               0042d140 f libf:nlin.obj
 0001:0002c870       ___FF_getnum@0             0042d870 f libf:getnum.obj
 0001:0002cad0       ___FF_putbint@8            0042dad0 f libf:tab.obj
 0001:0002cca0       ___FF_inrepo@4             0042dca0 f libf:tab.obj
 0001:0002cdb0       ___FF_getnumt@0            0042ddb0 f libf:tab.obj
 0001:0002ce60       ___FF_getchnt@0            0042de60 f libf:tab.obj
 0001:0002cf00       ___FF_bini@4               0042df00 f libf:bini.obj
 0001:0002cfc0       ___FF_ufseqi@4             0042dfc0 f libf:ufseqi.obj
 0001:0002d180       ___FF_ufdiri@4             0042e180 f libf:ufdiri.obj
 0001:0002d290       ___FF_bino@4               0042e290 f libf:bino.obj
 0001:0002d3f0       ___FF_ufseqo@4             0042e3f0 f libf:ufseqo.obj
 0001:0002d600       ___FF_ufdiro@4             0042e600 f libf:ufdiro.obj
 0001:0002d6d0       ___FF_decflt@8             0042e6d0 f libf:decflt.obj
 0001:0002d7c0       ___FF_hex@0                0042e7c0 f libf:hex.obj
 0001:0002dc40       ___FF_bin@0                0042ec40 f libf:hex.obj
 0001:0002df20       ___FF_oct@0                0042ef20 f libf:hex.obj
 0001:0002e230       ___FF_input@0              0042f230 f libf:input.obj
 0001:0002e750       ___FF_output@0             0042f750 f libf:output.obj
 0001:0002e9f0       ___FF_intin@4              0042f9f0 f libf:intin.obj
 0001:0002ea60       ___FF_getu_item@0          0042fa60 f libf:ugi.obj
 0001:0002ead0       _f90_readn                 0042fad0 f libf:creadn.obj
 0001:0002f810       _insync_namelist           00430810 f libf:creadn.obj
 0001:0002f820       _outsync_namelist          00430820 f libf:creadn.obj
 0001:0002fdc0       __fpmath                   00430dc0 f libc:fpinit.obj
 0001:0002fde0       __fpclear                  00430de0 f libc:fpinit.obj
 0001:0002fdf0       __cfltcvt_init             00430df0 f libc:fpinit.obj
 0001:0002fe30       ___setfflag                00430e30 f libc:fpinit.obj
 0001:0002fe40       __ftol                     00430e40 f libc:ftol.obj
 0001:0002fe70       _mainCRTStartup            00430e70 f libc:crt0.obj
 0001:0002ff80       __amsg_exit                00430f80 f libc:crt0.obj
 0001:0002ffb0       _sin                       00430fb0 f libc:87ctrig.obj
 0001:0002ffba       _cos                       00430fba f libc:87ctrig.obj
 0001:0002ffc1       _tan                       00430fc1 f libc:87ctrig.obj
 0001:0002ffc8       __CIsin                    00430fc8 f libc:87ctrig.obj
 0001:0002ffd2       __CIcos                    00430fd2 f libc:87ctrig.obj
 0001:0002ffd9       __CItan                    00430fd9 f libc:87ctrig.obj
 0001:0002ffe0       _sqrt                      00430fe0 f libc:87csqrt.obj
 0001:0002ffea       __CIsqrt                   00430fea f libc:87csqrt.obj
 0001:00030000       _asin                      00431000 f libc:87ctriga.obj
 0001:0003000a       _acos                      0043100a f libc:87ctriga.obj
 0001:00030011       _atan                      00431011 f libc:87ctriga.obj
 0001:00030018       _atan2                     00431018 f libc:87ctriga.obj
 0001:00030022       __CIasin                   00431022 f libc:87ctriga.obj
 0001:0003002c       __CIacos                   0043102c f libc:87ctriga.obj
 0001:00030033       __CIatan                   00431033 f libc:87ctriga.obj
 0001:0003003a       __CIatan2                  0043103a f libc:87ctriga.obj
 0001:00030050       _pow                       00431050 f libc:87ctran.obj
 0001:0003005a       _log                       0043105a f libc:87ctran.obj
 0001:00030064       _log10                     00431064 f libc:87ctran.obj
 0001:0003006b       _exp                       0043106b f libc:87ctran.obj
 0001:00030072       __CIpow                    00431072 f libc:87ctran.obj
 0001:0003007c       __CIlog                    0043107c f libc:87ctran.obj
 0001:00030086       __CIlog10                  00431086 f libc:87ctran.obj
 0001:0003008d       __CIexp                    0043108d f libc:87ctran.obj
 0001:000300a0       _sinh                      004310a0 f libc:87ctrigh.obj
 0001:000300aa       _cosh                      004310aa f libc:87ctrigh.obj
 0001:000300b1       _tanh                      004310b1 f libc:87ctrigh.obj
 0001:000300b8       __CIsinh                   004310b8 f libc:87ctrigh.obj
 0001:000300c2       __CIcosh                   004310c2 f libc:87ctrigh.obj
 0001:000300c9       __CItanh                   004310c9 f libc:87ctrigh.obj
 0001:000300d0       _fmod                      004310d0 f libc:87fmod.obj
 0001:000300da       __CIfmod                   004310da f libc:87fmod.obj
 0001:00030104       __setjmp3                  00431104 f libc:setjmp3.obj
 0001:00030180       __alloca_probe             00431180   libc:chkstk.obj
 0001:00030180       __chkstk                   00431180   libc:chkstk.obj
 0001:000301b0       _memmove                   004311b0 f libc:memmove.obj
 0001:00030300       _malloc                    00431300 f libc:malloc.obj
 0001:00030320       __nh_malloc                00431320 f libc:malloc.obj
 0001:00030360       __heap_alloc               00431360 f libc:malloc.obj
 0001:00030380       _free                      00431380 f libc:free.obj
 0001:000303a0       _realloc                   004313a0 f libc:realloc.obj
 0001:00030410       _memchr                    00431410 f libc:memchr.obj
 0001:000304c0       _printf                    004314c0 f libc:printf.obj
 0001:00030500       _clock                     00431500 f libc:clock.obj
 0001:00030540       ___inittime                00431540 f libc:clock.obj
 0001:00030550       _time                      00431550 f libc:time.obj
 0001:000305b0       _localtime                 004315b0 f libc:localtim.obj
 0001:00030760       _gmtime                    00431760 f libc:gmtime.obj
 0001:000308b0       _strncpy                   004318b0 f libc:strncpy.obj
 0001:000308e0       _sprintf                   004318e0 f libc:sprintf.obj
 0001:00030950       __ftime                    00431950 f libc:ftime.obj
 0001:00030a00       _abort                     00431a00 f libc:abort.obj
 0001:00030a20       _fputs                     00431a20 f libc:fputs.obj
 0001:00030a80       ___initstdio               00431a80 f libc:_file.obj
 0001:00030b50       ___endstdio                00431b50 f libc:_file.obj
 0001:00030b70       _vfprintf                  00431b70 f libc:vfprintf.obj
 0001:00030bb0       __cinit                    00431bb0 f libc:crt0dat.obj
 0001:00030be0       _exit                      00431be0 f libc:crt0dat.obj
 0001:00030c00       __exit                     00431c00 f libc:crt0dat.obj
 0001:00030c20       __cexit                    00431c20 f libc:crt0dat.obj
 0001:00030c30       __c_exit                   00431c30 f libc:crt0dat.obj
 0001:00030ce0       __isatty                   00431ce0 f libc:isatty.obj
 0001:00030d10       __itoa                     00431d10 f libc:xtoa.obj
 0001:00030db0       __ltoa                     00431db0 f libc:xtoa.obj
 0001:00030de0       __ultoa                    00431de0 f libc:xtoa.obj
 0001:00030e00       __fltout                   00431e00 f libc:cfout.obj
 0001:00030e70       ___dtold                   00431e70 f libc:cfout.obj
 0001:00030f30       _strncmp                   00431f30 f libc:strncmp.obj
 0001:00030f70       _signal                    00431f70 f libc:winsig.obj
 0001:00031120       _raise                     00432120 f libc:winsig.obj
 0001:000312f0       __toupper                  004322f0 f libc:toupper.obj
 0001:00031300       _toupper                   00432300 f libc:toupper.obj
 0001:000313f0       __isctype                  004323f0 f libc:isctype.obj
 0001:00031490       __onexit                   00432490 f libc:onexit.obj
 0001:00031510       _atexit                    00432510 f libc:onexit.obj
 0001:00031530       ___onexitinit              00432530 f libc:onexit.obj
 0001:00031570       __open                     00432570 f libc:open.obj
 0001:00031590       __sopen                    00432590 f libc:open.obj
 0001:000319b0       __FF_MSGBANNER             004329b0 f libc:crt0msg.obj
 0001:000319f0       __NMSG_WRITE               004329f0 f libc:crt0msg.obj
 0001:00031be0       __GET_RTERRMSG             00432be0 f libc:crt0msg.obj
 0001:00031c20       __lseek                    00432c20 f libc:lseek.obj
 0001:00031ce0       __strcmpi                  00432ce0   libc:stricmp.obj
 0001:00031ce0       __stricmp                  00432ce0 f libc:stricmp.obj
 0001:00031d70       __alloc_osfhnd             00432d70 f libc:osfinfo.obj
 0001:00031e30       __set_osfhnd               00432e30 f libc:osfinfo.obj
 0001:00031ee0       __free_osfhnd              00432ee0 f libc:osfinfo.obj
 0001:00031f70       __get_osfhandle            00432f70 f libc:osfinfo.obj
 0001:00031fc0       __open_osfhandle           00432fc0 f libc:osfinfo.obj
 0001:00032070       _remove                    00433070 f libc:unlink.obj
 0001:000320a0       __unlink                   004330a0 f libc:unlink.obj
 0001:000320b0       __access                   004330b0 f libc:access.obj
 0001:00032100       __close                    00433100 f libc:close.obj
 0001:000321d0       __write                    004331d0 f libc:write.obj
 0001:000323fc       _longjmp                   004333fc f libc:longjmp.obj
 0001:00032480       _vsprintf                  00433480 f libc:vsprintf.obj
 0001:000324f0       __mktemp                   004334f0 f libc:mktemp.obj
 0001:000325d0       _strchr                    004335d0 f libc:strchr.obj
 0001:000325f0       __chsize                   004335f0 f libc:chsize.obj
 0001:00032760       __setmode                  00433760 f libc:setmode.obj
 0001:000327e0       __read                     004337e0 f libc:read.obj
 0001:00032a50       __tolower                  00433a50 f libc:tolower.obj
 0001:00032a60       _tolower                   00433a60 f libc:tolower.obj
 0001:00032b50       __tell                     00433b50 f libc:tell.obj
 0001:00032b70       _strstr                    00433b70 f libc:strstr.obj
 0001:00032bb0       _strcspn                   00433bb0 f libc:strcspn.obj
 0001:00032bf0       __fltinf                   00433bf0 f libc:fltinf.obj
 0001:00032cc0       __setdefaultprecision      00433cc0 f libc:fp8.obj
 0001:00032ce0       __ms_p5_test_fdiv          00433ce0 f libc:testfdiv.obj
 0001:00032d30       __ms_p5_mp_test_fdiv       00433d30 f libc:testfdiv.obj
 0001:00032e50       __forcdecpt                00433e50 f libc:cvt.obj
 0001:00032ec0       __cropzeros                00433ec0 f libc:cvt.obj
 0001:00032f20       __positive                 00433f20 f libc:cvt.obj
 0001:00032f40       __fassign                  00433f40 f libc:cvt.obj
 0001:00032f90       __cftoe                    00433f90 f libc:cvt.obj
 0001:000330d0       __cftof                    004340d0 f libc:cvt.obj
 0001:000331d0       __cftog                    004341d0 f libc:cvt.obj
 0001:000332e0       __cfltcvt                  004342e0 f libc:cvt.obj
 0001:0003337c       __global_unwind2           0043437c f libc:exsup.obj
 0001:000333be       __local_unwind2            004343be f libc:exsup.obj
 0001:00033416       __NLG_Return2              00434416   libc:exsup.obj
 0001:00033426       __abnormal_termination     00434426 f libc:exsup.obj
 0001:00033449       __NLG_Notify1              00434449 f libc:exsup.obj
 0001:00033452       __NLG_Notify               00434452 f libc:exsup.obj
 0001:00033465       __NLG_Dispatch             00434465   libc:exsup.obj
 0001:00033470       __XcptFilter               00434470 f libc:winxfltr.obj
 0001:00033600       __setenvp                  00434600 f libc:stdenvp.obj
 0001:000336e0       __setargv                  004346e0 f libc:stdargv.obj
 0001:00033960       ___crtGetEnvironmentStringsW 00434960 f libc:aw_env.obj
 0001:00033b60       ___crtGetEnvironmentStringsA 00434b60 f libc:aw_env.obj
 0001:00033d00       __setmbcp                  00434d00 f libc:mbctype.obj
 0001:00033fc0       __getmbcp                  00434fc0 f libc:mbctype.obj
 0001:00033fd0       ___initmbctable            00434fd0 f libc:mbctype.obj
 0001:00033fe0       __ioinit                   00434fe0 f libc:ioinit.obj
 0001:000341c0       __ioterm                   004351c0 f libc:ioinit.obj
 0001:000341f0       __heap_init                004351f0 f libc:heapinit.obj
 0001:00034210       __heap_term                00435210 f libc:heapinit.obj
 0001:00034228       __except_handler3          00435228 f libc:exsup3.obj
 0001:000342e5       __seh_longjmp_unwind@4     004352e5 f libc:exsup3.obj
 0001:00034300       __fFCOS                    00435300   libc:87trig.obj
 0001:0003430a       __fFSIN                    0043530a   libc:87trig.obj
 0001:00034330       __cintrindisp2             00435330 f libc:87cdisp.obj
 0001:0003436e       __cintrindisp1             0043536e f libc:87cdisp.obj
 0001:000343a4       __ctrandisp2               004353a4 f libc:87cdisp.obj
 0001:00034515       __ctrandisp1               00435515 f libc:87cdisp.obj
 0001:00034541       __fload                    00435541 f libc:87cdisp.obj
 0001:000345bc       __fFATN2                   004355bc   libc:87triga.obj
 0001:0003460c       __rtpiby2                  0043560c   libc:87triga.obj
 0001:00034661       __fFEXP                    00435661   libc:87tran.obj
 0001:000346c8       __rtinfpopse               004356c8   libc:87tran.obj
 0001:000346ca       __rtinfnpopse              004356ca   libc:87tran.obj
 0001:000346da       __fFLN                     004356da   libc:87tran.obj
 0001:0003478f       __rtinfpop                 0043578f   libc:87tran.obj
 0001:00034791       __rtinfnpop                00435791   libc:87tran.obj
 0001:000347ae       __ffexpm1                  004357ae   libc:87tran.obj
 0001:00034860       __fFSINH                   00435860   libc:87trigh.obj
 0001:000348b2       __fFCOSH                   004358b2   libc:87trigh.obj
 0001:00034960       __trandisp1                00435960 f libc:87disp.obj
 0001:000349c7       __trandisp2                004359c7 f libc:87disp.obj
 0001:00034a53       __rttospopde               00435a53   libc:87disp.obj
 0001:00034a58       __rttospop                 00435a58   libc:87disp.obj
 0001:00034a5a       __rtnospop                 00435a5a   libc:87disp.obj
 0001:00034a5c       __rttosnpop                00435a5c   libc:87disp.obj
 0001:00034a5d       __rtnospopde               00435a5d   libc:87disp.obj
 0001:00034a64       __rtzeropop                00435a64   libc:87disp.obj
 0001:00034a66       __rtzeronpop               00435a66   libc:87disp.obj
 0001:00034a6b       __rtonepop                 00435a6b   libc:87disp.obj
 0001:00034a6d       __rtonenpop                00435a6d   libc:87disp.obj
 0001:00034a72       __tosnan1                  00435a72   libc:87disp.obj
 0001:00034a9d       __nosnan2                  00435a9d   libc:87disp.obj
 0001:00034a9f       __tosnan2                  00435a9f   libc:87disp.obj
 0001:00034ac7       __nan2                     00435ac7   libc:87disp.obj
 0001:00034b06       __rtindfpop                00435b06   libc:87disp.obj
 0001:00034b08       __rtindfnpop               00435b08   libc:87disp.obj
 0001:00034b19       __rttosnpopde              00435b19   libc:87disp.obj
 0001:00034b23       __rtchsifneg               00435b23   libc:87disp.obj
 0001:00034b30       _fdiv_main_routine         00435b30 f libc:adj_fdiv.obj
 0001:00034c47       __adj_fdiv_r               00435c47 f libc:adj_fdiv.obj
 0001:000350e6       __fdivp_sti_st             004360e6 f libc:adj_fdiv.obj
 0001:000350f9       __fdivrp_sti_st            004360f9 f libc:adj_fdiv.obj
 0001:0003510c       __adj_fdiv_m32             0043610c f libc:adj_fdiv.obj
 0001:00035158       __adj_fdiv_m64             00436158 f libc:adj_fdiv.obj
 0001:000351a4       __adj_fdiv_m16i            004361a4 f libc:adj_fdiv.obj
 0001:000351d8       __adj_fdiv_m32i            004361d8 f libc:adj_fdiv.obj
 0001:0003520c       __adj_fdivr_m32            0043620c f libc:adj_fdiv.obj
 0001:00035258       __adj_fdivr_m64            00436258 f libc:adj_fdiv.obj
 0001:000352a4       __adj_fdivr_m16i           004362a4 f libc:adj_fdiv.obj
 0001:000352d8       __adj_fdivr_m32i           004362d8 f libc:adj_fdiv.obj
 0001:0003530c       __safe_fdiv                0043630c f libc:adj_fdiv.obj
 0001:00035321       __safe_fdivr               00436321 f libc:adj_fdiv.obj
 0001:00035336       __fprem_common             00436336 f libc:adj_fdiv.obj
 0001:0003553c       __adj_fprem                0043653c f libc:adj_fdiv.obj
 0001:000355ee       __fprem1_common            004365ee f libc:adj_fdiv.obj
 0001:000357f4       __adj_fprem1               004367f4 f libc:adj_fdiv.obj
 0001:000358a9       __safe_fprem               004368a9 f libc:adj_fdiv.obj
 0001:000358af       __safe_fprem1              004368af f libc:adj_fdiv.obj
 0001:000358b5       __adj_fpatan               004368b5 f libc:adj_fdiv.obj
 0001:000358b8       __adj_fptan                004368b8 f libc:adj_fdiv.obj
 0001:000358c0       ?_set_new_handler@@YAP6AHI@ZP6AHI@Z@Z 004368c0 f libc:handler.obj
 0001:000358d0       ?_query_new_handler@@YAP6AHI@ZXZ 004368d0 f libc:handler.obj
 0001:000358e0       ?set_new_handler@@YAP6AXXZP6AXXZ@Z 004368e0 f libc:handler.obj
 0001:00035910       __callnewh                 00436910 f libc:handler.obj
 0001:00035940       __stbuf                    00436940 f libc:_sftbuf.obj
 0001:000359e0       __ftbuf                    004369e0 f libc:_sftbuf.obj
 0001:00035a30       __output                   00436a30 f libc:output.obj
 0001:00036520       ___loctotime_t             00437520 f libc:dtoxtime.obj
 0001:00036600       ___tzset                   00437600 f libc:tzset.obj
 0001:00036620       __tzset                    00437620 f libc:tzset.obj
 0001:00036860       __isindst                  00437860 f libc:tzset.obj
 0001:00036930       __flsbuf                   00437930 f libc:_flsbuf.obj
 0001:00036a80       _mktime                    00437a80 f libc:mktime.obj
 0001:00036a90       __mkgmtime                 00437a90 f libc:mktime.obj
 0001:00036d00       _fwrite                    00437d00 f libc:fwrite.obj
 0001:00036e80       _calloc                    00437e80 f libc:calloc.obj
 0001:00036ee0       __fcloseall                00437ee0 f libc:closeall.obj
 0001:00036f60       _fflush                    00437f60 f libc:fflush.obj
 0001:00036fb0       __flush                    00437fb0 f libc:fflush.obj
 0001:00037020       __flushall                 00438020 f libc:fflush.obj
 0001:000370a0       _$I10_OUTPUT               004380a0 f libc:x10fout.obj
 0001:00037440       ___crtLCMapStringW         00438440 f libc:aw_map.obj
 0001:00037690       ___crtLCMapStringA         00438690 f libc:aw_map.obj
 0001:000378f0       ___crtGetStringTypeW       004388f0 f libc:aw_str.obj
 0001:00037ab0       ___crtGetStringTypeA       00438ab0 f libc:aw_str.obj
 0001:00037be0       __msize                    00438be0 f libc:msize.obj
 0001:00037c00       __dosmaperr                00438c00 f libc:dosmap.obj
 0001:00037c70       ___crtMessageBoxA          00438c70 f libc:crtmbox.obj
 0001:00037d10       __rt_probe_read4@4         00438d10 f libc:sehsupp.obj
 0001:00037d90       __ismbstrail               00438d90 f libc:ismbstr.obj
 0001:00037df0       __getpid                   00438df0 f libc:getpid.obj
 0001:00037e00       __ZeroTail                 00438e00 f libc:intrncvt.obj
 0001:00037e70       __IncMan                   00438e70 f libc:intrncvt.obj
 0001:00037ee0       __RoundMan                 00438ee0 f libc:intrncvt.obj
 0001:00037f90       __CopyMan                  00438f90 f libc:intrncvt.obj
 0001:00037fb0       __FillZeroMan              00438fb0 f libc:intrncvt.obj
 0001:00037fc0       __IsZeroMan                00438fc0 f libc:intrncvt.obj
 0001:00037fe0       __ShrMan                   00438fe0 f libc:intrncvt.obj
 0001:00038090       __ld12cvt                  00439090 f libc:intrncvt.obj
 0001:00038260       __ld12tod                  00439260 f libc:intrncvt.obj
 0001:00038280       __ld12tof                  00439280 f libc:intrncvt.obj
 0001:000382a0       __ld12told                 004392a0 f libc:intrncvt.obj
 0001:00038330       __atodbl                   00439330 f libc:intrncvt.obj
 0001:00038370       __atoldbl                  00439370 f libc:intrncvt.obj
 0001:000383b0       __atoflt                   004393b0 f libc:intrncvt.obj
 0001:000383f0       ___strgtold12              004393f0 f libc:strgtold.obj
 0001:00038b40       ___STRINGTOLD              00439b40 f libc:strgtold.obj
 0001:00038b90       __statusfp                 00439b90 f libc:ieee87.obj
 0001:00038bb0       __clearfp                  00439bb0 f libc:ieee87.obj
 0001:00038bd0       __control87                00439bd0 f libc:ieee87.obj
 0001:00038c10       __controlfp                00439c10 f libc:ieee87.obj
 0001:00038c30       __fpreset                  00439c30 f libc:ieee87.obj
 0001:00038de0       __fptrap                   00439de0 f libc:crt0fp.obj
 0001:00038df0       __fptostr                  00439df0 f libc:_fptostr.obj
 0001:00038e80       _wcslen                    00439e80 f libc:wcslen.obj
 0001:00038ea0       __87except                 00439ea0 f libc:87except.obj
 0001:00038fc0       __powhlp                   00439fc0 f libc:powhlp.obj
 0001:00039210       __d_inttype                0043a210 f libc:powhlp.obj
 0001:00039290       __assert                   0043a290 f libc:assert.obj
 0001:000397e0       _wctomb                    0043a7e0 f libc:wctomb.obj
 0001:00039880       __aulldiv                  0043a880 f libc:ulldiv.obj
 0001:000398f0       __aullrem                  0043a8f0 f libc:ullrem.obj
 0001:00039970       _atol                      0043a970 f libc:atox.obj
 0001:00039a20       _atoi                      0043aa20 f libc:atox.obj
 0001:00039a30       _getenv                    0043aa30 f libc:getenv.obj
 0001:00039ad0       __getbuf                   0043aad0 f libc:_getbuf.obj
 0001:00039b20       _fclose                    0043ab20 f libc:fclose.obj
 0001:00039b90       __commit                   0043ab90 f libc:commit.obj
 0001:00039c00       ___addl                    0043ac00 f libc:mantold.obj
 0001:00039c30       ___add_12                  0043ac30 f libc:mantold.obj
 0001:00039ca0       ___shl_12                  0043aca0 f libc:mantold.obj
 0001:00039ce0       ___shr_12                  0043ace0 f libc:mantold.obj
 0001:00039d20       ___mtold12                 0043ad20 f libc:mantold.obj
 0001:00039e10       ___ld12mul                 0043ae10 f libc:tenpow.obj
 0001:0003a0c0       ___multtenpow12            0043b0c0 f libc:tenpow.obj
 0001:0003a140       __handle_qnan1             0043b140 f libc:fpexcept.obj
 0001:0003a190       __handle_qnan2             0043b190 f libc:fpexcept.obj
 0001:0003a200       __except1                  0043b200 f libc:fpexcept.obj
 0001:0003a2c0       __except2                  0043b2c0 f libc:fpexcept.obj
 0001:0003a3b0       __raise_exc                0043b3b0 f libc:fpexcept.obj
 0001:0003a720       __handle_exc               0043b720 f libc:fpexcept.obj
 0001:0003a9e0       __umatherr                 0043b9e0 f libc:fpexcept.obj
 0001:0003aa90       __set_errno                0043ba90 f libc:fpexcept.obj
 0001:0003aaf0       __errcode                  0043baf0 f libc:fpexcept.obj
 0001:0003ab30       __statfp                   0043bb30 f libc:fpctrl.obj
 0001:0003ab50       __clrfp                    0043bb50 f libc:fpctrl.obj
 0001:0003ab70       __ctrlfp                   0043bb70 f libc:fpctrl.obj
 0001:0003abb0       __set_statfp               0043bbb0 f libc:fpctrl.obj
 0001:0003ac10       __set_exp                  0043bc10 f libc:util.obj
 0001:0003ac50       __get_exp                  0043bc50 f libc:util.obj
 0001:0003ac70       __add_exp                  0043bc70 f libc:util.obj
 0001:0003aca0       __set_bexp                 0043bca0 f libc:util.obj
 0001:0003ace0       __sptype                   0043bce0 f libc:util.obj
 0001:0003ad50       __decomp                   0043bd50 f libc:util.obj
 0001:0003ae40       __frnd                     0043be40 f libc:frnd.obj
 0001:0003ae60       __copysign                 0043be60 f libc:ieeemisc.obj
 0001:0003ae90       __chgsign                  0043be90 f libc:ieeemisc.obj
 0001:0003aeb0       __scalb                    0043beb0 f libc:ieeemisc.obj
 0001:0003aed0       __logb                     0043bed0 f libc:ieeemisc.obj
 0001:0003aff0       __nextafter                0043bff0 f libc:ieeemisc.obj
 0001:0003b300       __finite                   0043c300 f libc:ieeemisc.obj
 0001:0003b320       __isnan                    0043c320 f libc:ieeemisc.obj
 0001:0003b350       __fpclass                  0043c350 f libc:ieeemisc.obj
 0001:0003b400       _fprintf                   0043c400 f libc:fprintf.obj
 0001:0003b440       _setvbuf                   0043c440 f libc:setvbuf.obj
 0001:0003b500       _strncat                   0043c500 f libc:strncat.obj
 0001:0003b540       __mbsnbicoll               0043c540 f libc:mbsnbico.obj
 0001:0003b580       ___wtomb_environ           0043c580 f libc:wtombenv.obj
 0001:0003b610       __freebuf                  0043c610 f libc:_freebuf.obj
 0001:0003b650       _ldexp                     0043c650 f libc:ldexp.obj
 0001:0003b8d0       ___crtCompareStringW       0043c8d0 f libc:aw_cmp.obj
 0001:0003bb50       ___crtCompareStringA       0043cb50 f libc:aw_cmp.obj
 0001:0003be70       ___crtsetenv               0043ce70 f libc:setenv.obj
 0001:0003c1a0       __mbschr                   0043d1a0 f libc:mbschr.obj
 0001:0003c230       __strdup                   0043d230 f libc:strdup.obj
 0001:0003c260       _strlen                    0043d260 f libc:strlen.obj
 0001:0003c2e0       _strcpy                    0043d2e0 f libc:strcat.obj
 0001:0003c2e8       _strcat                    0043d2e8 f libc:strcat.obj
 0001:0003c3d0       _TIMEF                     0043d3d0 f portlib:timef.obj
 0001:0003c3d0       _TIMEF@0                   0043d3d0 f portlib:timef.obj
 0001:0003c4ac       _GetCommandLineA@0         0043d4ac f kernel32:KERNEL32.dll
 0001:0003c4b2       _GetACP@0                  0043d4b2 f kernel32:KERNEL32.dll
 0001:0003c4b8       _GetVersion@0              0043d4b8 f kernel32:KERNEL32.dll
 0001:0003c4be       _SetHandleCount@4          0043d4be f kernel32:KERNEL32.dll
 0001:0003c4c4       _GetFileInformationByHandle@8 0043d4c4 f kernel32:KERNEL32.dll
 0001:0003c4ca       _CloseHandle@4             0043d4ca f kernel32:KERNEL32.dll
 0001:0003c4d0       _CreateFileA@28            0043d4d0 f kernel32:KERNEL32.dll
 0001:0003c4d6       _HeapAlloc@12              0043d4d6 f kernel32:KERNEL32.dll
 0001:0003c4dc       _HeapFree@12               0043d4dc f kernel32:KERNEL32.dll
 0001:0003c4e2       _HeapReAlloc@16            0043d4e2 f kernel32:KERNEL32.dll
 0001:0003c4e8       _GetLocalTime@4            0043d4e8 f kernel32:KERNEL32.dll
 0001:0003c4ee       _ExitProcess@4             0043d4ee f kernel32:KERNEL32.dll
 0001:0003c4f4       _GetLastError@0            0043d4f4 f kernel32:KERNEL32.dll
 0001:0003c4fa       _SetConsoleCtrlHandler@8   0043d4fa f kernel32:KERNEL32.dll
 0001:0003c500       _GetFileType@4             0043d500 f kernel32:KERNEL32.dll
 0001:0003c506       _WriteFile@20              0043d506 f kernel32:KERNEL32.dll
 0001:0003c50c       _GetStdHandle@4            0043d50c f kernel32:KERNEL32.dll
 0001:0003c512       _GetModuleFileNameA@12     0043d512 f kernel32:KERNEL32.dll
 0001:0003c518       _SetFilePointer@16         0043d518 f kernel32:KERNEL32.dll
 0001:0003c51e       _SetStdHandle@8            0043d51e f kernel32:KERNEL32.dll
 0001:0003c524       _DeleteFileA@4             0043d524 f kernel32:KERNEL32.dll
 0001:0003c52a       _GetFileAttributesA@4      0043d52a f kernel32:KERNEL32.dll
 0001:0003c530       _SetEndOfFile@4            0043d530 f kernel32:KERNEL32.dll
 0001:0003c536       _ReadFile@20               0043d536 f kernel32:KERNEL32.dll
 0001:0003c53c       _GetProcAddress@8          0043d53c f kernel32:KERNEL32.dll
 0001:0003c542       _LoadLibraryA@4            0043d542 f kernel32:KERNEL32.dll
 0001:0003c548       _RtlUnwind@16              0043d548 f kernel32:KERNEL32.dll
 0001:0003c54e       _UnhandledExceptionFilter@4 0043d54e f kernel32:KERNEL32.dll
 0001:0003c554       _FreeEnvironmentStringsA@4 0043d554 f kernel32:KERNEL32.dll
 0001:0003c55a       _MultiByteToWideChar@24    0043d55a f kernel32:KERNEL32.dll
 0001:0003c560       _GetEnvironmentStrings@0   0043d560 f kernel32:KERNEL32.dll
 0001:0003c566       _FreeEnvironmentStringsW@4 0043d566 f kernel32:KERNEL32.dll
 0001:0003c56c       _GetEnvironmentStringsW@0  0043d56c f kernel32:KERNEL32.dll
 0001:0003c572       _WideCharToMultiByte@32    0043d572 f kernel32:KERNEL32.dll
 0001:0003c578       _GetCPInfo@8               0043d578 f kernel32:KERNEL32.dll
 0001:0003c57e       _GetOEMCP@0                0043d57e f kernel32:KERNEL32.dll
 0001:0003c584       _GetStartupInfoA@4         0043d584 f kernel32:KERNEL32.dll
 0001:0003c58a       _HeapCreate@12             0043d58a f kernel32:KERNEL32.dll
 0001:0003c590       _HeapDestroy@4             0043d590 f kernel32:KERNEL32.dll
 0001:0003c596       _GetTimeZoneInformation@4  0043d596 f kernel32:KERNEL32.dll
 0001:0003c59c       _LCMapStringA@24           0043d59c f kernel32:KERNEL32.dll
 0001:0003c5a2       _LCMapStringW@24           0043d5a2 f kernel32:KERNEL32.dll
 0001:0003c5a8       _GetStringTypeA@20         0043d5a8 f kernel32:KERNEL32.dll
 0001:0003c5ae       _GetStringTypeW@16         0043d5ae f kernel32:KERNEL32.dll
 0001:0003c5b4       _HeapSize@12               0043d5b4 f kernel32:KERNEL32.dll
 0001:0003c5ba       _GetCurrentProcessId@0     0043d5ba f kernel32:KERNEL32.dll
 0001:0003c5c0       _FlushFileBuffers@4        0043d5c0 f kernel32:KERNEL32.dll
 0001:0003c5c6       _RaiseException@16         0043d5c6 f kernel32:KERNEL32.dll
 0001:0003c5cc       _CompareStringA@24         0043d5cc f kernel32:KERNEL32.dll
 0001:0003c5d2       _CompareStringW@24         0043d5d2 f kernel32:KERNEL32.dll
 0001:0003c5d8       _SetEnvironmentVariableA@8 0043d5d8 f kernel32:KERNEL32.dll
 0001:0003c5de       _LeaveCriticalSection@4    0043d5de f kernel32:KERNEL32.dll
 0001:0003c5e4       _EnterCriticalSection@4    0043d5e4 f kernel32:KERNEL32.dll
 0001:0003c5ea       _SystemTimeToFileTime@8    0043d5ea f kernel32:KERNEL32.dll
 0001:0003c5f0       _GetSystemTime@4           0043d5f0 f kernel32:KERNEL32.dll
 0001:0003c5f6       _InitializeCriticalSection@4 0043d5f6 f kernel32:KERNEL32.dll
 0001:0003c600       __QWINGethWnd              0043d600 f console:console.obj
 0001:0003c620       __QWINTGethFrame           0043d620 f console:console.obj
 0001:0003c640       __QWINGetFocus             0043d640 f console:console.obj
 0001:0003c660       __QWINGetDefaultWindow     0043d660 f console:console.obj
 0001:0003c680       _ChangeQWINCP              0043d680 f console:console.obj
 0001:0003c690       __QWINGetFileName          0043d690 f console:console.obj
 0001:0003c6a0       __wgopen                   0043d6a0 f console:console.obj
 0001:0003c6b0       __QWINClose                0043d6b0 f console:console.obj
 0001:0003c6c0       __wgsetactive              0043d6c0 f console:console.obj
 0001:0003c6d0       __wggetactive              0043d6d0 f console:console.obj
 0001:0003c6e0       _RegisterGetHandleQQ       0043d6e0 f console:console.obj
 0001:0003c6f0       _RegisterGetUnitQQ         0043d6f0 f console:console.obj
 0001:0003c700       __QWINWrite                0043d700 f console:console.obj
 0001:0003c710       __QWINSetIOFOCUS           0043d710 f console:console.obj
 0001:0003c720       __QWINRead                 0043d720 f console:console.obj
 0001:0003c730       _YIELDQQ@0                 0043d730 f console:console.obj
 0001:0003c740       __QWINSetSize              0043d740 f console:console.obj
 0001:0003c750       __QWINGetSize              0043d750 f console:console.obj
 0001:0003c760       __QWINMsgBox               0043d760 f console:console.obj
 0001:0003c770       __QWINRegisterInit         0043d770 f console:console.obj
 0001:0003c780       __QWINRegisterEnd          0043d780 f console:console.obj
 0001:0003c790       __inchar                   0043d790 f console:console.obj
 0001:0003c7a0       __QWINNiceExit             0043d7a0 f console:console.obj
 0001:0003c7b0       __QWINSetFocus             0043d7b0 f console:console.obj
 0001:0003c7d0       __clearscreen              0043d7d0 f console:console.obj
 0001:0003c7e0       __displaycursor            0043d7e0 f console:console.obj
 0001:0003c7f0       __scrolltextwindow         0043d7f0 f console:console.obj
 0001:0003c800       __f_gettextposition@4      0043d800 f console:console.obj
 0001:0003c810       __f_outtext@8              0043d810 f console:console.obj
 0001:0003c820       __f_settextposition@12     0043d820 f console:console.obj
 0002:000007e0       __FFtype                   0043e7e0   libf:core.obj
 0002:000007f0       __FFdatasizes              0043e7f0   libf:core.obj
 0002:00000800       __FFherrout                0043e800   libf:core.obj
 0002:00000808       __FFldintfmt               0043e808   libf:core.obj
 0002:00000820       __FFldfltfmt               0043e820   libf:core.obj
 0002:00000860       __FFmaxunits               0043e860   libf:unit77.obj
 0002:000008f0       ___lookuptable             0043e8f0   libc:output.obj
 0002:00000950       ___dnames                  0043e950   libc:timeset.obj
 0002:00000968       ___mnames                  0043e968   libc:timeset.obj
 0003:00000000       ___xc_a                    0043f000   libc:crt0init.obj
 0003:00000004       ___xc_z                    0043f004   libc:crt0init.obj
 0003:00000008       ___xi_a                    0043f008   libc:crt0init.obj
 0003:00000034       ___xi_z                    0043f034   libc:crt0init.obj
 0003:00000038       ___xp_a                    0043f038   libc:crt0init.obj
 0003:00000040       ___xp_z                    0043f040   libc:crt0init.obj
 0003:00000044       ___xt_a                    0043f044   libc:crt0init.obj
 0003:00000048       ___xt_z                    0043f048   libc:crt0init.obj
 0003:00003aa4       __FFpharlap                00442aa4   libf:fortstr.obj
 0003:00003af5       __FFljj                    00442af5   libf:fortstr.obj
 0003:00003b18       _mem11357                  00442b18   libf:intrin.obj
 0003:00003b20       __FFzero                   00442b20   libf:intrin.obj
 0003:00003b28       __FFhalf                   00442b28   libf:intrin.obj
 0003:00003b30       __FFone                    00442b30   libf:intrin.obj
 0003:00003b38       __FFtwo                    00442b38   libf:intrin.obj
 0003:00003b40       __FFten                    00442b40   libf:intrin.obj
 0003:00003b48       __FFline                   00442b48   libf:intrin.obj
 0003:00003b5c       _pinuse                    00442b5c   libf:memory.obj
 0003:00003b60       _ainuse                    00442b60   libf:memory.obj
 0003:00003e20       __FFexcept                 00442e20   libf:matherr.obj
 0003:00003ff0       _nIODepth                  00442ff0   libf:cdescr.obj
 0003:00003ff4       _iostat                    00442ff4   libf:cio.obj
 0003:00003ff8       __FFstktop                 00442ff8   libf:core.obj
 0003:00003ffc       __FFstkbot                 00442ffc   libf:core.obj
 0003:00004000       __FFstksize                00443000   libf:core.obj
 0003:00004008       __FFgd                     00443008   libf:core.obj
 0003:000043a8       __FFTerminate              004433a8   libf:core.obj
 0003:000043ac       __FFconfig                 004433ac   libf:core.obj
 0003:000043b0       __FFfn                     004433b0   libf:core.obj
 0003:000044d8       __FFffsequence             004434d8   libf:core.obj
 0003:000044e0       __FFnewline                004434e0   libf:core.obj
 0003:00004538       __pFFinit                  00443538   libf:core.obj
 0003:00004540       __FFdevice_info            00443540   libf:core.obj
 0003:000045a0       __FFshare_tab              004435a0   libf:core.obj
 0003:000045a8       __FFmode_tab               004435a8   libf:core.obj
 0003:000045b0       __FFdefault_tab            004435b0   libf:core.obj
 0003:00004a00       __FFclStatus_tab           00443a00   libf:cls.obj
 0003:00004a10       __FFopAccess_tab           00443a10   libf:opn.obj
 0003:00004a30       __FFopBlank_tab            00443a30   libf:opn.obj
 0003:00004a40       __FFopStatus_tab           00443a40   libf:opn.obj
 0003:00004a68       __FFopForm_tab             00443a68   libf:opn.obj
[...]
 0004:00000140       __imp__SetConsoleCtrlHandler@8 0044f140   kernel32:KERNEL32.dll
 0004:00000144       __imp__GetFileType@4       0044f144   kernel32:KERNEL32.dll
 0004:00000148       __imp__WriteFile@20        0044f148   kernel32:KERNEL32.dll
 0004:0000014c       __imp__GetStdHandle@4      0044f14c   kernel32:KERNEL32.dll
 0004:00000150       __imp__GetModuleFileNameA@12 0044f150   kernel32:KERNEL32.dll
 0004:00000154       __imp__SetFilePointer@16   0044f154   kernel32:KERNEL32.dll
 0004:00000158       __imp__SetStdHandle@8      0044f158   kernel32:KERNEL32.dll
 0004:0000015c       __imp__DeleteFileA@4       0044f15c   kernel32:KERNEL32.dll
 0004:00000160       __imp__GetFileAttributesA@4 0044f160   kernel32:KERNEL32.dll
 0004:00000164       __imp__SetEndOfFile@4      0044f164   kernel32:KERNEL32.dll
 0004:00000168       __imp__ReadFile@20         0044f168   kernel32:KERNEL32.dll
 0004:0000016c       __imp__GetProcAddress@8    0044f16c   kernel32:KERNEL32.dll
 0004:00000170       __imp__LoadLibraryA@4      0044f170   kernel32:KERNEL32.dll
 0004:00000174       __imp__RtlUnwind@16        0044f174   kernel32:KERNEL32.dll
 0004:00000178       __imp__UnhandledExceptionFilter@4 0044f178   kernel32:KERNEL32.dll
 0004:0000017c       __imp__GetCommandLineA@0   0044f17c   kernel32:KERNEL32.dll
 0004:00000180       __imp__MultiByteToWideChar@24 0044f180   kernel32:KERNEL32.dll
 0004:00000184       __imp__GetEnvironmentStrings@0 0044f184   kernel32:KERNEL32.dll
 0004:00000188       __imp__FreeEnvironmentStringsW@4 0044f188   kernel32:KERNEL32.dll
 0004:0000018c       __imp__GetEnvironmentStringsW@0 0044f18c   kernel32:KERNEL32.dll
 0004:00000190       __imp__WideCharToMultiByte@32 0044f190   kernel32:KERNEL32.dll
 0004:00000194       __imp__GetCPInfo@8         0044f194   kernel32:KERNEL32.dll
 0004:00000198       __imp__GetOEMCP@0          0044f198   kernel32:KERNEL32.dll
 0004:0000019c       __imp__GetStartupInfoA@4   0044f19c   kernel32:KERNEL32.dll
 0004:000001a0       __imp__HeapCreate@12       0044f1a0   kernel32:KERNEL32.dll
 0004:000001a4       __imp__HeapDestroy@4       0044f1a4   kernel32:KERNEL32.dll
 0004:000001a8       __imp__GetTimeZoneInformation@4 0044f1a8   kernel32:KERNEL32.dll
 0004:000001ac       __imp__LCMapStringA@24     0044f1ac   kernel32:KERNEL32.dll
 0004:000001b0       __imp__LCMapStringW@24     0044f1b0   kernel32:KERNEL32.dll
 0004:000001b4       __imp__GetStringTypeA@20   0044f1b4   kernel32:KERNEL32.dll
 0004:000001b8       __imp__GetStringTypeW@16   0044f1b8   kernel32:KERNEL32.dll
 0004:000001bc       __imp__HeapSize@12         0044f1bc   kernel32:KERNEL32.dll
 0004:000001c0       __imp__GetCurrentProcessId@0 0044f1c0   kernel32:KERNEL32.dll
 0004:000001c4       __imp__FlushFileBuffers@4  0044f1c4   kernel32:KERNEL32.dll
 0004:000001c8       __imp__RaiseException@16   0044f1c8   kernel32:KERNEL32.dll
 0004:000001cc       __imp__CompareStringA@24   0044f1cc   kernel32:KERNEL32.dll
 0004:000001d0       __imp__CompareStringW@24   0044f1d0   kernel32:KERNEL32.dll
 0004:000001d4       __imp__SetEnvironmentVariableA@8 0044f1d4   kernel32:KERNEL32.dll
 0004:000001d8       __imp__LeaveCriticalSection@4 0044f1d8   kernel32:KERNEL32.dll
 0004:000001dc       __imp__EnterCriticalSection@4 0044f1dc   kernel32:KERNEL32.dll
 0004:000001e0       __imp__SystemTimeToFileTime@8 0044f1e0   kernel32:KERNEL32.dll
 0004:000001e4       __imp__GetSystemTime@4     0044f1e4   kernel32:KERNEL32.dll
 0004:000001e8       __imp__InitializeCriticalSection@4 0044f1e8   kernel32:KERNEL32.dll
 0004:000001ec       \177KERNEL32_NULL_THUNK_DATA 0044f1ec   kernel32:KERNEL32.dll

 entry point at        0001:0002fe70

 Static symbols

 0001:0002eb60       _read_namelist             0042fb60 f libf:creadn.obj
 0001:0002eeb0       _process_name_value        0042feb0 f libf:creadn.obj
 0001:0002f230       _makedope                  00430230 f libf:creadn.obj
 0001:0002f330       _apply_section             00430330 f libf:creadn.obj
 0001:0002f3b0       _process_dims              004303b0 f libf:creadn.obj
 0001:0002f520       _get_integer               00430520 f libf:creadn.obj
 0001:0002f620       _process_ssspec            00430620 f libf:creadn.obj
 0001:0002f690       _process_percent           00430690 f libf:creadn.obj
 0001:0002f830       _process_value             00430830 f libf:creadn.obj
 0001:0002f8d0       _read_values               004308d0 f libf:creadn.obj
 0001:0002fb10       _lread_value               00430b10 f libf:creadn.obj
 0001:0003c0c0       _findenv                   0043d0c0 f libc:setenv.obj
 0001:0003c120       _copy_environ              0043d120 f libc:setenv.obj
 0001:0003bb10       _wcsncnt                   0043cb10 f libc:aw_cmp.obj
 0001:0003be40       _strncnt                   0043ce40 f libc:aw_cmp.obj
 0001:0003aac0       __get_fname                0043bac0 f libc:fpexcept.obj
 0001:00038c60       __abstract_cw              00439c60 f libc:ieee87.obj
 0001:00038d10       __hw_cw                    00439d10 f libc:ieee87.obj
 0001:00038da0       __abstract_sw              00439da0 f libc:ieee87.obj
 0001:00037650       _wcsncnt                   00438650 f libc:aw_map.obj
 0001:000378c0       _strncnt                   004388c0 f libc:aw_map.obj
 0001:00037030       _flsall                    00438030 f libc:fflush.obj
 0001:00036aa0       __make_time_t              00437aa0 f libc:mktime.obj
 0001:00036410       _write_char                00437410 f libc:output.obj
 0001:00036460       _write_multi_char          00437460 f libc:output.obj
 0001:000364a0       _write_string              004374a0 f libc:output.obj
 0001:000364e0       _get_int_arg               004374e0 f libc:output.obj
 0001:000364f0       _get_int64_arg             004374f0 f libc:output.obj
 0001:00036510       _get_short_arg             00437510 f libc:output.obj
 0001:00033ee0       _getSystemCP               00434ee0 f libc:mbctype.obj
 0001:00033f30       _CPtoLCID                  00434f30 f libc:mbctype.obj
 0001:00033f90       _setSBCS                   00434f90 f libc:mbctype.obj
 0001:00033780       _parse_cmdline             00434780 f libc:stdargv.obj
 0001:000335d0       _xcptlookup                004345d0 f libc:winxfltr.obj
 0001:0003339c       __unwind_handler           0043439c f libc:exsup.obj
 0001:00033280       __cftoe_g                  00434280 f libc:cvt.obj
 0001:000332b0       __cftof_g                  004342b0 f libc:cvt.obj
 0001:00033350       __shift                    00434350 f libc:cvt.obj
 0001:000310d0       _ctrlevent_capture@4       004320d0 f libc:winsig.obj
 0001:000312b0       _siglookup                 004322b0 f libc:winsig.obj
 0001:00030d50       _xtoa                      00431d50 f libc:xtoa.obj
 0001:00030c40       _doexit                    00431c40 f libc:crt0dat.obj
 0001:00030cc0       __initterm                 00431cc0 f libc:crt0dat.obj

FIXUPS: 3d42e 1b ffff3c17 18 a ffffff84 18 a 18 ffffffa6 a ffffffc6 18
FIXUPS: 30ec8 c 5 10 19 8 5 5 1c 9 19 10 28 a fffffe2d 5 a c6d7 ffffff33
FIXUPS: 3d3e7 1a ffff464c e ffffffa8 a a ffffff3e 89 ffffff32 29 fffffc8e
FIXUPS: 315eb 18 1d 1a ffffff5b ffffff74 3d ffffff82 19 10 fffffec0 11
FIXUPS: 313f9 ffffff13 33 11 fffffd86 a 14 ffffffb2 18 ffffff98 14c0 20
FIXUPS: 32549 ffffff14 fffffedd 73 fffffc07 1aa 4a fffffc66 20 fffffefe
FIXUPS: 31d41 93 1f fffffdd3 12 12 20 1d 10 5e 12 fffffed2 15 c ffffff18
FIXUPS: 31ad1 13 6d e fffffedf 173f d ffffff3e ffffffc8 16 fffffd2e 21a
FIXUPS: 33011 2e fffffd0e a ffffff01 4a fffffd2b 18 e4 bd fffff9fc 213
FIXUPS: 327f4 2e 2c 51 20 22 15 e 1a e fffffb6b 21 13 1942 fffffebe ffffff4a
FIXUPS: 33c48 ffffff12 ffffff40 73 fffffda8 11e fffffc23 40 19 33 1c 2c
FIXUPS: 336da 9 36 fffffde4 19 61 ffffff39 29 ffffff37 11 24 d fffffdf1
FIXUPS: 33361 fffffde3 c d 15e5 1c fffffed9 15 2e 10 3c fffffdb2 ffffff18
FIXUPS: 33e5b 21 d9 22 50 15 33 10d 28 20 18 2e 37 36 48 15 28 2b 3c 1d
FIXUPS: 3433d 34 fffff9c7 1906 ffffff59 fffffdb5 3d 49 132 31 fffffdf2
FIXUPS: 35283 d 11 2f 25 fffffcf8 10 94 13d fffffb3f 20 b2 77 6a 113 fffffa24
FIXUPS: 34aa9 6d 2f d8 25 68 fffffa74 14 2b99 28 144 48 46 fffff486 4f
FIXUPS: 369f4 2c fffffed4 a ffffefd2 d f 5 5 c d 26 fffffd5b 12 1d 5 55
FIXUPS: 35755 7 2f b2 15 fffffdb6 1f 7 20ed 14 47 15 31 2e 43 fffffd37
FIXUPS: 375cd fffff575 53 aa 29 81 e 73 4e 26 76 81 3e 16 1d 13 db 1c 113
FIXUPS: 37215 1f 2c 28 1f 108b 1e 33 d 12 d fffffbbd b 1d 4b 44 35 19 fffffe9f
FIXUPS: 37f2c ffffff91 fffffee1 2f 38 fffffc83 10 1ef 13 28 f fffffccf
FIXUPS: 379ad 2c 47 1f fffffbcb 28 1c5e 4f 6c 12 2e 12 2e 12 fffff5f9 40
FIXUPS: 38a75 13 9 f5 3c fffff8f4 85 56 44 2a 9 2d 9 c8 85 82 9 17 77 9
FIXUPS: 382a8 1d 18d9 21 20 19 28 1a fffff955 bf 87 119 4d d4 5a 1f6 14
FIXUPS: 38eaa 1b 77 12 197 1c 20 15 20 22 e 11 14 18 19 28 6c 18d4 b c
FIXUPS: 3ab76 ffffff6b ffffff67 57 fffffeee 48 51 fffff997 d5 c1 c9 124
FIXUPS: 3a751 a 1a 23 1e d 8 fffff988 cb 1c 2b fffffc94 5f 12 18 f fffffe52
FIXUPS: 3b370 f 15 13e 15a 119 21 26 16e b1 1f 20 52 d d 1b d fffff4b4
FIXUPS: 3af82 47 160 fffffb19 15 1a 1b d9 b e 9 26 42 fffffdca 13ac 35
FIXUPS: 3bfb6 21 28 95 37 117 18 2f 3e 18 2f 13 28 83 fffff92a 166 27 fffff343
FIXUPS: 3b183 50 1d 25 2e f 34 f 15 2b 4c f 1afa fffff836 27 3e 14 29 1f
FIXUPS: 3c742 45 28 25 2d 36 25 2d 19 12 fffffd71 ffffff8b 29 ffffff8d
FIXUPS: 3c47c 9 35 ffffff4f 15 c fffffa96 1f 23 32 13 12f2 8 c ffffff6a
FIXUPS: 3ce8a 3c 2a 36 34 39 20 21 31 46 4d 44 73 12 18 fffff7d8 18 91
FIXUPS: 3ca5d 4d 9 17 9 c2 50 192 58 4e fffe2227 16 5a 19 1d 1c 14 20 16
FIXUPS: 1f18c 21 11 c 26 27 10 c 24 27 10 8 12 12 15 10 c 19 1f 16 3b 25
FIXUPS: 1f3d1 892 23 2e 23 17 ffffef5f 1b 1b 1b 1b 1e 1b 1b 1b 1b 1b 1b
FIXUPS: 1ed94 2d 1e 1e 18 15 1b 16 24 10 28 3e 53 16 c8 7d8 23 27 21 1c
FIXUPS: 1f8ac d 28 23 2c 23 17 27 23 2c 23 17 2c 25 31 25 17 2b 23 2e 23
FIXUPS: 1fb8e 25 23 2e 23 17 fffff7da 20 21 20 22 2a 13 1f 10 15 9 17 9
FIXUPS: 1f563 23 2e 23 17 25 23 2e 23 17 25 23 2e 23 17 25 23 2e 23 1171
FIXUPS: 209ec 28 9b 28 36 39 3a 35 c8 35 2f 51 18 29 35 29 17 19 ffffef27
FIXUPS: 1fd38 41 13 10 15 38 7c a2 17 5 fffff4c7 13 e15 15 5b 15 5b 15
FIXUPS: 20362 15 62 15 3b 40 40 40 40 40 40 40 40 40 3f 22 40 83 61 30
FIXUPS: 20837 16 6d 30 27 2c bf3 26 23 2a 23 17 29 23 2a 23 17 29 25 31
FIXUPS: 21731 17 fffff7e7 1a 1e 1d ffffeff0 15 59 15 5b 15 5d 15 59 15
FIXUPS: 201a4 15 f1b 23 17 25 23 2e 23 17 25 23 2e 23 17 25 23 2e 23 17
FIXUPS: 21341 23 2c 23 17 27 23 2c 23 17 2f 23 2a 23 447 10 15 1a f 3f
FIXUPS: 21ab9 b9 17 fffffbdf 20 20 20 1f 10 16 1b 2d 16 27 9 12 9 16 9
FIXUPS: 20fd3 23 2e 23 17 25 23 1056 1f 19 20 1b 1d 19 19 20 21 1b 1f 19
FIXUPS: 2226c 21 1f 1f 1f 16 1a 1f 22 1f 1f 1f 16 1a 23 24 2c fffff4b0
FIXUPS: 2194d 3d6 16 1a 21 2f 19 1f 19 20 1b 19 1f 16 2a 33 1f 1f 16 1a
FIXUPS: 21f84 29 1b 19 16 20 1f 1f 1f 19 1a 1f 1d 96b 47 24 43 16 a4 20
FIXUPS: 22bf5 30 30 30 30 30 16b 90 fa 31 76 8d 7a 46 8 12 8 3e 8 ffffe983
FIXUPS: 21bf6 ae 22 1f 1f 158d 32 d 23 8 fffff1d2 24 5c 98 29 12 6d 56
FIXUPS: 226ef 4c 13 2b 11 2b 14 3e 55 31 5d 6 11 c 28 14 6a 32 5d ec1 e
FIXUPS: 23781 13 c 10 a ffffff40 1e 12 8 5 13 19 8 5 fffffbaf 23 84 a 11
FIXUPS: 23405 d 2d 39 33 1b 6d 41 fffffce3 a 15 ce7 fffff9f9 2f 91 2f 2f
FIXUPS: 23aa3 2f 2f 41 38 2e 2f b5 13 10 14 c1 f 3e f 36 44 9 5 3e fffff942
FIXUPS: 23839 1c f 1c 37 149f 73 1f 348 d 3c6 103 e 1c 16 fffff17f 1b2
FIXUPS: 24aab fffffcab fffffe4c ae 1f 54 fffffa46 32 188 25 17 18 57 2e
FIXUPS: 244f7 39 fffffb63 ffffff06 14 29 4170 e 2a ffffdf62 26 fffff57d
FIXUPS: 256a1 51 9f 60 60 70 80 a0 60 56 15 60 140 a5 82 1b 65 73 2f 50
FIXUPS: 25ef2 5e f6 ffffec0a 35 42 2f69 6 1d 1e 1d 53 48 c 9 2b 10 10 10
FIXUPS: 27da9 10 6e 26 2e 49 3c 1d 3d 1d 12 1c 10 13 53 2d 6 aa 2a fffff208
FIXUPS: 274f5 9 15 16 c 18 4e 17 27 33 4d 2c 15 3a 175 39 1f 34 52 4a 89
FIXUPS: 27a33 c 12 c 70 25 a6 a 29 46 ffffeedc 14 10 a f b 1b7 12 d6 1f
FIXUPS: 26e7a 56 54 5b 2e c 4f 1b 16 24 63 30 49 44 10 2a 16 23 4b 4d b
FIXUPS: 272ab fffff27c 10 e 11 7f d 13 26 7b 10 1f a 10 e 11 17c 1a 1a
FIXUPS: 268c8 1a 1a 3a 5 58 1b 67 42 17 32 f a 15 178e 10 54 50 1b 39 1d
FIXUPS: 281c6 ffffdfb7 30 3d 13 3d 53 15 61 11 14 17 24 f 31 d 9 26 2d
FIXUPS: 264b2 19 19 a 10 1f 2383 20 82 20 3d 24 78 1c 22 18 58 12 a 2f
FIXUPS: 28b3e 16 4a 2a 63 29 4c d 10 29 5 1a 46 91 1e fffff410 20 19 1135
FIXUPS: 29380 e a a1 10 13 12b 53 1e ffffee58 ba 1a d 4c 12 32 28 17 5
FIXUPS: 28686 40 a 33 2a 4e a 17 2a 1c 37 33 117a fffffe5c 2f 9 43 12 44
FIXUPS: 2977f 17 24 15 fffffe4c 27 34 1d 76 45 fffff8b2 8 1a 2e f 22 39
FIXUPS: 290d9 11 12 8 12 36 3f 72 db2 20 30 20 36 6b 19 22 12 23 1d 3c
FIXUPS: 29a13 3e 1a 1b e 66 14 85 19 2b 1f 71 24 19 f b6 47 fffffb86 e
FIXUPS: 299af d41 1e6 70 54 10 10 10 10 10 10 10 10 10 10 10 10 10 10 10
FIXUPS: 2aa9a 10 fffff86d b 1d 31 28 78 14 fffffe30 20 fffffbf7 124 18c7
FIXUPS: 2b3e7 13 97 8 20 ab 34 28 30 33 1f 16 fffffcdd c 15 fffffc49 23
FIXUPS: 2aff8 98 85 1b 4c 74 30 34 41 33 f fffff9eb 87 99 d68 29 19 30
FIXUPS: 2bbd1 19 fffffd55 f 19 16 23 8 15 69 37 21 f 21 f 2e 9 6 fffffdd1
FIXUPS: 2b8e8 29 11 fffffe70 31 27 1c 23 15 10b6 2b fffffea7 14 ffffff51
FIXUPS: 2c6b2 fffffe82 29 6 28 23 6d fffffba4 95 11 25 1a 23 41 5e 1c 24
FIXUPS: 2c3d9 39 fffffce4 24 fffffc33 1cf e e fffffd21 fffffee0 f5e 5e
FIXUPS: 2cb41 c5 2c 25 d2 15 10 14 16 14 15 17 13 19 25 46 59 6 2d 2a 31
FIXUPS: 2cf56 17 8f 22 29 66 1a fffff7a2 5b 1497 68 90 4e fffff9ff 88 74
FIXUPS: 2d10e 1f 52 3b 6e 92 13 f 25 70 53 3a 1d 7e 5b 3f 35 de 33 25 19
FIXUPS: 2d6f5 25 fffff30e 43 1b51 14 d 10 fffffcbf 7f 2b 3f 17 20 c fffffdc3
FIXUPS: 2e222 13 3a fffffd76 39 74 46 82 15 fffffd9c 6d 29 fffffb7f 8b
FIXUPS: 2dbe2 2c 30 b8 29 25 1a40 1e 1a1 74 fffff8d3 3b 30 4a dd e 16 185
FIXUPS: 2f5cb 35 23 10 d 98 19 fffff4f9 2e7 32d fffff4f6 29 19 15 27 fffffe99
FIXUPS: 2e67a 3f fffffd8d 79 212f 47 1e 53 39 24 1e 2f f3 21 33 172 f2
FIXUPS: 30b34 22 22 22 22 22 22 22 22 26 77 2f 17 13 39 ffffed11 17 1a
FIXUPS: 2fa4d 286 48 98 2d 4f 36 77 24 20 2f a8 5a 2a 25 25 20 33 1a 35
FIXUPS: 301da 16 14 4a 77 12b 2c 24 ab 50 35 27 2b d0e3 10 10 10 30 10
FIXUPS: 3d725 20 10 10 10 10 10 10 10 20 10 10 10 10 10 ffff22c3 23 1c
FIXUPS: 2fb38 12 a 1c 30 4d 39 32 fffe7b95 13 fffffc64 14 33 2d 4d fffffe17
FIXUPS: 17358 26 2f 94 c fffffd94 4f 3f 2b fffffdd2 1d 26 43 35 13 26 3b
FIXUPS: 171ac 17 26442 20 20 20 30 fffda65e 7e 45 1b 21 2e 45 76 31 44
FIXUPS: 17fee 12d 32 3a 2a fffff6c4 14 41 26 9 3c fffffc03 35 1c 26 9 34
FIXUPS: 1760c 30 26 9 b7 f53 1b 28 1e 72 12 46 25 27 17 8b 54 e 65 25 28
FIXUPS: 189e9 30 43 fffff7d1 25 26 c fffff707 a9 5 9 8f 52 64 b6 2f 236c
FIXUPS: 1a03e 4f 1b 17 17 17 18 1d 86 29 ffffef50 d5 7f fffffdfa fffffc58
FIXUPS: 18d85 89 4a 65 64 67 65 fffffa97 13c 2a fffff895 21 3f 12 11e 19
FIXUPS: 198d2 12 1b 1d 19 19 18 23 40 43 65 69 69 7c 34 5f 34 23 81 23
FIXUPS: 19d9e 39 24 3e 30 3b 24 1e 3e 24 30 3c 44e 62 62 72 7b 21 1f 3c
FIXUPS: 1a68c 3a 89 3c fffffb92 ffffff85 ffffff41 14 5c 3e fffff04a 33
FIXUPS: 1933e 83 76 39 7c ac b4 6d a9 45 2d 67 187c 99 d9 69 33 49 66 fffffb1c
FIXUPS: 1ace7 17 27 16 16 18 18 26 fffffe6e 81 5 9 fffffd47 40 20 27 56
FIXUPS: 1ab08 23 fffffddb e 37 fffff9ed 86 1785 57 17 26 61 17 26 4a 17
FIXUPS: 1bcfc b2 53 17 29 53 29 1b fffff4c7 5 12a 29 d2 2f 29 33 cc c fffff800
FIXUPS: 1afab 1e 21 9d 1af9 267 fffff3ae 79 5 9 fffff535 18 2c 18 22 57
FIXUPS: 1b84c 2b 35 37 18 18 2a 18 2e 18 2e 18 3a 12 17 46 17 26 3f 17
FIXUPS: 1cfaf 12 1d fffffed4 b8 fffff308 57 4a 4f fb 2d c 1d 3e 24 45 d5
FIXUPS: 1c65c c 1d 33 24 31 1df 2d c 1d 5c 24 31 d6 2d d8b 83 34 6c fffff8e0
FIXUPS: 1d29b 60 61 36 52 32 61 5b 45 4d 68 83 49 29 50 13 43 51 fffffa50
FIXUPS: 1d1e2 fffffef3 6d 23 15 9 fffffeca 39 1464 31 34 34 34 fffffd89
FIXUPS: 1e371 31 35 34 fffffdc4 17 14 1a 2c 28 3d 44 12 fffffca9 4b 66
FIXUPS: 1e099 62 34 66 fffff89d 31 15 a 15 fffffdd2 fffe6ee4 1e c 14 1e
FIXUPS: 47ba 26 9 35 c 14 9 35 d ffffef54 fb 5b 1f9 1b 253 23d a1 177 ffffcf78
FIXUPS: 1226 fffffe58 3f 1d82e ffffff3b fffffc29 31 34 fffe7a1c 19 19 19
FIXUPS: 5f23 60 ffffedf3 1a8 1e1 1d4 fffff7a6 7 5 11 7 5 d 12e fffff999
FIXUPS: 45ca 8 14 1e 11 26 9 35 c 14 9 35 d 14e2 10 1e 10 1e 10 21 10 21
FIXUPS: 5c94 21 10 20 10 21 10 21 10 1e 10 24 10 24 10 24 10 1e 15 24 d
FIXUPS: 5e9e 19 fffffa07 1c 1d 1d 1d 1d 1d 1d 1e 10 1c 10 1c 10 1c 10 1c
FIXUPS: 5a66 1c 10 1c 10 1c 10 1c 10 1f 10 21 10 22 10 fffffa51 13 13 d
FIXUPS: 5634 c f e 8 c f e 8 c 13 1d 1d 1d 1d 1d 1c 1d 1d 1d 1d 1d 1d 1d
FIXUPS: 584a 1d 1d 1d 14d6 c 192 1d 1d 1d fffff93f ffffff50 17 fffff99f
FIXUPS: 62fe 19c 18c fffff985 17 fffff509 11 f f 8 11 f f 8 c 46 16 f 8
FIXUPS: 55cb 17 f 2775 fffff232 128 25 11 1e 11 22 11 22 11 57d 1d 1d fffff1da
FIXUPS: 692d 22 11 22 11 22 11 2b7 34 c 3c c 1e f c 1e f 1368 1d 11d 33
FIXUPS: 825e 1e 1e 1e 1e 1e 8 11 1e 1e 1e 1e 1e 1f 9 14 c fffffc0e fffff782
FIXUPS: 7799 1b 1e 106 129 3f 56 73 1de fd6 8 11 f 8 11 15 8 20 9 1e 1e
FIXUPS: 8d9e 1e 1e 20 8 19 f 8 11 8 d fffff710 5 5 ffffffd6 fffffb17 c
FIXUPS: 8077 11 2e 96f 11 f 17 f 17 8 4c 14 f 8 11 14 8 23 9 1e 1e 1e 1e
FIXUPS: 8bf0 20 8 19 f 8 11 f 16 f 17 8 6a7 8 14 17 8 14 14 1b 8 14 14
FIXUPS: 941c 8 14 20 8 14 20 8 c c fffffaaf a0 fffff7f9 1d 133 5 81 f 16
FIXUPS: 8a06 17 ce4 58 34d 1b 64 177 73f 167 35 ffffec57 c 14 16 8 14 17
FIXUPS: 923f 14 f 17 8 14 f 17 8 14 17 8 14 16 8 14 299c f4 40 2a 103 cb
FIXUPS: c02b fd 160 1d 1d 1d 1d 1d 1d 1d 1d 1d 1d 1d 1c 1d 1d 1d 1d 1d
FIXUPS: c491 1d 1d 1d 1d ffffd1cf 1a45 30 26 ec 1e 2f 56 26 ec 30 26 ed
FIXUPS: b571 2e 77 26 ed 30 26 f4 40 2a 104 40 2a 104 20 2a 1d 31 9b 30
FIXUPS: ac0a 21 11 21 11 21 11 21 11 21 11 21 11 21 11 21 11 21 11 21 11
FIXUPS: ae1c 11 21 11 53 2a 1d 38 a6 30 26 1837 8 11 f f 8 1b f f 8 c ffffe11d
FIXUPS: aa1e 1e 11 1e 11 1f 11 21 11 21 11 21 11 21 11 21 11 21 11 21 1aaa
FIXUPS: c6ab 11 f f 8 11 f f 8 11 f f 8 1b f f 8 11 f e 8 11 f f 8 11 f
FIXUPS: c82d 8 11 f 3e43 22f 253 3d 32 32 32 ffffbd22 12 8 11 a 8 fffffbdc
FIXUPS: c534 c c c c c 20 21 20 21 21 2b 11 f e 8 11 f 6dc0 1e ffff9671
FIXUPS: ccac 1ca 1b5 1dd 1dd 1c9 1c9 197 1cc 1cf 1c9 1de 1dd 1e3 1e3 1f3
FIXUPS: ea0e 228 228 23b 23c 23c 23b 1f6 22a 22f 231 246 245 2cc3 f 8 c
FIXUPS: 13147 d d d 17 1e 1e 1e 1e 1e 1e 1e 1e 1e 1d 1e 1e 1e 1e 1e 1e
FIXUPS: 13382 1e 1e 1e 1e 1e 1e fffffaab f f 8 c f f f f f f f 8 c 5 17
FIXUPS: 12fc1 f 1a f 20 f 26 f 8 11 17 f 1a f 20 f fffffb4e 16 8 11 f 8
FIXUPS: 12c99 f 8 11 14 8 3b 28 27 30 2b 11 f 16 d 5 5 5 5 55 1c c f f
FIXUPS: 12ec3 f fffff7b3 11 1f 11 1f 11 1e 11 22 11 1e 11 1e 11 1e 11 1e
FIXUPS: 12814 2c9 22 22 22 22 22 17 5 4b f e f 8 11 fffff6ba 22 22 22 22
FIXUPS: 12397 22 22 22 22 22 22 22 22 22 22 22 11 1e 11 1e 11 1e 11 1e
FIXUPS: 125da 1e 11 1e 11 1e 11 fffff7f8 b 37 e7 11 f e f 16 8 11 f 8 11
FIXUPS: 1202b 8 11 f 8 15 11 1e 11 1e 11 1e 11 1e 11 1e 16 15a fffff6bd
FIXUPS: 119ab 15 2d 45 37 31 11 d 29 37 35 10 b 4b 11 b 51 35 25 17 2d
FIXUPS: 11d03 37 31 11 d 29 37 31 11 d fffff746 f 8 14 17 f 1a f 20 f 26
FIXUPS: 1165c 8 c 4e 5 5 5 5 1b 9 8 f1 11 1b 16 5f b 4b 11 b 51 fffffa47
FIXUPS: 113a9 f 8 11 f f f f f f f 8 c 18 1a 5 b 5 c 5 5 c 5 5 1a 16 f
FIXUPS: 1151a f 20 f fffffb5f 11 1f 11 1f 11 1f 11 1f 11 1f 11 1e 11 22
FIXUPS: 1121a 22 11 22 11 1e 11 18 49 8 c 1a 11 f f f f fffffa52 f 14 11
FIXUPS: 10e2d 11 1c 11 1c 11 1c 11 1c 11 1c 11 1c 11 1c 11 1f 11 1f 11
FIXUPS: 10ffa 11 1e 11 1e 11 1e 11 3ae2 14d 1ab 1b2 13a 14d 1ac 1ae 12c
FIXUPS: 15870 17e 17f ffffdb20 7 5 11 7 5 d 146 f2 5 1d 11 5 15 5 1b ffffd3e9
FIXUPS: 10d66 15 15 534c f 8 13 1a f 8 13 21 21 1a d 8 13 1a f 8 13 21
FIXUPS: 16254 1a d 8 13 ffffdd19 14e 1ac 1b1 13b 14e 1ac 1b1 13f5 21 1a
FIXUPS: 15e7f 8 1d 21 1e f 8 13 21 21 21 1a f 8 13 1a f 8 13 1a f 8 13
FIXUPS: 16056 f 8 13 21 21 4ee 13e 19d 19f 12b 13f 17f 17e fffff33b 133
FIXUPS: 16404 5 fffff8d9 f 8 13 1a f 8 13 17 1e f 8 13 1a d 8 13 1a f 8
