
                                                                        PAGE   1
                                                                        04-26-96
                                                                        21:52:19

     Line#  Source Line     Microsoft Fortran PowerStation Compiler. Version 4.0

     1  
     2        FUNCTION F0(Z)
     3        IMPLICIT REAL*8(A-H,O-Z)
     4  C ***
     5        IF(Z-16.3578D+00) 1,1,2
     6      1 CONTINUE
     7        F0=DSQRT((((((0.564691197D-04 *Z
     8       *             +0.758433197D-03)*Z
     9       *             +0.769838037D-02)*Z
    10       *             +0.629344460D-01)*Z
    11       *             +0.213271302D-00)*Z
    12       *             +1.0D+00)/
    13       *        ((((((0.720266520D-04 *Z
    14       *             +0.955528842D-03)*Z
    15       *             +0.101431553D-01)*Z
    16       *             +0.738522953D-01)*Z
    17       *             +0.338450368D+00)*Z
    18       *             +0.879937801D+00)*Z
    19       *             +1.0D+00))
    20        GO TO 3
    21      2 CONTINUE
    22        R=2.D+00*Z
    23        R2=DSQRT(R)
    24        PI=3.14159265D+00
    25        R3=DSQRT(PI/2.D+00)
    26        F0=R3/R2
    27      3 CONTINUE
    28        RETURN
    29        END

F0@4  Local symbols
Name                      Class              Type           Size


PI. . . . . . . . . . . . local              REAL*8            8
R . . . . . . . . . . . . local              REAL*8            8
R2. . . . . . . . . . . . local              REAL*8            8
R3. . . . . . . . . . . . local              REAL*8            8
Z . . . . . . . . . . . . param                                4



Global Symbols
Name                      Class              Type           Size


F0@4. . . . . . . . . . . FUNCT              REAL*8          ***


No errors detected