 H2_PROJECT

 Timestamp is 31b867d7 (Fri Jun 07 10:33:11 1996)

 Preferred load address is 00400000

 Start         Length     Name                   Class
 0001:00000000 0006b6b0H .text                   CODE
 0002:00000000 00000c08H .rdata                  DATA
 0002:00000c08 00000000H .edata                  DATA
 0003:00000000 00000004H .CRT$XCA                DATA
 0003:00000004 00000004H .CRT$XCZ                DATA
 0003:00000008 00000004H .CRT$XIA                DATA
 0003:0000000c 0000000cH .CRT$XIC                DATA
 0003:00000020 00000004H .CRT$XIF                DATA
 0003:00000024 00000004H .CRT$XIZ                DATA
 0003:00000028 00000004H .CRT$XPA                DATA
 0003:0000002c 00000004H .CRT$XPX                DATA
 0003:00000030 00000004H .CRT$XPZ                DATA
 0003:00000034 00000004H .CRT$XTA                DATA
 0003:00000038 00000004H .CRT$XTZ                DATA
 0003:00000040 00009170H .data                   DATA
 0003:000091b0 0147315cH .bss                    DATA
 0004:00000000 00000028H .idata$2                DATA
 0004:00000028 00000014H .idata$3                DATA
 0004:0000003c 000000e8H .idata$4                DATA
 0004:00000124 000000e8H .idata$5                DATA
 0004:0000020c 0000040eH .idata$6                DATA

  Address         Publics by Value              Rva+Base   Lib:Object

 0001:00000000       _GRADEN                    00401000 f GRADEN.OBJ
 0001:00000000       _GRADEN@12                 00401000 f GRADEN.OBJ
 0001:00000ea0       _F                         00401ea0 f F.OBJ
 0001:00000ea0       _F@4                       00401ea0 f F.OBJ
 0001:00000fc0       _GRKIN                     00401fc0 f GRKIN.OBJ
 0001:00000fc0       _GRKIN@72                  00401fc0 f GRKIN.OBJ
 0001:00003e90       _EIGN@8                    00404e90 f eign.obj
 0001:00003e90       _EIGN                      00404e90 f eign.obj
 0001:00006010       _YACOBI@24                 00407010 f YACOBI.OBJ
 0001:00006010       _YACOBI                    00407010 f YACOBI.OBJ
 0001:000074d0       _BLANKM@12                 004084d0 f BLANKM.OBJ
 0001:000074d0       _BLANKM                    004084d0 f BLANKM.OBJ
 0001:00007600       _SEARCH                    00408600 f search.obj
 0001:00007600       _SEARCH@8                  00408600 f search.obj
 0001:00008920       _ELREP@88                  00409920 f ELREP.OBJ
 0001:00008920       _ELREP                     00409920 f ELREP.OBJ
 0001:00009a00       _TAB                       0040aa00 f TAB.OBJ
 0001:00009a00       _TAB@20                    0040aa00 f TAB.OBJ
 0001:00009fd0       _TKJOHN@48                 0040afd0 f TKJOHN.OBJ
 0001:00009fd0       _TKJOHN                    0040afd0 f TKJOHN.OBJ
 0001:0000a650       _KFACT@76                  0040b650 f KFACT.OBJ
 0001:0000a650       _KFACT                     0040b650 f KFACT.OBJ
 0001:0000a9b0       _GUESS                     0040b9b0 f GUESS.OBJ
 0001:0000a9b0       _GUESS@48                  0040b9b0 f GUESS.OBJ
 0001:0000b080       _VEC                       0040c080 f VEC.OBJ
 0001:0000b080       _VEC@16                    0040c080 f VEC.OBJ
 0001:0000b200       _HAMILTON                  0040c200 f HAMILTON.OBJ
 0001:0000b200       _HAMILTON@80               0040c200 f HAMILTON.OBJ
 0001:0001d560       _DK                        0041e560 f DK.OBJ
 0001:0001d560       _DK@68                     0041e560 f DK.OBJ
 0001:0001e1e0       _VECH                      0041f1e0 f VECH.OBJ
 0001:0001e1e0       _VECH@16                   0041f1e0 f VECH.OBJ
 0001:0001e360       _GRNUE@72                  0041f360 f GRNUE.OBJ
 0001:0001e360       _GRNUE                     0041f360 f GRNUE.OBJ
 0001:0001fa70       _HAMILTONP@92              00420a70 f HAMILTONp.obj
 0001:0001fa70       _HAMILTONP                 00420a70 f HAMILTONp.obj
 0001:000259e0       _TRANSPOSE                 004269e0 f TRANSPOSE.OBJ
 0001:000259e0       _TRANSPOSE@20              004269e0 f TRANSPOSE.OBJ
 0001:00025b90       _ENUCL                     00426b90 f ENUCL.OBJ
 0001:00025b90       _ENUCL@100                 00426b90 f ENUCL.OBJ
 0001:00026e50       _GRADOPT                   00427e50 f GRADOPT.OBJ
 0001:00026e50       _GRADOPT@48                00427e50 f GRADOPT.OBJ
 0001:00027e50       _NGRADOPT                  00428e50 f GRADOPT.OBJ
 0001:00027e50       _NGRADOPT@48               00428e50 f GRADOPT.OBJ
 0001:00028da0       _FCN@12                    00429da0 f FCN.OBJ
 0001:00028da0       _FCN                       00429da0 f FCN.OBJ
 0001:000292e0       _VMATMULT@28               0042a2e0 f MATMULT.OBJ
 0001:000292e0       _VMATMULT                  0042a2e0 f MATMULT.OBJ
 0001:000294f0       _MATRIXM                   0042a4f0 f MATRIXM.OBJ
 0001:000294f0       _MATRIXM@28                0042a4f0 f MATRIXM.OBJ
 0001:00029810       _SMMULT@24                 0042a810 f SMMULT.OBJ
 0001:00029810       _SMMULT                    0042a810 f SMMULT.OBJ
 0001:000299c0       _GEOM                      0042a9c0 f GEOM.OBJ
 0001:000299c0       _GEOM@24                   0042a9c0 f GEOM.OBJ
 0001:00029a70       _BLANKDIRECTION            0042aa70 f BLANKDIR.OBJ
 0001:00029a70       _BLANKDIRECTION@12         0042aa70 f BLANKDIR.OBJ
 0001:00029b20       _GRELE                     0042ab20 f GRELE.OBJ
 0001:00029b20       _GRELE@68                  0042ab20 f GRELE.OBJ
 0001:0002a860       _GEMPRT@40                 0042b860 f GEMPRT.OBJ
 0001:0002a860       _GEMPRT                    0042b860 f GEMPRT.OBJ
 0001:0002aa50       _main                      0042ba50 f H2.OBJ
 0001:00038940       _BIOUT                     00439940 f BIOUT.OBJ
 0001:00038940       _BIOUT@8                   00439940 f BIOUT.OBJ
 0001:000389e0       _F0                        004399e0 f F0.OBJ
 0001:000389e0       _F0@4                      004399e0 f F0.OBJ
 0001:00038b60       _GROVER@68                 00439b60 f GROVER.OBJ
 0001:00038b60       _GROVER                    00439b60 f GROVER.OBJ
 0001:00039120       _MATRIXCOPY                0043a120 f MATRIXCOPY.OBJ
 0001:00039120       _MATRIXCOPY@20             0043a120 f MATRIXCOPY.OBJ
 0001:000392d0       _TK@84                     0043a2d0 f TK.OBJ
 0001:000392d0       _TK                        0043a2d0 f TK.OBJ
 0001:0003e440       _ENERGY@24                 0043f440 f ENERGY.OBJ
 0001:0003e440       _ENERGY                    0043f440 f ENERGY.OBJ
 0001:0003f050       _TRUDGE                    00440050 f trudge.obj
 0001:0003f050       _TRUDGE@8                  00440050 f trudge.obj
 0001:00042070       _OVERLP@88                 00443070 f OVERLP.OBJ
 0001:00042070       _OVERLP                    00443070 f OVERLP.OBJ
 0001:00042e90       _VECVECMULT@24             00443e90 f VECMULT.OBJ
 0001:00042e90       _VECVECMULT                00443e90 f VECMULT.OBJ
 0001:00042fa0       _DEVEC                     00443fa0 f DEVEC.OBJ
 0001:00042fa0       _DEVEC@16                  00443fa0 f DEVEC.OBJ
 0001:00043120       _DUMINF@36                 00444120 f MATHD:duminf.obj
 0001:00043120       _DUMINF                    00444120 f MATHD:duminf.obj
 0001:00043290       _DU4INF@8                  00444290 f MATHD:du4inf.obj
 0001:00043290       _DU4INF                    00444290 f MATHD:du4inf.obj
 0001:000433f0       _DUMING@40                 004443f0 f MATHD:duming.obj
 0001:000433f0       _DUMING                    004443f0 f MATHD:duming.obj
 0001:00043560       _DU2INF                    00444560 f MATHD:du2inf.obj
 0001:00043560       _DU2INF@40                 00444560 f MATHD:du2inf.obj
 0001:00043690       _E1STI@8                   00444690 f MATHD:e1sti.obj
 0001:00043690       _E1STI                     00444690 f MATHD:e1sti.obj
 0001:00043760       _E1POP                     00444760 f MATHD:e1pop.obj
 0001:00043760       _E1POP@8                   00444760 f MATHD:e1pop.obj
 0001:00043aa0       _E1PSH                     00444aa0 f MATHD:e1psh.obj
 0001:00043aa0       _E1PSH@8                   00444aa0 f MATHD:e1psh.obj
 0001:00043bb0       _E1MES@16                  00444bb0 f MATHD:e1mes.obj
 0001:00043bb0       _E1MES                     00444bb0 f MATHD:e1mes.obj
 0001:00044420       _DMACH                     00445420 f MATHD:dmach.obj
 0001:00044420       _DMACH@4                   00445420 f MATHD:dmach.obj
 0001:000444d0       _DU2ING                    004454d0 f MATHD:du2ing.obj
 0001:000444d0       _DU2ING@44                 004454d0 f MATHD:du2ing.obj
 0001:00044600       _DCOPY                     00445600 f MATHD:dcopy.obj
 0001:00044600       _DCOPY@20                  00445600 f MATHD:dcopy.obj
 0001:000447d0       _DU3INF                    004457d0 f MATHD:du3inf.obj
 0001:000447d0       _DU3INF@72                 004457d0 f MATHD:du3inf.obj
 0001:00045090       _N1THRD                    00446090 f MATHD:n1thrd.obj
 0001:00045090       _N1THRD@0                  00446090 f MATHD:n1thrd.obj
 0001:000450a0       _E1INIT                    004460a0 f MATHD:e1init.obj
 0001:000450a0       _E1INIT@0                  004460a0 f MATHD:e1init.obj
 0001:000452e0       _E1INPL@24                 004462e0 f MATHD:e1inpl.obj
 0001:000452e0       _E1INPL                    004462e0 f MATHD:e1inpl.obj
 0001:00045640       _I1ERIF@24                 00446640 f MATHD:i1erif.obj
 0001:00045640       _I1ERIF                    00446640 f MATHD:i1erif.obj
 0001:000456c0       _C1TIC                     004466c0 f MATHD:c1tic.obj
 0001:000456c0       _C1TIC@20                  004466c0 f MATHD:c1tic.obj
 0001:000458f0       _E1PRT                     004468f0 f MATHD:e1prt.obj
 0001:000458f0       _E1PRT@0                   004468f0 f MATHD:e1prt.obj
 0001:00046800       _E1STL                     00447800 f MATHD:e1stl.obj
 0001:00046800       _E1STL@12                  00447800 f MATHD:e1stl.obj
 0001:000468c0       _N1RGB                     004478c0 f MATHD:n1rgb.obj
 0001:000468c0       _N1RGB@4                   004478c0 f MATHD:n1rgb.obj
 0001:00046920       _M1VECH                    00447920 f MATHD:m1vech.obj
 0001:00046920       _M1VECH@24                 00447920 f MATHD:m1vech.obj
 0001:00046950       _E1UCS@0                   00447950 f MATHD:e1ucs.obj
 0001:00046950       _E1UCS                     00447950 f MATHD:e1ucs.obj
 0001:00046dc0       _M1VE                      00447dc0 f MATHD:m1ve.obj
 0001:00046dc0       _M1VE@44                   00447dc0 f MATHD:m1ve.obj
 0001:00046ed0       _I1DX@24                   00447ed0 f MATHD:i1dx.obj
 0001:00046ed0       _I1DX                      00447ed0 f MATHD:i1dx.obj
 0001:00046fb0       _C1TCI@20                  00447fb0 f MATHD:c1tci.obj
 0001:00046fb0       _C1TCI                     00447fb0 f MATHD:c1tci.obj
 0001:00047230       _DU3ING@76                 00448230 f MATHD:du3ing.obj
 0001:00047230       _DU3ING                    00448230 f MATHD:du3ing.obj
 0001:00047830       _N1RTY                     00448830 f MATHD:n1rty.obj
 0001:00047830       _N1RTY@4                   00448830 f MATHD:n1rty.obj
 0001:00047900       _E1USR@8                   00448900 f MATHD:e1usr.obj
 0001:00047900       _E1USR                     00448900 f MATHD:e1usr.obj
 0001:00047a30       _DU9INF                    00448a30 f MATHD:du9inf.obj
 0001:00047a30       _DU9INF@28                 00448a30 f MATHD:du9inf.obj
 0001:00047b20       _DU8INF                    00448b20 f MATHD:du8inf.obj
 0001:00047b20       _DU8INF@44                 00448b20 f MATHD:du8inf.obj
 0001:00047fb0       _DU6INF@56                 00448fb0 f MATHD:du6inf.obj
 0001:00047fb0       _DU6INF                    00448fb0 f MATHD:du6inf.obj
 0001:00048360       _DU5INF                    00449360 f MATHD:du5inf.obj
 0001:00048360       _DU5INF@28                 00449360 f MATHD:du5inf.obj
 0001:00048b10       _DFDGRD                    00449b10 f MATHD:dfdgrd.obj
 0001:00048b10       _DFDGRD@28                 00449b10 f MATHD:dfdgrd.obj
 0001:00048db0       _DCDGRD                    00449db0 f MATHD:dcdgrd.obj
 0001:00048db0       _DCDGRD@24                 00449db0 f MATHD:dcdgrd.obj
 0001:000490a0       _DNRM2                     0044a0a0 f MATHD:dnrm2.obj
 0001:000490a0       _DNRM2@12                  0044a0a0 f MATHD:dnrm2.obj
 0001:00049340       _N1RCD@4                   0044a340 f MATHD:n1rcd.obj
 0001:00049340       _N1RCD                     0044a340 f MATHD:n1rcd.obj
 0001:00049410       _DU17NF                    0044a410 f MATHD:du17nf.obj
 0001:00049410       _DU17NF@80                 0044a410 f MATHD:du17nf.obj
 0001:0004a050       _DU11NF                    0044b050 f MATHD:du11nf.obj
 0001:0004a050       _DU11NF@20                 0044b050 f MATHD:du11nf.obj
 0001:0004a1e0       _DU10NF@20                 0044b1e0 f MATHD:du10nf.obj
 0001:0004a1e0       _DU10NF                    0044b1e0 f MATHD:du10nf.obj
 0001:0004a240       _I1X                       0044b240 f MATHD:i1x.obj
 0001:0004a240       _I1X@24                    0044b240 f MATHD:i1x.obj
 0001:0004a320       _UMACH@8                   0044b320 f MATHD:umach.obj
 0001:0004a320       _UMACH                     0044b320 f MATHD:umach.obj
 0001:0004a3f0       _E3PRT@12                  0044b3f0 f MATHD:e3prt.obj
 0001:0004a3f0       _E3PRT                     0044b3f0 f MATHD:e3prt.obj
 0001:0004a420       _IACHAR@8                  0044b420 f MATHD:iachar.obj
 0001:0004a420       _IACHAR                    0044b420 f MATHD:iachar.obj
 0001:0004a450       _ICASE@8                   0044b450 f MATHD:icase.obj
 0001:0004a450       _ICASE                     0044b450 f MATHD:icase.obj
 0001:0004a470       _E1LOCK                    0044b470 f MATHD:e1lock.obj
 0001:0004a470       _E1LOCK@4                  0044b470 f MATHD:e1lock.obj
 0001:0004a480       _S1ANUM@20                 0044b480 f MATHD:s1anum.obj
 0001:0004a480       _S1ANUM                    0044b480 f MATHD:s1anum.obj
 0001:0004aa70       _I1CSTR@24                 0044ba70 f MATHD:i1cstr.obj
 0001:0004aa70       _I1CSTR                    0044ba70 f MATHD:i1cstr.obj
 0001:0004ac70       _IMACH@4                   0044bc70 f MATHD:imach.obj
 0001:0004ac70       _IMACH                     0044bc70 f MATHD:imach.obj
 0001:0004ad00       _DU17NG@84                 0044bd00 f MATHD:du17ng.obj
 0001:0004ad00       _DU17NG                    0044bd00 f MATHD:du17ng.obj
 0001:0004b8a0       _DSET                      0044c8a0 f MATHD:dset.obj
 0001:0004b8a0       _DSET@16                   0044c8a0 f MATHD:dset.obj
 0001:0004ba00       _DDOT                      0044ca00 f MATHD:ddot.obj
 0001:0004ba00       _DDOT@20                   0044ca00 f MATHD:ddot.obj
 0001:0004bbd0       _DSCAL                     0044cbd0 f MATHD:dscal.obj
 0001:0004bbd0       _DSCAL@16                  0044cbd0 f MATHD:dscal.obj
 0001:0004bcf0       _DU15NF@32                 0044ccf0 f MATHD:du15nf.obj
 0001:0004bcf0       _DU15NF                    0044ccf0 f MATHD:du15nf.obj
 0001:0004bfb0       _E1STD                     0044cfb0 f MATHD:e1std.obj
 0001:0004bfb0       _E1STD@8                   0044cfb0 f MATHD:e1std.obj
 0001:0004c100       _DU18NF                    0044d100 f MATHD:du18nf.obj
 0001:0004c100       _DU18NF@4                  0044d100 f MATHD:du18nf.obj
 0001:0004c210       _DU19NF@4                  0044d210 f MATHD:du19nf.obj
 0001:0004c210       _DU19NF                    0044d210 f MATHD:du19nf.obj
 0001:0004c3c0       _DAXPY                     0044d3c0 f MATHD:daxpy.obj
 0001:0004c3c0       _DAXPY@24                  0044d3c0 f MATHD:daxpy.obj
 0001:0004c590       _DU14NF                    0044d590 f MATHD:du14nf.obj
 0001:0004c590       _DU14NF@20                 0044d590 f MATHD:du14nf.obj
 0001:0004c660       _DU13NF                    0044d660 f MATHD:du13nf.obj
 0001:0004c660       _DU13NF@20                 0044d660 f MATHD:du13nf.obj
 0001:0004c720       _DROT                      0044d720 f MATHD:drot.obj
 0001:0004c720       _DROT@28                   0044d720 f MATHD:drot.obj
 0001:0004c8b0       _DROTG                     0044d8b0 f MATHD:drotg.obj
 0001:0004c8b0       _DROTG@16                  0044d8b0 f MATHD:drotg.obj
 0001:0004c9f0       _DIFNAN@4                  0044d9f0 f MATHD:difnan.obj
 0001:0004c9f0       _DIFNAN                    0044d9f0 f MATHD:difnan.obj
 0001:0004ca30       _f90_close                 0044da30 f libf:cclose.obj
 0001:0004cb10       _lwrite_i                  0044db10 f libf:cloutput.obj
 0001:0004cb30       _lwrite_i1                 0044db30 f libf:cloutput.obj
 0001:0004cb50       _lwrite_i2                 0044db50 f libf:cloutput.obj
 0001:0004cb70       _lwrite_l                  0044db70 f libf:cloutput.obj
 0001:0004cb90       _lwrite_l1                 0044db90 f libf:cloutput.obj
 0001:0004cba0       _lwrite_l2                 0044dba0 f libf:cloutput.obj
 0001:0004cbb0       _lwrite_d                  0044dbb0 f libf:cloutput.obj
 0001:0004cbd0       _lwrite_r                  0044dbd0 f libf:cloutput.obj
 0001:0004cbf0       _lwrite_dc                 0044dbf0 f libf:cloutput.obj
 0001:0004cc10       _lwrite_c                  0044dc10 f libf:cloutput.obj
 0001:0004cc30       _lwrite_ch                 0044dc30 f libf:cloutput.obj
 0001:0004cc70       _lwrite_ch_save            0044dc70 f libf:cloutput.obj
 0001:0004cc90       _CheckError                0044dc90 f libf:cformat.obj
 0001:0004cca0       _write_d                   0044dca0 f libf:cformat.obj
 0001:0004ccc0       _write_r                   0044dcc0 f libf:cformat.obj
 0001:0004cce0       _write_i                   0044dce0 f libf:cformat.obj
 0001:0004cd00       _write_i1                  0044dd00 f libf:cformat.obj
 0001:0004cd20       _write_i2                  0044dd20 f libf:cformat.obj
 0001:0004cd40       _write_c                   0044dd40 f libf:cformat.obj
 0001:0004cd60       _write_dc                  0044dd60 f libf:cformat.obj
 0001:0004cd80       _write_l                   0044dd80 f libf:cformat.obj
 0001:0004cda0       _write_l1                  0044dda0 f libf:cformat.obj
 0001:0004cdb0       _write_l2                  0044ddb0 f libf:cformat.obj
 0001:0004cdc0       _write_ch                  0044ddc0 f libf:cformat.obj
 0001:0004cde0       _write_ch_save             0044dde0 f libf:cformat.obj
 0001:0004ce00       _read_d                    0044de00 f libf:cformat.obj
 0001:0004ceb0       _read_r                    0044deb0 f libf:cformat.obj
 0001:0004cf60       _read_i                    0044df60 f libf:cformat.obj
 0001:0004d010       _read_i1                   0044e010 f libf:cformat.obj
 0001:0004d0c0       _read_i2                   0044e0c0 f libf:cformat.obj
 0001:0004d180       _read_c                    0044e180 f libf:cformat.obj
 0001:0004d230       _read_dc                   0044e230 f libf:cformat.obj
 0001:0004d2e0       _read_ch                   0044e2e0 f libf:cformat.obj
 0001:0004d3a0       _read_l                    0044e3a0 f libf:cformat.obj
 0001:0004d450       _read_l1                   0044e450 f libf:cformat.obj
 0001:0004d500       _read_l2                   0044e500 f libf:cformat.obj
 0001:0004d5b0       _f90_open                  0044e5b0 f libf:copen.obj
 0001:0004de90       _f90_write                 0044ee90 f libf:cwrite.obj
 0001:0004e070       _f90_endwrite              0044f070 f libf:cwrite.obj
 0001:0004e0c0       ___FHvexpl@8               0044f0c0 f libf:helper.obj
 0001:0004e140       ___FHfexpl@8               0044f140 f libf:helper.obj
 0001:0004e180       ___FHishal@8               0044f180 f libf:helper.obj
 0001:0004e1d0       ___FHishll@8               0044f1d0 f libf:helper.obj
 0001:0004e210       ___FHlink@4                0044f210 f libf:helper.obj
 0001:0004e230       ___FHunlink@0              0044f230 f libf:helper.obj
 0001:0004e240       ___FHbigint@0              0044f240 f libf:helper.obj
 0001:0004e260       ___FHranger@0              0044f260 f libf:helper.obj
 0001:0004e280       ___FHsranger@0             0044f280 f libf:helper.obj
 0001:0004e2a0       ___FHAGOTO@0               0044f2a0 f libf:helper.obj
 0001:0004e2b0       ___FHovfl@0                0044f2b0 f libf:helper.obj
 0001:0004e2d0       ___FHCASE@0                0044f2d0 f libf:helper.obj
 0001:0004e2f0       ___Dollar_debug_unwind     0044f2f0 f libf:helper.obj
 0001:0004e470       ___FFmathstub              0044f470 f libf:intrin.obj
 0001:0004e471       __FIfexp                   0044f471 f libf:intrin.obj
 0001:0004e48c       __FIcos                    0044f48c f libf:intrin.obj
 0001:0004e4a7       __FIsin                    0044f4a7 f libf:intrin.obj
 0001:0004e4c2       __FItan                    0044f4c2 f libf:intrin.obj
 0001:0004e4dd       __FIsqrt                   0044f4dd f libf:intrin.obj
 0001:0004e4f8       __FIdprod                  0044f4f8 f libf:intrin.obj
 0001:0004e4fb       __FIlog                    0044f4fb f libf:intrin.obj
 0001:0004e516       __FIalog10                 0044f516 f libf:intrin.obj
 0001:0004e531       __FIacos                   0044f531 f libf:intrin.obj
 0001:0004e54c       __FIcosh                   0044f54c f libf:intrin.obj
 0001:0004e567       __FIasin                   0044f567 f libf:intrin.obj
 0001:0004e582       __FIsinh                   0044f582 f libf:intrin.obj
 0001:0004e59d       __FIatan                   0044f59d f libf:intrin.obj
 0001:0004e5b8       __FIatan2                  0044f5b8 f libf:intrin.obj
 0001:0004e5d3       __FItanh                   0044f5d3 f libf:intrin.obj
 0001:0004e608       __FIcotan                  0044f608 f libf:intrin.obj
 0001:0004e64e       __FIexp                    0044f64e f libf:intrin.obj
 0001:0004e669       __FIamod                   0044f669 f libf:intrin.obj
 0001:0004e684       __FIsign                   0044f684 f libf:intrin.obj
 0001:0004e6b8       __FIdim                    0044f6b8 f libf:intrin.obj
 0001:0004e6f1       __FIIaint                  0044f6f1   libf:intrin.obj
 0001:0004e6f1       __FIaint                   0044f6f1 f libf:intrin.obj
 0001:0004e718       __FIanint                  0044f718 f libf:intrin.obj
 0001:0004e718       __FIIanint                 0044f718   libf:intrin.obj
 0001:0004e781       __FIIcdiv                  0044f781   libf:intrin.obj
 0001:0004e781       __FIcdiv                   0044f781 f libf:intrin.obj
 0001:0004e87d       __FIcpow                   0044f87d f libf:intrin.obj
 0001:0004e973       __FIcabs                   0044f973 f libf:intrin.obj
 0001:0004e9e7       __FIccos                   0044f9e7 f libf:intrin.obj
 0001:0004ea50       __FIcsin                   0044fa50 f libf:intrin.obj
 0001:0004eab7       __FIcexp                   0044fab7 f libf:intrin.obj
 0001:0004eb08       __FIclog                   0044fb08 f libf:intrin.obj
 0001:0004eb5c       __FIcsqrt                  0044fb5c f libf:intrin.obj
 0001:0004ec10       _mkatmp_i1                 0044fc10 f libf:memory.obj
 0001:0004ec80       _mkatmp_i2                 0044fc80 f libf:memory.obj
 0001:0004ecf0       _mkatmp_i                  0044fcf0 f libf:memory.obj
 0001:0004ed60       _mkatmp_r                  0044fd60 f libf:memory.obj
 0001:0004edd0       _mkatmp_d                  0044fdd0 f libf:memory.obj
 0001:0004ee40       _mkatmp_c                  0044fe40 f libf:memory.obj
 0001:0004eeb0       _mkatmp_dc                 0044feb0 f libf:memory.obj
 0001:0004ef20       _mkatmp_l                  0044ff20 f libf:memory.obj
 0001:0004ef90       _mkatmp_l1                 0044ff90 f libf:memory.obj
 0001:0004f000       _mkatmp_l2                 00450000 f libf:memory.obj
 0001:0004f070       _mkatmp_ch                 00450070 f libf:memory.obj
 0001:0004f0e0       _freevec_i                 004500e0 f libf:memory.obj
 0001:0004f120       _freevec_i1                00450120 f libf:memory.obj
 0001:0004f160       _freevec_i2                00450160 f libf:memory.obj
 0001:0004f1a0       _freevec_r                 004501a0 f libf:memory.obj
 0001:0004f1e0       _freevec_d                 004501e0 f libf:memory.obj
 0001:0004f220       _freevec_c                 00450220 f libf:memory.obj
 0001:0004f260       _freevec_dc                00450260 f libf:memory.obj
 0001:0004f2a0       _freevec_l                 004502a0 f libf:memory.obj
 0001:0004f2e0       _freevec_l1                004502e0 f libf:memory.obj
 0001:0004f320       _freevec_l2                00450320 f libf:memory.obj
 0001:0004f360       _freevec_ch                00450360 f libf:memory.obj
 0001:0004f3a0       _pAlloc                    004503a0 f libf:memory.obj
 0001:0004f3e0       _aAlloc                    004503e0 f libf:memory.obj
 0001:0004f420       _pDeAlloc                  00450420 f libf:memory.obj
 0001:0004f540       _aaDeAlloc                 00450540 f libf:memory.obj
 0001:0004f5b0       __Allocate_s               004505b0 f libf:memory.obj
 0001:0004f600       __Deallocate_s             00450600 f libf:memory.obj
 0001:0004f640       __Allocate_a               00450640 f libf:memory.obj
 0001:0004f700       __Allocate_ca              00450700 f libf:memory.obj
 0001:0004f7d0       __Deallocate_a             004507d0 f libf:memory.obj
 0001:0004f840       __Deallocate_ca            00450840 f libf:memory.obj
 0001:0004f8b0       _make_info                 004508b0 f libf:memory.obj
 0001:0004f930       __Allocate_i               00450930 f libf:memory.obj
 0001:0004f9f0       __check_Allocate_i         004509f0 f libf:memory.obj
 0001:0004fa40       __Deallocate_i             00450a40 f libf:memory.obj
 0001:0004fac0       __check_Alloc              00450ac0 f libf:memory.obj
 0001:0004faf0       _assume_shape              00450af0 f libf:memory.obj
 0001:0004fb60       _assume_chshape            00450b60 f libf:memory.obj
 0001:0004fbc0       _RANDOM@4                  00450bc0 f libf:random77.obj
 0001:0004fbd0       _SEED@4                    00450bd0 f libf:random77.obj
 0001:0004fc20       _lbound_info               00450c20 f libf:lb_info.obj
 0001:0004fc80       _ubound_fixed              00450c80 f libf:ubound.obj
 0001:0004fcf0       _ubound_afixed             00450cf0 f libf:ubound.obj
 0001:0004fd80       _ubound_ptr                00450d80 f libf:ubound.obj
 0001:0004fde0       _ubound_cptr               00450de0 f libf:ubound.obj
 0001:0004fe40       _ubound_info               00450e40 f libf:ubound.obj
 0001:0004fea0       _ubound_ainfo              00450ea0 f libf:ubound.obj
 0001:0004ff10       _ubound_vector             00450f10 f libf:ubound.obj
 0001:0004ff60       __FFsSTOP                  00450f60 f libf:sstop.obj
 0001:0004ffb0       _f90_rewind                00450fb0 f libf:crewind.obj
 0001:00050070       _lread_i                   00451070 f libf:clinput.obj
 0001:00050120       _lread_i1                  00451120 f libf:clinput.obj
 0001:000501d0       _lread_i2                  004511d0 f libf:clinput.obj
 0001:00050280       _lread_d                   00451280 f libf:clinput.obj
 0001:00050330       _lread_r                   00451330 f libf:clinput.obj
 0001:000503e0       _lread_dc                  004513e0 f libf:clinput.obj
 0001:00050490       _lread_c                   00451490 f libf:clinput.obj
 0001:00050540       _lread_l                   00451540 f libf:clinput.obj
 0001:000505f0       _lread_l2                  004515f0 f libf:clinput.obj
 0001:000506a0       _lread_l1                  004516a0 f libf:clinput.obj
 0001:00050750       _lread_ch                  00451750 f libf:clinput.obj
 0001:00050810       _f90_read                  00451810 f libf:cread.obj
 0001:00050a80       _f90_endread               00451a80 f libf:cread.obj
 0001:00050ae0       __FIstrcpy@24              00451ae0 f libf:intrnchr.obj
 0001:00050b50       __FIstraddr@16             00451b50 f libf:intrnchr.obj
 0001:00050b70       __FIstrcat                 00451b70 f libf:intrnchr.obj
 0001:00050c50       __FIpstrcat                00451c50 f libf:intrnchr.obj
 0001:00050d50       __FIdbgstrcpy@32           00451d50 f libf:intrnchr.obj
 0001:00050db0       __FIdbgstraddr@20          00451db0 f libf:intrnchr.obj
 0001:00050df0       __FIdbgstrcat              00451df0 f libf:intrnchr.obj
 0001:00050f70       __FIdbgpstrcat             00451f70 f libf:intrnchr.obj
 0001:000510b0       __FIvaxstrcpy@24           004520b0 f libf:intrnchr.obj
 0001:00051120       __FIvaxstrcat              00452120 f libf:intrnchr.obj
 0001:00051220       __FIpcleanup@4             00452220 f libf:intrnchr.obj
 0001:00051230       __FIclge@16                00452230 f libf:intrnchr.obj
 0001:00051260       __FIcleq@16                00452260 f libf:intrnchr.obj
 0001:00051290       __FIclne@16                00452290 f libf:intrnchr.obj
 0001:000512c0       __FIclgt@16                004522c0 f libf:intrnchr.obj
 0001:000512f0       __FIclle@16                004522f0 f libf:intrnchr.obj
 0001:00051320       __FIcllt@16                00452320 f libf:intrnchr.obj
 0001:00051350       _ccmp@16                   00452350 f libf:intrnchr.obj
 0001:00051420       __FIindex@20               00452420 f libf:intrnchr.obj
 0001:000515d0       __FIlentrim@8              004525d0 f libf:intrnchr.obj
 0001:000515f0       __FIscan@20                004525f0 f libf:intrnchr.obj
 0001:00051700       __FIverify@20              00452700 f libf:intrnchr.obj
 0001:00051800       __FIdbgarraysec            00452800 f libf:intrnchr.obj
 0001:000518a0       _GETTIM@16                 004528a0 f libf:timdat.obj
 0001:00051900       _GETDAT@12                 00452900 f libf:timdat.obj
 0001:00051940       _SETTIM@16                 00452940 f libf:timdat.obj
 0001:00051a70       _SETDAT@12                 00452a70 f libf:timdat.obj
 0001:00051b80       _crash                     00452b80 f libf:errors.obj
 0001:00051bd0       _io_abort                  00452bd0 f libf:errors.obj
 0001:00051c10       __FFalloc                  00452c10 f libf:alla.obj
 0001:00051ce0       __FFdeall                  00452ce0 f libf:alla.obj
 0001:00051d80       __FIIfexp                  00452d80 f libf:intrini.obj
 0001:00051daf       __FIItan                   00452daf f libf:intrini.obj
 0001:00051dde       __FIIlog                   00452dde f libf:intrini.obj
 0001:00051e0f       __FIIalog10                00452e0f f libf:intrini.obj
 0001:00051e40       __FIIacos                  00452e40 f libf:intrini.obj
 0001:00051e6f       __FIIcosh                  00452e6f f libf:intrini.obj
 0001:00051e9e       __FIIasin                  00452e9e f libf:intrini.obj
 0001:00051ecd       __FIIsinh                  00452ecd f libf:intrini.obj
 0001:00051efc       __FIIatan                  00452efc f libf:intrini.obj
 0001:00051f2b       __FIIatan2                 00452f2b f libf:intrini.obj
 0001:00051f5a       __FIItanh                  00452f5a f libf:intrini.obj
 0001:00051fa3       __FIIcotan                 00452fa3 f libf:intrini.obj
 0001:00051fd2       __FIIexp                   00452fd2 f libf:intrini.obj
 0001:00052001       __FIIamod                  00453001 f libf:intrini.obj
 0001:00052030       __FIIsign                  00453030 f libf:intrini.obj
 0001:00052054       __FIIdim                   00453054 f libf:intrini.obj
 0001:0005207d       __FIIcpow                  0045307d f libf:intrini.obj
 0001:0005213b       __FIIcabs                  0045313b f libf:intrini.obj
 0001:000521a5       __FIIccos                  004531a5 f libf:intrini.obj
 0001:000521f4       __FIIcsin                  004531f4 f libf:intrini.obj
 0001:00052241       __FIIcexp                  00453241 f libf:intrini.obj
 0001:00052281       __FIIclog                  00453281 f libf:intrini.obj
 0001:000522c7       __FIIcsqrt                 004532c7 f libf:intrini.obj
 0001:00052360       ___FF_nrectmo@0            00453360 f libf:nrectmo.obj
 0001:000523c0       ___FF_nrectmi@0            004533c0 f libf:nrectmi.obj
 0001:00052440       ___FF_nrecfso@0            00453440 f libf:nrecfso.obj
 0001:00052490       ___FF_nrecfsi@0            00453490 f libf:nrecfsi.obj
 0001:000524f0       ___FF_fmtout@4             004534f0 f libf:fmtout.obj
 0001:000529a0       ___FF_enclong@12           004539a0 f libf:wr.obj
 0001:00052a70       __FFwr                     00453a70 f libf:wr.obj
 0001:00052b60       __FFwr2                    00453b60 f libf:wr2.obj
 0001:00052bc0       ___FF_encflt@8             00453bc0 f libf:encflt.obj
 0001:00052f60       ___FF_nrecino@0            00453f60 f libf:nrecino.obj
 0001:00052fc0       ___FF_getname@4            00453fc0 f libf:core.obj
 0001:00053030       ___FF_xerrs@4              00454030 f libf:core.obj
 0001:00053070       __FFend                    00454070 f libf:core.obj
 0001:000531f0       __FFinit                   004541f0 f libf:core.obj
 0001:00053450       __FFinit_dll               00454450 f libf:core.obj
 0001:000535c0       ___FF_rmblanks@0           004545c0 f libf:core.obj
 0001:00053610       ___FFtk@12                 00454610 f libf:core.obj
 0001:00053790       ___FFgn@0                  00454790 f libf:core.obj
 0001:000537a0       ___FF_findrec@4            004547a0 f libf:core.obj
 0001:00053830       ___FFpu@4                  00454830 f libf:core.obj
 0001:000539a0       ___FF_searchunit@4         004549a0 f libf:core.obj
 0001:00053a80       ___FF_findunit@4           00454a80 f libf:core.obj
 0001:00053af0       ___FF_isdevice@0           00454af0 f libf:core.obj
 0001:00053c20       ___FF_searchfile@4         00454c20 f libf:core.obj
 0001:00053d20       ___FF_getfip@4             00454d20 f libf:core.obj
 0001:00053db0       ___FFio@12                 00454db0 f libf:core.obj
 0001:00053e30       ___FF_op@8                 00454e30 f libf:core.obj
 0001:000546d0       ___FF_werr@0               004556d0 f libf:core.obj
 0001:00054710       ___FF_flushbuf@8           00455710 f libf:core.obj
 0001:000548f0       ___FF_chw2r@0              004558f0 f libf:core.obj
 0001:00054970       ___FF_cl@12                00455970 f libf:core.obj
 0001:00054b80       ___FF_freefcb@12           00455b80 f libf:core.obj
 0001:00054c60       ___FF_chtmod@0             00455c60 f libf:core.obj
 0001:00054c90       ___FF_oread@8              00455c90 f libf:core.obj
 0001:00054da0       ___FF_owrite@4             00455da0 f libf:core.obj
 0001:00054dd0       ___FF_alloc@4              00455dd0 f libf:core.obj
 0001:00054e00       ___FF_getfcb@4             00455e00 f libf:core.obj
 0001:00054e70       ___FF_putds@8              00455e70 f libf:core.obj
 0001:00054ec0       __FFStubFunc@0             00455ec0 f libf:core.obj
 0001:00054ed0       _IsWindows                 00455ed0 f libf:core.obj
 0001:00054f10       _InitNullP                 00455f10 f libf:core.obj
 0001:00054f40       _CheckNullP                00455f40 f libf:core.obj
 0001:00054f70       _RError                    00455f70 f libf:core.obj
 0001:00054fc0       _GetStackSize              00455fc0 f libf:core.obj
 0001:00054fd0       _GetHandleQQ               00455fd0 f libf:core.obj
 0001:00054ff0       _f90_io_finish             00455ff0 f libf:cio.obj
 0001:00055000       _cidata_match              00456000 f libf:cio.obj
 0001:000550c0       __FFcls                    004560c0 f libf:cls.obj
 0001:000551f0       _CheckGlobalDescSize       004561f0 f libf:cdescr.obj
 0001:00055230       _AddWordToGlobalDesc       00456230 f libf:cdescr.obj
 0001:00055280       _AddLongToGlobalDesc       00456280 f libf:cdescr.obj
 0001:00055320       _AddRealToGlobalDesc       00456320 f libf:cdescr.obj
 0001:00055380       _Add8BytesToGlobalDesc     00456380 f libf:cdescr.obj
 0001:000553e0       _AddComplexToGlobalDesc    004563e0 f libf:cdescr.obj
 0001:00055450       _AddDComplexToGlobalDesc   00456450 f libf:cdescr.obj
 0001:000554d0       _AddStringToGlobalDesc     004564d0 f libf:cdescr.obj
 0001:00055570       _AddReadPtrToGlobalDesc    00456570 f libf:cdescr.obj
 0001:000555d0       _AddStrReadPtrToGlobalDesc 004565d0 f libf:cdescr.obj
 0001:00055630       _AddCmplxReadPtrToGlobalDesc 00456630 f libf:cdescr.obj
 0001:00055690       _AddDCmplxReadPtrToGlobalDesc 00456690 f libf:cdescr.obj
 0001:000556f0       _AddByteToDesc             004566f0 f libf:cdescr.obj
 0001:00055760       _AddStringToDesc           00456760 f libf:cdescr.obj
 0001:000557d0       _AddInqOpToGlobalDesc      004567d0 f libf:cdescr.obj
 0001:00055880       _AddInqOpToGlobalDesc2     00456880 f libf:cdescr.obj
 0001:00055910       _AddInqOpToInquireDesc     00456910 f libf:cdescr.obj
 0001:00055980       _AddInqOpToInquireDesc2    00456980 f libf:cdescr.obj
 0001:000559f0       _AddStringToGlobalList     004569f0 f libf:cdescr.obj
 0001:00055a60       _FreeGlobalStringList      00456a60 f libf:cdescr.obj
 0001:00055aa0       _CheckIOinIO               00456aa0 f libf:cdescr.obj
 0001:00055b60       _FinishIOinIO              00456b60 f libf:cdescr.obj
 0001:00055c20       __FFrd2                    00456c20 f libf:rd2.obj
 0001:00055c80       ___FF_declong@4            00456c80 f libf:rd.obj
 0001:00055d20       ___FF_login@0              00456d20 f libf:rd.obj
 0001:00055d80       __FFrd                     00456d80 f libf:rd.obj
 0001:00055e30       __FFopn                    00456e30 f libf:opn.obj
 0001:00056260       ___FF_puterr               00457260 f libf:puterr.obj
 0001:00056660       ___FF_error                00457660 f libf:puterr.obj
 0001:000568c0       __f90_updateeditdescs      004578c0 f libf:fmtcr.obj
 0001:000568f0       _gettok@0                  004578f0 f libf:fmtcr.obj
 0001:000569f0       _putint@4                  004579f0 f libf:fmtcr.obj
 0001:00056a20       _copyint@0                 00457a20 f libf:fmtcr.obj
 0001:00056a60       __FFfmtcr                  00457a60 f libf:fmtcr.obj
 0001:000574d0       _F90Error                  004584d0 f libf:cdreadu.obj
 0001:00057510       _f90_dreadu                00458510 f libf:cdreadu.obj
 0001:000575e0       _f90_enddreadu             004585e0 f libf:cdreadu.obj
 0001:00057630       __FFwrite_lk               00458630 f libf:ffwrite.obj
 0001:00057650       __FFwrite                  00458650 f libf:ffwrite.obj
 0001:00057720       __matherr                  00458720 f libf:matherr.obj
 0001:00057c10       _GetFpArgs                 00458c10 f libf:matherr.obj
 0001:00057c90       _SetFpReturn               00458c90 f libf:matherr.obj
 0001:00057d20       ___FF_mputerr              00458d20 f libf:matherr.obj
 0001:00058180       _FixMathExceptions         00459180 f libf:matherr.obj
 0001:000581b0       _MathSignal                004591b0 f libf:matherr.obj
 0001:000581f0       _InIntrinsic               004591f0 f libf:matherr.obj
 0001:00058200       _Alloc                     00459200 f libf:slowfit.obj
 0001:00058220       __DeAlloc                  00459220 f libf:slowfit.obj
 0001:00058230       __ReAlloc_90               00459230 f libf:slowfit.obj
 0001:00058270       ___FFgetseed               00459270 f libf:irand.obj
 0001:00058280       ___FFsetseed               00459280 f libf:irand.obj
 0001:00058290       ___FFresetseed             00459290 f libf:irand.obj
 0001:000582a0       ___FFirand                 004592a0 f libf:irand.obj
 0001:00058310       ___FFfrand                 00459310 f libf:irand.obj
 0001:00058330       ___FFdrand                 00459330 f libf:irand.obj
 0001:00058350       __FFrew                    00459350 f libf:rew.obj
 0001:000584b0       ___FF_fillbuf@0            004594b0 f libf:fillbuf.obj
 0001:000586b0       ___FF_getred@4             004596b0 f libf:getred.obj
 0001:00058e70       _stub0@0                   00459e70 f libf:iodec2.obj
 0001:00058e73       _stub1@4                   00459e73 f libf:iodec2.obj
 0001:00058e7c       _stub2@8                   00459e7c f libf:iodec2.obj
 0001:00058e90       ___FF_putbin@8             00459e90 f libf:putbin.obj
 0001:00059050       ___FF_getlong@0            0045a050 f libf:putbin.obj
 0001:000590c0       ___FFgm@8                  0045a0c0 f libf:getitem.obj
 0001:000591b0       ___FFgs@12                 0045a1b0 f libf:getitem.obj
 0001:00059200       _NumOccurences             0045a200 f libf:getitem.obj
 0001:00059240       ___FF_getitem@4            0045a240 f libf:getitem.obj
 0001:00059510       ___FF_trunc@0              0045a510 f libf:trunc.obj
 0001:00059590       ___FF_crkrw@0              0045a590 f libf:crkrw.obj
 0001:00059900       __arndfstr                 0045a900 f libf:arndfstr.obj
 0001:00059990       ___FF_dbgmsg@0             0045a990 f libf:dbgmsg.obj
 0001:00059a50       _FOCUSQQ@4                 0045aa50 f libf:focus32.obj
 0001:00059ab0       _INQFOCUSQQ@4              0045aab0 f libf:focus32.obj
 0001:00059b40       __unit2handle              0045ab40 f libf:focus32.obj
 0001:00059b90       _GETHANDLEQQ@4             0045ab90 f libf:focus32.obj
 0001:00059bc0       _GETUNITQQ@4               0045abc0 f libf:focus32.obj
 0001:00059bf0       _GETHWNDQQ@4               0045abf0 f libf:focus32.obj
 0001:00059c30       __FFread                   0045ac30 f libf:ffread.obj
 0001:00059d20       ___FF_cctl@4               0045ad20 f libf:cctl.obj
 0001:00059d90       ___FFgi@4                  0045ad90 f libf:gi.obj
 0001:00059e30       ___FF_strtol@8             0045ae30 f libf:fstrtol.obj
 0001:0005a0c0       ___FF_converchar@4         0045b0c0 f libf:fstrtol.obj
 0001:0005a110       __FRerror@4                0045b110 f libf:build.obj
 0001:0005a260       ___FF_ldin@4               0045b260 f libf:ldin.obj
 0001:0005a330       __FFuio                    0045b330 f libf:uio.obj
 0001:0005a610       _MATHERRQQ@20              0045b610 f libf:mhandler.obj
 0001:0005a620       ___FF_nrecini@0            0045b620 f libf:nrecini.obj
 0001:0005a640       ___FF_nrecfdi@0            0045b640 f libf:nrecfdi.obj
 0001:0005a6b0       ___FF_nrecfdo@0            0045b6b0 f libf:nrecfdo.obj
 0001:0005a710       ___FF_ldout@4              0045b710 f libf:ldout.obj
 0001:0005a810       ___FF_nlout@4              0045b810 f libf:nlout.obj
 0001:0005a9b0       ___FF_getchn@0             0045b9b0 f libf:fmtin.obj
 0001:0005ab60       ___FF_fmtin@4              0045bb60 f libf:fmtin.obj
 0001:0005b0c0       ___FF_getbounds@8          0045c0c0 f libf:nlin.obj
 0001:0005b110       ___FF_nlin@4               0045c110 f libf:nlin.obj
 0001:0005b840       ___FF_getnum@0             0045c840 f libf:getnum.obj
 0001:0005baa0       ___FF_putbint@8            0045caa0 f libf:tab.obj
 0001:0005bc70       ___FF_inrepo@4             0045cc70 f libf:tab.obj
 0001:0005bd80       ___FF_getnumt@0            0045cd80 f libf:tab.obj
 0001:0005be30       ___FF_getchnt@0            0045ce30 f libf:tab.obj
 0001:0005bed0       ___FF_bini@4               0045ced0 f libf:bini.obj
 0001:0005bf90       ___FF_ufseqi@4             0045cf90 f libf:ufseqi.obj
 0001:0005c150       ___FF_ufdiri@4             0045d150 f libf:ufdiri.obj
 0001:0005c260       ___FF_bino@4               0045d260 f libf:bino.obj
 0001:0005c3c0       ___FF_ufseqo@4             0045d3c0 f libf:ufseqo.obj
 0001:0005c5d0       ___FF_ufdiro@4             0045d5d0 f libf:ufdiro.obj
 0001:0005c6a0       ___FF_decflt@8             0045d6a0 f libf:decflt.obj
 0001:0005c790       ___FF_hex@0                0045d790 f libf:hex.obj
 0001:0005cc10       ___FF_bin@0                0045dc10 f libf:hex.obj
 0001:0005cef0       ___FF_oct@0                0045def0 f libf:hex.obj
 0001:0005d200       ___FF_input@0              0045e200 f libf:input.obj
 0001:0005d720       ___FF_output@0             0045e720 f libf:output.obj
 0001:0005d9c0       ___FF_intin@4              0045e9c0 f libf:intin.obj
 0001:0005da30       ___FF_getu_item@0          0045ea30 f libf:ugi.obj
 0001:0005daa0       _f90_readn                 0045eaa0 f libf:creadn.obj
 0001:0005e7e0       _insync_namelist           0045f7e0 f libf:creadn.obj
 0001:0005e7f0       _outsync_namelist          0045f7f0 f libf:creadn.obj
 0001:0005ed90       __fpmath                   0045fd90 f libc:fpinit.obj
 0001:0005edb0       __fpclear                  0045fdb0 f libc:fpinit.obj
 0001:0005edc0       __cfltcvt_init             0045fdc0 f libc:fpinit.obj
 0001:0005ee00       ___setfflag                0045fe00 f libc:fpinit.obj
 0001:0005ee10       __ftol                     0045fe10 f libc:ftol.obj
 0001:0005ee40       _mainCRTStartup            0045fe40 f libc:crt0.obj
 0001:0005ef50       __amsg_exit                0045ff50 f libc:crt0.obj
 0001:0005ef7c       __setjmp3                  0045ff7c f libc:setjmp3.obj
 0001:0005f000       __alloca_probe             00460000   libc:chkstk.obj
 0001:0005f000       __chkstk                   00460000   libc:chkstk.obj
 0001:0005f030       __itoa                     00460030 f libc:xtoa.obj
 0001:0005f0d0       __ltoa                     004600d0 f libc:xtoa.obj
 0001:0005f100       __ultoa                    00460100 f libc:xtoa.obj
 0001:0005f120       _strchr                    00460120 f libc:strchr.obj
 0001:0005f140       _sin                       00460140 f libc:87ctrig.obj
 0001:0005f14a       _cos                       0046014a f libc:87ctrig.obj
 0001:0005f151       _tan                       00460151 f libc:87ctrig.obj
 0001:0005f158       __CIsin                    00460158 f libc:87ctrig.obj
 0001:0005f162       __CIcos                    00460162 f libc:87ctrig.obj
 0001:0005f169       __CItan                    00460169 f libc:87ctrig.obj
 0001:0005f170       _sqrt                      00460170 f libc:87csqrt.obj
 0001:0005f17a       __CIsqrt                   0046017a f libc:87csqrt.obj
 0001:0005f190       _asin                      00460190 f libc:87ctriga.obj
 0001:0005f19a       _acos                      0046019a f libc:87ctriga.obj
 0001:0005f1a1       _atan                      004601a1 f libc:87ctriga.obj
 0001:0005f1a8       _atan2                     004601a8 f libc:87ctriga.obj
 0001:0005f1b2       __CIasin                   004601b2 f libc:87ctriga.obj
 0001:0005f1bc       __CIacos                   004601bc f libc:87ctriga.obj
 0001:0005f1c3       __CIatan                   004601c3 f libc:87ctriga.obj
 0001:0005f1ca       __CIatan2                  004601ca f libc:87ctriga.obj
 0001:0005f1e0       _pow                       004601e0 f libc:87ctran.obj
 0001:0005f1ea       _log                       004601ea f libc:87ctran.obj
 0001:0005f1f4       _log10                     004601f4 f libc:87ctran.obj
 0001:0005f1fb       _exp                       004601fb f libc:87ctran.obj
 0001:0005f202       __CIpow                    00460202 f libc:87ctran.obj
 0001:0005f20c       __CIlog                    0046020c f libc:87ctran.obj
 0001:0005f216       __CIlog10                  00460216 f libc:87ctran.obj
 0001:0005f21d       __CIexp                    0046021d f libc:87ctran.obj
 0001:0005f230       _sinh                      00460230 f libc:87ctrigh.obj
 0001:0005f23a       _cosh                      0046023a f libc:87ctrigh.obj
 0001:0005f241       _tanh                      00460241 f libc:87ctrigh.obj
 0001:0005f248       __CIsinh                   00460248 f libc:87ctrigh.obj
 0001:0005f252       __CIcosh                   00460252 f libc:87ctrigh.obj
 0001:0005f259       __CItanh                   00460259 f libc:87ctrigh.obj
 0001:0005f260       _fmod                      00460260 f libc:87fmod.obj
 0001:0005f26a       __CIfmod                   0046026a f libc:87fmod.obj
 0001:0005f2a0       _time                      004602a0 f libc:time.obj
 0001:0005f300       _clock                     00460300 f libc:clock.obj
 0001:0005f340       ___inittime                00460340 f libc:clock.obj
 0001:0005f350       __cinit                    00460350 f libc:crt0dat.obj
 0001:0005f380       _exit                      00460380 f libc:crt0dat.obj
 0001:0005f3a0       __exit                     004603a0 f libc:crt0dat.obj
 0001:0005f3c0       __cexit                    004603c0 f libc:crt0dat.obj
 0001:0005f3d0       __c_exit                   004603d0 f libc:crt0dat.obj
 0001:0005f480       _memmove                   00460480 f libc:memmove.obj
 0001:0005f5d0       _malloc                    004605d0 f libc:malloc.obj
 0001:0005f5f0       __nh_malloc                004605f0 f libc:malloc.obj
 0001:0005f630       __heap_alloc               00460630 f libc:malloc.obj
 0001:0005f650       _free                      00460650 f libc:free.obj
 0001:0005f670       _realloc                   00460670 f libc:realloc.obj
 0001:0005f6e0       _memchr                    004606e0 f libc:memchr.obj
 0001:0005f790       _printf                    00460790 f libc:printf.obj
 0001:0005f7d0       _abort                     004607d0 f libc:abort.obj
 0001:0005f7f0       _fputs                     004607f0 f libc:fputs.obj
 0001:0005f850       ___initstdio               00460850 f libc:_file.obj
 0001:0005f920       ___endstdio                00460920 f libc:_file.obj
 0001:0005f940       _vfprintf                  00460940 f libc:vfprintf.obj
 0001:0005f980       __isatty                   00460980 f libc:isatty.obj
 0001:0005f9b0       __fltout                   004609b0 f libc:cfout.obj
 0001:0005fa20       ___dtold                   00460a20 f libc:cfout.obj
 0001:0005fae0       _strncpy                   00460ae0 f libc:strncpy.obj
 0001:0005fb10       __onexit                   00460b10 f libc:onexit.obj
 0001:0005fb90       _atexit                    00460b90 f libc:onexit.obj
 0001:0005fbb0       ___onexitinit              00460bb0 f libc:onexit.obj
 0001:0005fbf0       __open                     00460bf0 f libc:open.obj
 0001:0005fc10       __sopen                    00460c10 f libc:open.obj
 0001:00060030       __FF_MSGBANNER             00461030 f libc:crt0msg.obj
 0001:00060070       __NMSG_WRITE               00461070 f libc:crt0msg.obj
 0001:00060260       __GET_RTERRMSG             00461260 f libc:crt0msg.obj
 0001:000602a0       __lseek                    004612a0 f libc:lseek.obj
 0001:00060360       __stricmp                  00461360 f libc:stricmp.obj
 0001:00060360       __strcmpi                  00461360   libc:stricmp.obj
 0001:000603f0       __alloc_osfhnd             004613f0 f libc:osfinfo.obj
 0001:000604b0       __set_osfhnd               004614b0 f libc:osfinfo.obj
 0001:00060560       __free_osfhnd              00461560 f libc:osfinfo.obj
 0001:000605f0       __get_osfhandle            004615f0 f libc:osfinfo.obj
 0001:00060640       __open_osfhandle           00461640 f libc:osfinfo.obj
 0001:000606f0       _remove                    004616f0 f libc:unlink.obj
 0001:00060720       __unlink                   00461720 f libc:unlink.obj
 0001:00060730       __access                   00461730 f libc:access.obj
 0001:00060780       __close                    00461780 f libc:close.obj
 0001:00060850       __write                    00461850 f libc:write.obj
 0001:00060a80       __toupper                  00461a80 f libc:toupper.obj
 0001:00060a90       _toupper                   00461a90 f libc:toupper.obj
 0001:00060b80       __isctype                  00461b80 f libc:isctype.obj
 0001:00060c20       __mktemp                   00461c20 f libc:mktemp.obj
 0001:00060cf4       _longjmp                   00461cf4 f libc:longjmp.obj
 0001:00060d70       _vsprintf                  00461d70 f libc:vsprintf.obj
 0001:00060de0       __setmode                  00461de0 f libc:setmode.obj
 0001:00060e60       _strncmp                   00461e60 f libc:strncmp.obj
 0001:00060ea0       _signal                    00461ea0 f libc:winsig.obj
 0001:00061050       _raise                     00462050 f libc:winsig.obj
 0001:00061220       __chsize                   00462220 f libc:chsize.obj
 0001:00061390       __read                     00462390 f libc:read.obj
 0001:00061600       __tolower                  00462600 f libc:tolower.obj
 0001:00061610       _tolower                   00462610 f libc:tolower.obj
 0001:00061700       __tell                     00462700 f libc:tell.obj
 0001:00061720       _strstr                    00462720 f libc:strstr.obj
 0001:00061760       _strcspn                   00462760 f libc:strcspn.obj
 0001:000617a0       __fltinf                   004627a0 f libc:fltinf.obj
 0001:00061870       __setdefaultprecision      00462870 f libc:fp8.obj
 0001:00061890       __ms_p5_test_fdiv          00462890 f libc:testfdiv.obj
 0001:000618e0       __ms_p5_mp_test_fdiv       004628e0 f libc:testfdiv.obj
 0001:00061a00       __forcdecpt                00462a00 f libc:cvt.obj
 0001:00061a70       __cropzeros                00462a70 f libc:cvt.obj
 0001:00061ad0       __positive                 00462ad0 f libc:cvt.obj
 0001:00061af0       __fassign                  00462af0 f libc:cvt.obj
 0001:00061b40       __cftoe                    00462b40 f libc:cvt.obj
 0001:00061c80       __cftof                    00462c80 f libc:cvt.obj
 0001:00061d80       __cftog                    00462d80 f libc:cvt.obj
 0001:00061e90       __cfltcvt                  00462e90 f libc:cvt.obj
 0001:00061f2c       __global_unwind2           00462f2c f libc:exsup.obj
 0001:00061f6e       __local_unwind2            00462f6e f libc:exsup.obj
 0001:00061fc6       __NLG_Return2              00462fc6   libc:exsup.obj
 0001:00061fd6       __abnormal_termination     00462fd6 f libc:exsup.obj
 0001:00061ff9       __NLG_Notify1              00462ff9 f libc:exsup.obj
 0001:00062002       __NLG_Notify               00463002 f libc:exsup.obj
 0001:00062015       __NLG_Dispatch             00463015   libc:exsup.obj
 0001:00062020       __XcptFilter               00463020 f libc:winxfltr.obj
 0001:000621b0       __setenvp                  004631b0 f libc:stdenvp.obj
 0001:00062290       __setargv                  00463290 f libc:stdargv.obj
 0001:00062510       ___crtGetEnvironmentStringsW 00463510 f libc:aw_env.obj
 0001:00062710       ___crtGetEnvironmentStringsA 00463710 f libc:aw_env.obj
 0001:000628b0       __setmbcp                  004638b0 f libc:mbctype.obj
 0001:00062b70       __getmbcp                  00463b70 f libc:mbctype.obj
 0001:00062b80       ___initmbctable            00463b80 f libc:mbctype.obj
 0001:00062b90       __ioinit                   00463b90 f libc:ioinit.obj
 0001:00062d70       __ioterm                   00463d70 f libc:ioinit.obj
 0001:00062da0       __heap_init                00463da0 f libc:heapinit.obj
 0001:00062dc0       __heap_term                00463dc0 f libc:heapinit.obj
 0001:00062dd8       __except_handler3          00463dd8 f libc:exsup3.obj
 0001:00062e95       __seh_longjmp_unwind@4     00463e95 f libc:exsup3.obj
 0001:00062eb0       __fFCOS                    00463eb0   libc:87trig.obj
 0001:00062eba       __fFSIN                    00463eba   libc:87trig.obj
 0001:00062ee0       __cintrindisp2             00463ee0 f libc:87cdisp.obj
 0001:00062f1e       __cintrindisp1             00463f1e f libc:87cdisp.obj
 0001:00062f54       __ctrandisp2               00463f54 f libc:87cdisp.obj
 0001:000630c5       __ctrandisp1               004640c5 f libc:87cdisp.obj
 0001:000630f1       __fload                    004640f1 f libc:87cdisp.obj
 0001:0006316c       __fFATN2                   0046416c   libc:87triga.obj
 0001:000631bc       __rtpiby2                  004641bc   libc:87triga.obj
 0001:00063211       __fFEXP                    00464211   libc:87tran.obj
 0001:00063278       __rtinfpopse               00464278   libc:87tran.obj
 0001:0006327a       __rtinfnpopse              0046427a   libc:87tran.obj
 0001:0006328a       __fFLN                     0046428a   libc:87tran.obj
 0001:0006333f       __rtinfpop                 0046433f   libc:87tran.obj
 0001:00063341       __rtinfnpop                00464341   libc:87tran.obj
 0001:0006335e       __ffexpm1                  0046435e   libc:87tran.obj
 0001:00063410       __fFSINH                   00464410   libc:87trigh.obj
 0001:00063462       __fFCOSH                   00464462   libc:87trigh.obj
 0001:00063510       __trandisp1                00464510 f libc:87disp.obj
 0001:00063577       __trandisp2                00464577 f libc:87disp.obj
 0001:00063603       __rttospopde               00464603   libc:87disp.obj
 0001:00063608       __rttospop                 00464608   libc:87disp.obj
 0001:0006360a       __rtnospop                 0046460a   libc:87disp.obj
 0001:0006360c       __rttosnpop                0046460c   libc:87disp.obj
 0001:0006360d       __rtnospopde               0046460d   libc:87disp.obj
 0001:00063614       __rtzeropop                00464614   libc:87disp.obj
 0001:00063616       __rtzeronpop               00464616   libc:87disp.obj
 0001:0006361b       __rtonepop                 0046461b   libc:87disp.obj
 0001:0006361d       __rtonenpop                0046461d   libc:87disp.obj
 0001:00063622       __tosnan1                  00464622   libc:87disp.obj
 0001:0006364d       __nosnan2                  0046464d   libc:87disp.obj
 0001:0006364f       __tosnan2                  0046464f   libc:87disp.obj
 0001:00063677       __nan2                     00464677   libc:87disp.obj
 0001:000636b6       __rtindfpop                004646b6   libc:87disp.obj
 0001:000636b8       __rtindfnpop               004646b8   libc:87disp.obj
 0001:000636c9       __rttosnpopde              004646c9   libc:87disp.obj
 0001:000636d3       __rtchsifneg               004646d3   libc:87disp.obj
 0001:000636e0       _fdiv_main_routine         004646e0 f libc:adj_fdiv.obj
 0001:000637f7       __adj_fdiv_r               004647f7 f libc:adj_fdiv.obj
 0001:00063c96       __fdivp_sti_st             00464c96 f libc:adj_fdiv.obj
 0001:00063ca9       __fdivrp_sti_st            00464ca9 f libc:adj_fdiv.obj
 0001:00063cbc       __adj_fdiv_m32             00464cbc f libc:adj_fdiv.obj
 0001:00063d08       __adj_fdiv_m64             00464d08 f libc:adj_fdiv.obj
 0001:00063d54       __adj_fdiv_m16i            00464d54 f libc:adj_fdiv.obj
 0001:00063d88       __adj_fdiv_m32i            00464d88 f libc:adj_fdiv.obj
 0001:00063dbc       __adj_fdivr_m32            00464dbc f libc:adj_fdiv.obj
 0001:00063e08       __adj_fdivr_m64            00464e08 f libc:adj_fdiv.obj
 0001:00063e54       __adj_fdivr_m16i           00464e54 f libc:adj_fdiv.obj
 0001:00063e88       __adj_fdivr_m32i           00464e88 f libc:adj_fdiv.obj
 0001:00063ebc       __safe_fdiv                00464ebc f libc:adj_fdiv.obj
 0001:00063ed1       __safe_fdivr               00464ed1 f libc:adj_fdiv.obj
 0001:00063ee6       __fprem_common             00464ee6 f libc:adj_fdiv.obj
 0001:000640ec       __adj_fprem                004650ec f libc:adj_fdiv.obj
 0001:0006419e       __fprem1_common            0046519e f libc:adj_fdiv.obj
 0001:000643a4       __adj_fprem1               004653a4 f libc:adj_fdiv.obj
 0001:00064459       __safe_fprem               00465459 f libc:adj_fdiv.obj
 0001:0006445f       __safe_fprem1              0046545f f libc:adj_fdiv.obj
 0001:00064465       __adj_fpatan               00465465 f libc:adj_fdiv.obj
 0001:00064468       __adj_fptan                00465468 f libc:adj_fdiv.obj
 0001:00064470       ___loctotime_t             00465470 f libc:dtoxtime.obj
 0001:00064550       __ftime                    00465550 f libc:ftime.obj
 0001:00064600       ?_set_new_handler@@YAP6AHI@ZP6AHI@Z@Z 00465600 f libc:handler.obj
 0001:00064610       ?_query_new_handler@@YAP6AHI@ZXZ 00465610 f libc:handler.obj
 0001:00064620       ?set_new_handler@@YAP6AXXZP6AXXZ@Z 00465620 f libc:handler.obj
 0001:00064650       __callnewh                 00465650 f libc:handler.obj
 0001:00064680       __stbuf                    00465680 f libc:_sftbuf.obj
 0001:00064720       __ftbuf                    00465720 f libc:_sftbuf.obj
 0001:00064770       __output                   00465770 f libc:output.obj
 0001:00065260       _fwrite                    00466260 f libc:fwrite.obj
 0001:000653e0       _calloc                    004663e0 f libc:calloc.obj
 0001:00065440       __fcloseall                00466440 f libc:closeall.obj
 0001:000654c0       _fflush                    004664c0 f libc:fflush.obj
 0001:00065510       __flush                    00466510 f libc:fflush.obj
 0001:00065580       __flushall                 00466580 f libc:fflush.obj
 0001:00065600       _$I10_OUTPUT               00466600 f libc:x10fout.obj
 0001:000659a0       __msize                    004669a0 f libc:msize.obj
 0001:000659c0       __dosmaperr                004669c0 f libc:dosmap.obj
 0001:00065a30       ___crtMessageBoxA          00466a30 f libc:crtmbox.obj
 0001:00065ad0       ___crtLCMapStringW         00466ad0 f libc:aw_map.obj
 0001:00065d20       ___crtLCMapStringA         00466d20 f libc:aw_map.obj
 0001:00065f80       ___crtGetStringTypeW       00466f80 f libc:aw_str.obj
 0001:00066140       ___crtGetStringTypeA       00467140 f libc:aw_str.obj
 0001:00066270       __ismbstrail               00467270 f libc:ismbstr.obj
 0001:000662d0       __getpid                   004672d0 f libc:getpid.obj
 0001:000662e0       __rt_probe_read4@4         004672e0 f libc:sehsupp.obj
 0001:00066360       __flsbuf                   00467360 f libc:_flsbuf.obj
 0001:000664b0       __ZeroTail                 004674b0 f libc:intrncvt.obj
 0001:00066520       __IncMan                   00467520 f libc:intrncvt.obj
 0001:00066590       __RoundMan                 00467590 f libc:intrncvt.obj
 0001:00066640       __CopyMan                  00467640 f libc:intrncvt.obj
 0001:00066660       __FillZeroMan              00467660 f libc:intrncvt.obj
 0001:00066670       __IsZeroMan                00467670 f libc:intrncvt.obj
 0001:00066690       __ShrMan                   00467690 f libc:intrncvt.obj
 0001:00066740       __ld12cvt                  00467740 f libc:intrncvt.obj
 0001:00066910       __ld12tod                  00467910 f libc:intrncvt.obj
 0001:00066930       __ld12tof                  00467930 f libc:intrncvt.obj
 0001:00066950       __ld12told                 00467950 f libc:intrncvt.obj
 0001:000669e0       __atodbl                   004679e0 f libc:intrncvt.obj
 0001:00066a20       __atoldbl                  00467a20 f libc:intrncvt.obj
 0001:00066a60       __atoflt                   00467a60 f libc:intrncvt.obj
 0001:00066aa0       ___strgtold12              00467aa0 f libc:strgtold.obj
 0001:000671f0       ___STRINGTOLD              004681f0 f libc:strgtold.obj
 0001:00067240       __statusfp                 00468240 f libc:ieee87.obj
 0001:00067260       __clearfp                  00468260 f libc:ieee87.obj
 0001:00067280       __control87                00468280 f libc:ieee87.obj
 0001:000672c0       __controlfp                004682c0 f libc:ieee87.obj
 0001:000672e0       __fpreset                  004682e0 f libc:ieee87.obj
 0001:00067490       __fptrap                   00468490 f libc:crt0fp.obj
 0001:000674a0       __fptostr                  004684a0 f libc:_fptostr.obj
 0001:00067530       _wcslen                    00468530 f libc:wcslen.obj
 0001:00067550       __87except                 00468550 f libc:87except.obj
 0001:00067670       __powhlp                   00468670 f libc:powhlp.obj
 0001:000678c0       __d_inttype                004688c0 f libc:powhlp.obj
 0001:00067940       ___tzset                   00468940 f libc:tzset.obj
 0001:00067960       __tzset                    00468960 f libc:tzset.obj
 0001:00067ba0       __isindst                  00468ba0 f libc:tzset.obj
 0001:00067c70       _mktime                    00468c70 f libc:mktime.obj
 0001:00067c80       __mkgmtime                 00468c80 f libc:mktime.obj
 0001:00067ef0       __assert                   00468ef0 f libc:assert.obj
 0001:00068440       _wctomb                    00469440 f libc:wctomb.obj
 0001:000684e0       __aulldiv                  004694e0 f libc:ulldiv.obj
 0001:00068550       __aullrem                  00469550 f libc:ullrem.obj
 0001:000685d0       _fclose                    004695d0 f libc:fclose.obj
 0001:00068640       __commit                   00469640 f libc:commit.obj
 0001:000686b0       ___addl                    004696b0 f libc:mantold.obj
 0001:000686e0       ___add_12                  004696e0 f libc:mantold.obj
 0001:00068750       ___shl_12                  00469750 f libc:mantold.obj
 0001:00068790       ___shr_12                  00469790 f libc:mantold.obj
 0001:000687d0       ___mtold12                 004697d0 f libc:mantold.obj
 0001:000688c0       ___ld12mul                 004698c0 f libc:tenpow.obj
 0001:00068b70       ___multtenpow12            00469b70 f libc:tenpow.obj
 0001:00068bf0       __getbuf                   00469bf0 f libc:_getbuf.obj
 0001:00068c40       __handle_qnan1             00469c40 f libc:fpexcept.obj
 0001:00068c90       __handle_qnan2             00469c90 f libc:fpexcept.obj
 0001:00068d00       __except1                  00469d00 f libc:fpexcept.obj
 0001:00068dc0       __except2                  00469dc0 f libc:fpexcept.obj
 0001:00068eb0       __raise_exc                00469eb0 f libc:fpexcept.obj
 0001:00069220       __handle_exc               0046a220 f libc:fpexcept.obj
 0001:000694e0       __umatherr                 0046a4e0 f libc:fpexcept.obj
 0001:00069590       __set_errno                0046a590 f libc:fpexcept.obj
 0001:000695f0       __errcode                  0046a5f0 f libc:fpexcept.obj
 0001:00069630       __statfp                   0046a630 f libc:fpctrl.obj
 0001:00069650       __clrfp                    0046a650 f libc:fpctrl.obj
 0001:00069670       __ctrlfp                   0046a670 f libc:fpctrl.obj
 0001:000696b0       __set_statfp               0046a6b0 f libc:fpctrl.obj
 0001:00069710       __set_exp                  0046a710 f libc:util.obj
 0001:00069750       __get_exp                  0046a750 f libc:util.obj
 0001:00069770       __add_exp                  0046a770 f libc:util.obj
 0001:000697a0       __set_bexp                 0046a7a0 f libc:util.obj
 0001:000697e0       __sptype                   0046a7e0 f libc:util.obj
 0001:00069850       __decomp                   0046a850 f libc:util.obj
 0001:00069940       __frnd                     0046a940 f libc:frnd.obj
 0001:00069960       __copysign                 0046a960 f libc:ieeemisc.obj
 0001:00069990       __chgsign                  0046a990 f libc:ieeemisc.obj
 0001:000699b0       __scalb                    0046a9b0 f libc:ieeemisc.obj
 0001:000699d0       __logb                     0046a9d0 f libc:ieeemisc.obj
 0001:00069af0       __nextafter                0046aaf0 f libc:ieeemisc.obj
 0001:00069e00       __finite                   0046ae00 f libc:ieeemisc.obj
 0001:00069e20       __isnan                    0046ae20 f libc:ieeemisc.obj
 0001:00069e50       __fpclass                  0046ae50 f libc:ieeemisc.obj
 0001:00069f00       _atol                      0046af00 f libc:atox.obj
 0001:00069fb0       _atoi                      0046afb0 f libc:atox.obj
 0001:00069fc0       _getenv                    0046afc0 f libc:getenv.obj
 0001:0006a060       _gmtime                    0046b060 f libc:gmtime.obj
 0001:0006a1b0       _localtime                 0046b1b0 f libc:localtim.obj
 0001:0006a360       _fprintf                   0046b360 f libc:fprintf.obj
 0001:0006a3a0       _setvbuf                   0046b3a0 f libc:setvbuf.obj
 0001:0006a460       _strncat                   0046b460 f libc:strncat.obj
 0001:0006a4a0       __freebuf                  0046b4a0 f libc:_freebuf.obj
 0001:0006a4e0       _ldexp                     0046b4e0 f libc:ldexp.obj
 0001:0006a760       __mbsnbicoll               0046b760 f libc:mbsnbico.obj
 0001:0006a7a0       ___wtomb_environ           0046b7a0 f libc:wtombenv.obj
 0001:0006a830       ___crtCompareStringW       0046b830 f libc:aw_cmp.obj
 0001:0006aab0       ___crtCompareStringA       0046bab0 f libc:aw_cmp.obj
 0001:0006add0       ___crtsetenv               0046bdd0 f libc:setenv.obj
 0001:0006b100       __mbschr                   0046c100 f libc:mbschr.obj
 0001:0006b190       __strdup                   0046c190 f libc:strdup.obj
 0001:0006b1c0       _strlen                    0046c1c0 f libc:strlen.obj
 0001:0006b240       _strcpy                    0046c240 f libc:strcat.obj
 0001:0006b248       _strcat                    0046c248 f libc:strcat.obj
 0001:0006b328       _AdjustTokenPrivileges@24  0046c328 f advapi32:ADVAPI32.dll
 0001:0006b32e       _LookupPrivilegeValueA@12  0046c32e f advapi32:ADVAPI32.dll
 0001:0006b334       _OpenProcessToken@12       0046c334 f advapi32:ADVAPI32.dll
 0001:0006b33a       _GetCommandLineA@0         0046c33a f kernel32:KERNEL32.dll
 0001:0006b340       _GetLocalTime@4            0046c340 f kernel32:KERNEL32.dll
 0001:0006b346       _SetLocalTime@4            0046c346 f kernel32:KERNEL32.dll
 0001:0006b34c       _GetCurrentProcess@0       0046c34c f kernel32:KERNEL32.dll
 0001:0006b352       _GetACP@0                  0046c352 f kernel32:KERNEL32.dll
 0001:0006b358       _GetVersion@0              0046c358 f kernel32:KERNEL32.dll
 0001:0006b35e       _SetHandleCount@4          0046c35e f kernel32:KERNEL32.dll
 0001:0006b364       _GetFileInformationByHandle@8 0046c364 f kernel32:KERNEL32.dll
 0001:0006b36a       _CloseHandle@4             0046c36a f kernel32:KERNEL32.dll
 0001:0006b370       _CreateFileA@28            0046c370 f kernel32:KERNEL32.dll
 0001:0006b376       _ExitProcess@4             0046c376 f kernel32:KERNEL32.dll
 0001:0006b37c       _HeapAlloc@12              0046c37c f kernel32:KERNEL32.dll
 0001:0006b382       _HeapFree@12               0046c382 f kernel32:KERNEL32.dll
 0001:0006b388       _HeapReAlloc@16            0046c388 f kernel32:KERNEL32.dll
 0001:0006b38e       _GetLastError@0            0046c38e f kernel32:KERNEL32.dll
 0001:0006b394       _GetFileType@4             0046c394 f kernel32:KERNEL32.dll
 0001:0006b39a       _WriteFile@20              0046c39a f kernel32:KERNEL32.dll
 0001:0006b3a0       _GetStdHandle@4            0046c3a0 f kernel32:KERNEL32.dll
 0001:0006b3a6       _GetModuleFileNameA@12     0046c3a6 f kernel32:KERNEL32.dll
 0001:0006b3ac       _SetFilePointer@16         0046c3ac f kernel32:KERNEL32.dll
 0001:0006b3b2       _SetStdHandle@8            0046c3b2 f kernel32:KERNEL32.dll
 0001:0006b3b8       _DeleteFileA@4             0046c3b8 f kernel32:KERNEL32.dll
 0001:0006b3be       _GetFileAttributesA@4      0046c3be f kernel32:KERNEL32.dll
 0001:0006b3c4       _SetConsoleCtrlHandler@8   0046c3c4 f kernel32:KERNEL32.dll
 0001:0006b3ca       _SetEndOfFile@4            0046c3ca f kernel32:KERNEL32.dll
 0001:0006b3d0       _ReadFile@20               0046c3d0 f kernel32:KERNEL32.dll
 0001:0006b3d6       _GetProcAddress@8          0046c3d6 f kernel32:KERNEL32.dll
 0001:0006b3dc       _LoadLibraryA@4            0046c3dc f kernel32:KERNEL32.dll
 0001:0006b3e2       _RtlUnwind@16              0046c3e2 f kernel32:KERNEL32.dll
 0001:0006b3e8       _UnhandledExceptionFilter@4 0046c3e8 f kernel32:KERNEL32.dll
 0001:0006b3ee       _FreeEnvironmentStringsA@4 0046c3ee f kernel32:KERNEL32.dll
 0001:0006b3f4       _MultiByteToWideChar@24    0046c3f4 f kernel32:KERNEL32.dll
 0001:0006b3fa       _GetEnvironmentStrings@0   0046c3fa f kernel32:KERNEL32.dll
 0001:0006b400       _FreeEnvironmentStringsW@4 0046c400 f kernel32:KERNEL32.dll
 0001:0006b406       _GetEnvironmentStringsW@0  0046c406 f kernel32:KERNEL32.dll
 0001:0006b40c       _WideCharToMultiByte@32    0046c40c f kernel32:KERNEL32.dll
 0001:0006b412       _GetCPInfo@8               0046c412 f kernel32:KERNEL32.dll
 0001:0006b418       _GetOEMCP@0                0046c418 f kernel32:KERNEL32.dll
 0001:0006b41e       _GetStartupInfoA@4         0046c41e f kernel32:KERNEL32.dll
 0001:0006b424       _HeapCreate@12             0046c424 f kernel32:KERNEL32.dll
 0001:0006b42a       _HeapDestroy@4             0046c42a f kernel32:KERNEL32.dll
 0001:0006b430       _HeapSize@12               0046c430 f kernel32:KERNEL32.dll
 0001:0006b436       _LCMapStringA@24           0046c436 f kernel32:KERNEL32.dll
 0001:0006b43c       _LCMapStringW@24           0046c43c f kernel32:KERNEL32.dll
 0001:0006b442       _GetStringTypeA@20         0046c442 f kernel32:KERNEL32.dll
 0001:0006b448       _GetStringTypeW@16         0046c448 f kernel32:KERNEL32.dll
 0001:0006b44e       _GetCurrentProcessId@0     0046c44e f kernel32:KERNEL32.dll
 0001:0006b454       _GetTimeZoneInformation@4  0046c454 f kernel32:KERNEL32.dll
 0001:0006b45a       _FlushFileBuffers@4        0046c45a f kernel32:KERNEL32.dll
 0001:0006b460       _RaiseException@16         0046c460 f kernel32:KERNEL32.dll
 0001:0006b466       _CompareStringA@24         0046c466 f kernel32:KERNEL32.dll
 0001:0006b46c       _CompareStringW@24         0046c46c f kernel32:KERNEL32.dll
 0001:0006b472       _SetEnvironmentVariableA@8 0046c472 f kernel32:KERNEL32.dll
 0001:0006b480       __QWINGethWnd              0046c480 f console:console.obj
 0001:0006b4a0       __QWINTGethFrame           0046c4a0 f console:console.obj
 0001:0006b4c0       __QWINGetFocus             0046c4c0 f console:console.obj
 0001:0006b4e0       __QWINGetDefaultWindow     0046c4e0 f console:console.obj
 0001:0006b500       _ChangeQWINCP              0046c500 f console:console.obj
 0001:0006b510       __QWINGetFileName          0046c510 f console:console.obj
 0001:0006b520       __wgopen                   0046c520 f console:console.obj
 0001:0006b530       __QWINClose                0046c530 f console:console.obj
 0001:0006b540       __wgsetactive              0046c540 f console:console.obj
 0001:0006b550       __wggetactive              0046c550 f console:console.obj
 0001:0006b560       _RegisterGetHandleQQ       0046c560 f console:console.obj
 0001:0006b570       _RegisterGetUnitQQ         0046c570 f console:console.obj
 0001:0006b580       __QWINWrite                0046c580 f console:console.obj
 0001:0006b590       __QWINSetIOFOCUS           0046c590 f console:console.obj
 0001:0006b5a0       __QWINRead                 0046c5a0 f console:console.obj
 0001:0006b5b0       _YIELDQQ@0                 0046c5b0 f console:console.obj
 0001:0006b5c0       __QWINSetSize              0046c5c0 f console:console.obj
 0001:0006b5d0       __QWINGetSize              0046c5d0 f console:console.obj
 0001:0006b5e0       __QWINMsgBox               0046c5e0 f console:console.obj
 0001:0006b5f0       __QWINRegisterInit         0046c5f0 f console:console.obj
 0001:0006b600       __QWINRegisterEnd          0046c600 f console:console.obj
 0001:0006b610       __inchar                   0046c610 f console:console.obj
 0001:0006b620       __QWINNiceExit             0046c620 f console:console.obj
 0001:0006b630       __QWINSetFocus             0046c630 f console:console.obj
 0001:0006b650       __clearscreen              0046c650 f console:console.obj
 0001:0006b660       __displaycursor            0046c660 f console:console.obj
 0001:0006b670       __scrolltextwindow         0046c670 f console:console.obj
 0001:0006b680       __f_gettextposition@4      0046c680 f console:console.obj
 0001:0006b690       __f_outtext@8              0046c690 f console:console.obj
 0001:0006b6a0       __f_settextposition@12     0046c6a0 f console:console.obj
 0002:00000a08       __FFtype                   0046da08   libf:core.obj
 0002:00000a18       __FFdatasizes              0046da18   libf:core.obj
 0002:00000a28       __FFherrout                0046da28   libf:core.obj
 0002:00000a30       __FFldintfmt               0046da30   libf:core.obj
 0002:00000a48       __FFldfltfmt               0046da48   libf:core.obj
 0002:00000a88       __FFmaxunits               0046da88   libf:unit77.obj
 0002:00000b10       ___lookuptable             0046db10   libc:output.obj
 0002:00000b98       ___dnames                  0046db98   libc:timeset.obj
 0002:00000bb0       ___mnames                  0046dbb0   libc:timeset.obj
 0003:00000000       ___xc_a                    0046e000   libc:crt0init.obj
 0003:00000004       ___xc_z                    0046e004   libc:crt0init.obj
 0003:00000008       ___xi_a                    0046e008   libc:crt0init.obj
 0003:00000024       ___xi_z                    0046e024   libc:crt0init.obj
 0003:00000028       ___xp_a                    0046e028   libc:crt0init.obj
 0003:00000030       ___xp_z                    0046e030   libc:crt0init.obj
 0003:00000034       ___xt_a                    0046e034   libc:crt0init.obj
 0003:00000038       ___xt_z                    0046e038   libc:crt0init.obj
 0003:00004cf4       __FFpharlap                00472cf4   libf:fortstr.obj
 0003:00004d45       __FFljj                    00472d45   libf:fortstr.obj
 0003:00004db4       _mem11357                  00472db4   libf:intrin.obj
 0003:00004dbc       __FFzero                   00472dbc   libf:intrin.obj
 0003:00004dc4       __FFhalf                   00472dc4   libf:intrin.obj
 0003:00004dcc       __FFone                    00472dcc   libf:intrin.obj
 0003:00004dd4       __FFtwo                    00472dd4   libf:intrin.obj
 0003:00004ddc       __FFten                    00472ddc   libf:intrin.obj
 0003:00004de4       __FFline                   00472de4   libf:intrin.obj
 0003:00004de8       _pinuse                    00472de8   libf:memory.obj
 0003:00004dec       _ainuse                    00472dec   libf:memory.obj
 0003:00004f78       __FFstktop                 00472f78   libf:core.obj
 0003:00004f7c       __FFstkbot                 00472f7c   libf:core.obj
 0003:00004f80       __FFstksize                00472f80   libf:core.obj
 0003:00004f88       __FFgd                     00472f88   libf:core.obj
 0003:00005328       __FFTerminate              00473328   libf:core.obj
 0003:0000532c       __FFconfig                 0047332c   libf:core.obj
 0003:00005330       __FFfn                     00473330   libf:core.obj
 0003:00005458       __FFffsequence             00473458   libf:core.obj
 0003:00005460       __FFnewline                00473460   libf:core.obj
 0003:000054b8       __pFFinit                  004734b8   libf:core.obj
 0003:000054c0       __FFdevice_info            004734c0   libf:core.obj
 0003:00005520       __FFshare_tab              00473520   libf:core.obj
 0003:00005528       __FFmode_tab               00473528   libf:core.obj
 0003:00005530       __FFdefault_tab            00473530   libf:core.obj
 0003:00005798       _iostat                    00473798   libf:cio.obj
 0003:000057a0       __FFclStatus_tab           004737a0   libf:cls.obj
 0003:000057b0       _nIODepth                  004737b0   libf:cdescr.obj
 0003:000057b8       __FFopAccess_tab           004737b8   libf:opn.obj
 0003:000057d8       __FFopBlank_tab            004737d8   libf:opn.obj
 0003:000057e8       __FFopStatus_tab           004737e8   libf:opn.obj
[...]
FIXUPS: 5b50 18 24 46 68 14 52 14 b2 30 26 30 37 12 52 75 fffff488 2c 12
FIXUPS: 53d8 d3 12 18 12 1b 41 1d 3c 12 19 12 1b 4b 37 72 14 1f 63 36 4d
FIXUPS: 5813 10 12 12 1f 21 12 16 2b32 e e 11 8 e e 4c 38 ffffc9e7 86 1e
FIXUPS: 4fb4 12 16 7f 12 16 25 34 12 16 c2 47 24 2d 12 16 8e 12 16 36 2a44
FIXUPS: 7dcf 10 2f 30 52 21 33 12 21 31 5e 32 36 38 37 32 3a 38 30 23 62
FIXUPS: 81e2 13 b 21 2b 36 38 b5 e 5c fffff680 e 24 e 34 e 1a e 24 e 39
FIXUPS: 7b7c 30 20 a 19 b 18 a 19 b 43 a 19 10 19 20 a 19 b 2f 60 fffff7e5
FIXUPS: 75da a 19 11 18 a 19 10 18 a 19 11 23 1b 2b 1b 38 aa 54 21 37 12
FIXUPS: 78ea 35 35 43 11 1c 11 46 1d b36 14 63 ffffea3b 30 16 f 1b 23 1e
FIXUPS: 70df 63 3b e 76 1b 1e 21 e 2b 33 62 a 13 d 1e 2b 36 38 c2 1f 68
FIXUPS: 8778 4c 14 1f 20c e f 27 c f ce f e f 24 f e f 1a9 9d 30 9c3 22
FIXUPS: 9816 8 15 3f 12 1f 51 ffffebe9 30 29ed 9 37 17 15 21 2e ffffe97e
FIXUPS: 9a59 175 17 19 5f e2 5b ac f2 2b 12 14 33 32 27 1c6 f 23 58 5b
FIXUPS: a9e3 ffffdc2a 78 14 2438 27 8 18 26 21 38 9 37 17 15 25 18 9 37
FIXUPS: ac97 15 21 61 8 37 29 21 18 29 21 38 9 37 17 15 25 1188 fffff5f3
FIXUPS: b81c 17 19 27 17 19 27 17 19 5c 1c 18 f fffff644 383 137 f 10 8
FIXUPS: b5ba 52 f 10 8 d fffff3cd 36 60 a 8 1302 23 16 33 13 16 13 16 13
FIXUPS: be9e 13 16 13 f 13 f 8 1c 13 16 13 16 13 16 13 16 13 f 13 f 9 35
FIXUPS: c08d 32 73 1a 16 15 79 fffff7d0 30 15 15 15 15 12 15 15 15 17 3d
FIXUPS: bafd 1a 13 14 58 2c 2c b4 32 26 42 29 29 121bf 23 54 1b 1b 23 f9
FIXUPS: 1e1c5 16 21 19 32 16 21 19 dc 1d 1d 1d 1d 1d 1d 1d 1d 1d 1d 1d
FIXUPS: 1e4ce 1d 1d 1d 24 fffff391 22 3a 22 22 22 20 28 25 25 25 25 25
FIXUPS: 1dacc 22 22 31 22 22 22 22 31 22 22 22 20 ff 16 16 1e 14e 1b fffff51d
FIXUPS: 1d481 22 22 22 22 22 22 22 22 22 22 22 22 22 22 22 22 22 20 28
FIXUPS: 1d733 25 25 25 25 2f 22 22 3a 22 22 fffff68b 41 22 22 3a 22 22
FIXUPS: 1d068 22 3a 22 22 22 20 a3 22 22 22 22 22 22 22 22 22 22 22 22
FIXUPS: 1d3a7 22 22 22 22 fffff641 22 22 22 22 22 22 20 28 28 28 28 28
FIXUPS: 1cc4c 41 22 22 3a 22 22 22 22 3a 22 22 22 20 28 28 28 28 28 fffff6db
FIXUPS: 1c616 41 22 22 22 22 22 22 22 22 22 22 22 22 22 22 22 22 22 20
FIXUPS: 1c8fa 22 22 22 22 22 22 22 22 22 22 fffff6a2 28 41 22 22 3a 22
FIXUPS: 1c21b 22 22 3a 22 22 22 20 28 28 28 28 28 28 41 22 22 3a 22 22
FIXUPS: 1c534 22 3a 22 22 fffff6a3 22 22 22 22 22 22 22 20 41 22 22 22
FIXUPS: 1be4e 22 22 22 22 22 22 22 22 22 22 22 22 22 20 28 28 28 28 fffff6e1
FIXUPS: 1b7cb 20 28 28 28 28 28 28 41 22 22 3a 22 22 22 22 3a 22 22 22
FIXUPS: 1bae2 41 22 22 22 22 22 22 22 22 22 fffff6a3 22 22 22 22 22 22
FIXUPS: 1b3e6 22 22 22 22 22 22 22 20 28 28 28 28 28 28 41 22 22 3a 22
FIXUPS: 1b6e7 22 22 3a 22 fffff6df 22 22 22 22 3a 22 22 22 20 41 22 22
FIXUPS: 1b055 22 22 22 22 22 22 22 22 22 22 22 22 22 22 20 41 22 22 fffff686
FIXUPS: 1a97e 22 20 28 28 28 28 28 28 41 22 22 3a 22 22 22 22 3a 22 22
FIXUPS: 1ac97 20 28 28 28 28 28 28 41 22 22 fffff6d3 22 22 22 22 22 22
FIXUPS: 1a5ed 22 22 22 22 22 22 22 22 20 41 22 22 22 22 22 22 22 22 22
FIXUPS: 1a8b2 22 22 22 22 fffff694 3a 22 22 22 22 3a 22 22 22 20 28 28
FIXUPS: 1a1c8 28 28 28 2d 22 22 3a 22 22 22 22 3a 22 22 22 20 88 22 fffff67b
FIXUPS: 19b7a 22 22 20 2d 22 22 22 22 22 22 22 22 22 22 22 22 22 22 22
FIXUPS: 19e2b 22 20 28 28 28 28 28 28 2d 22 fffff710 28 28 28 28 2d 22
FIXUPS: 197cd 3a 22 22 22 22 3a 22 22 22 20 2d 22 22 22 22 22 22 22 22
FIXUPS: 19aae 22 22 22 22 fffff6df 22 22 22 22 22 22 22 22 22 22 20 28
FIXUPS: 193d9 28 28 28 28 2d 22 22 3a 22 22 22 22 3a 22 22 22 20 28 fffff708
FIXUPS: 18dbe 22 23 28 14 59 22 22 22 22 22 22 22 22 22 22 22 22 22 22
FIXUPS: 19096 22 22 20 2d 22 22 22 22 22 22 fffff6b2 28 28 28 32 22 22
FIXUPS: 189cd 22 22 22 22 3a 22 22 22 23 28 28 28 28 28 28 32 22 22 3a
FIXUPS: 18cda 22 22 22 3a fffff6c7 22 22 22 22 22 22 22 22 22 23 32 22
FIXUPS: 1860c 22 22 22 22 22 22 22 22 22 22 22 22 22 22 22 23 28 28 fffff714
FIXUPS: 17f9d 7e 13 e 13 13 c 61 1d 1d 1d 1d 1d 1d 1d 1d 1d 1d 1d 1c 1d
FIXUPS: 18264 1d b0 22 22 22 22 22 22 22 fffff78b 13 c 34 c 13 c 2e 13
FIXUPS: 17c75 1f 25 25 27 38 c 13 c 22 39 c 13 c 1d 25 25 27 3c 52 53 e
FIXUPS: 17f7e fffff715 c 22 13 c 13 13 c 27 1e 24 13 c e4 13 c a1 13 c
FIXUPS: 1797b 16 2e 16 28 2c 13 c b8 43 13 c 3c fffff6da c e 13 c e 13
FIXUPS: 172de 21 18 11 126 e d 1d 13 c 71 13 c 22 13 c 13 13 c 27 1e 2a
FIXUPS: 1762a c 4a fffff85d c 13 13 c 13 13 c 13 13 c 52 d8 3d 13 c e 13
FIXUPS: 17132 13 13 c 13 13 c 30 13 c 13 13 c 4e fffff9b7 13 13 c 4e c
FIXUPS: 16cbb c 13 13 c 13 13 c 13 13 c 4e c 13 c 13 13 c 13 13 c 13 13
FIXUPS: 16e6c 52 c fffffacc c 13 13 c 13 13 c 13 13 c 50 13 c 13 13 c 13
FIXUPS: 16aff c 13 13 c 50 c 13 c 13 13 c 13 13 fffffac9 13 13 c 4e c 13
FIXUPS: 16784 13 13 c 13 13 c 13 13 c 4e c 13 c 13 13 c 13 13 c 13 13 c
FIXUPS: 16977 c fffff889 13 c 12a 16 21 19 32 16 21 19 122 13 c 13 13 c
FIXUPS: 165ad 13 c 13 13 c 4c c 13 c 13 13 c 13 13 fffff8b0 c 12 13 c 12
FIXUPS: 15fdf c 19 13 c 4b 13 c 12 13 c 12 13 c 19 13 c 4b 13 c 12 13 c
FIXUPS: 161d4 13 c fffffad3 12 13 c 19 13 c 43 13 c 12 13 c 12 13 c 19
FIXUPS: 15e1f c 43 13 c 12 13 c 12 13 c 19 13 c 43 fffffaa3 13 c 4b 13
FIXUPS: 15a96 12 13 c 12 13 c 19 13 c 4a 13 c 12 13 c 12 13 c 19 13 c 43
FIXUPS: 15c89 c 12 13 fffffa97 c 12 13 c 12 13 c 19 13 c 78 13 c 12 13
FIXUPS: 158bf 12 13 c 19 13 c 4b 13 c 12 13 c 12 13 c fffffa57 12 13 c
FIXUPS: 15495 13 c 5e 13 c 12 13 c 12 13 c 19 13 c 5e 13 c 12 13 c 12 13
FIXUPS: 156aa 19 13 c 5c fffff712 31 22 22 22 22 31 22 22 22 20 277 16
FIXUPS: 15263 1e 63 13 c 12 13 c 12 13 c 19 13 c 5e 13 c 12 13 fffff2f2
FIXUPS: 14753 22 22 20 15e 28 25 25 25 25 2f 22 22 3a 22 22 22 22 3a 22
FIXUPS: 14b84 22 20 15e 25 25 25 25 25 2f 22 fffff37f 22 22 22 22 22 22
FIXUPS: 1429b 22 22 22 22 22 22 22 22 22 20 168 22 22 22 22 22 22 22 22
FIXUPS: 14687 22 22 22 22 fffff00b 22 3a 22 22 22 22 3a 22 22 22 20 15e
FIXUPS: 13a44 28 28 28 28 41 22 22 3a 22 22 22 22 3a 22 22 22 20 4a0 ffffee85
FIXUPS: 13032 22 22 22 20 177 22 22 22 22 22 22 22 22 22 22 22 22 22 22
FIXUPS: 1342d 22 22 20 15e 28 28 28 28 28 41 fffff318 28 28 28 28 28 41
FIXUPS: 12b3b 22 3a 22 22 22 22 3a 22 22 22 20 177 22 22 22 22 22 22 22
FIXUPS: 12f66 22 22 22 22 fffff301 22 22 22 22 22 22 22 22 22 22 22 20
FIXUPS: 125e3 28 28 28 28 28 41 22 22 3a 22 22 22 22 3a 22 22 22 20 fffff33f
FIXUPS: 11c13 3a 22 22 22 20 177 22 22 22 22 22 22 22 22 22 22 22 22 22
FIXUPS: 12026 22 22 22 20 177 22 22 22 22 22 fffff1ac 15e 28 28 28 28 28
FIXUPS: 116e0 22 22 3a 22 22 22 22 3a 22 22 22 20 15e 28 28 28 28 28 41
FIXUPS: 11b2f 22 3a 22 22 fffff319 22 22 22 22 22 22 22 22 22 22 22 22
FIXUPS: 110a0 177 22 22 22 22 22 22 22 22 22 22 22 22 22 22 22 22 22 fffff33d
FIXUPS: 107b8 22 3a 22 22 22 20 15e 28 28 28 28 28 41 22 22 3a 22 22 22
FIXUPS: 10c07 3a 22 22 22 20 177 22 22 22 22 fffff1ae 20 177 22 22 22 22
FIXUPS: 102b5 22 22 22 22 22 22 22 22 22 22 22 22 20 15e 28 28 28 28 28
FIXUPS: 106d4 22 22 3a 22 fffff132 28 2d 22 22 3a 22 22 22 22 3a 22 22
FIXUPS: faa1 20 371 22 22 22 22 22 22 22 22 22 22 22 22 22 22 22 22 fffff12f
FIXUPS: f1a3 22 22 22 22 22 22 20 15e 28 28 28 28 28 2d 22 22 3a 22 22
FIXUPS: f5c6 22 3a 22 22 22 20 15e 28 28 28 fffff245 22 20 163 22 22 22
FIXUPS: ecf0 22 22 22 22 22 22 22 22 22 22 22 22 22 20 163 22 22 22 22
FIXUPS: f0d7 22 22 22 22 fffff34a 28 28 2d 22 22 3a 22 22 22 22 3a 22 22
FIXUPS: e6cc 20 15e 28 28 28 28 28 2d 22 22 3a 22 22 22 22 3a 22 fffff33d
FIXUPS: de00 22 22 22 22 22 22 22 20 163 22 22 22 22 22 22 22 22 22 22
FIXUPS: e1e7 22 22 22 22 22 22 20 15e 28 28 fffff51d c 12 13 c 4c 13 c
FIXUPS: da58 13 c 4e 13 c 12 13 c 4e 13 c 12 13 c f9 22 22 22 22 22 22
FIXUPS: dd9a 22 fffff61d 22 22 23 c3 28 28 28 28 28 32 22 22 3a 22 22 22
FIXUPS: d703 3a 22 22 22 23 c3 14 52 13 c 12 13 c 4c fffff50e 22 22 22
FIXUPS: cf21 22 22 22 22 22 22 22 22 22 22 22 23 c3 28 28 28 28 28 32 22
FIXUPS: d2bb 3a 22 22 22 22 3a fffff4ef 3f 23 f 3f 28 33 28 33 38 31 ae
FIXUPS: cb45 22 22 22 22 22 22 22 22 22 22 22 22 22 22 22 22 23 cd 22 fffff4ea
FIXUPS: c377 12 23 1d 3d 33 2b 33 2b 33 2b 33 2b 33 2b 33 2b 33 2b 33 2b
FIXUPS: c729 2b 33 25 12 3f 26 f 3f 26 12431 19 46 1b 19 c3 19 2b 19 45
FIXUPS: 1eed8 bd 18 9f 18 ab 18 a1 fffed050 38 15 15 15 15 15 15 15 15
FIXUPS: c30d 15 15 15 12271 11 75 11 f2 19 3a 19 3a 19 51 21 3c 21 58 1b
FIXUPS: 1e960 2f 19 34 19 77 1b 19 32 19 34 19 49 bd 3f 19 12ef e6 eb 19
FIXUPS: 201b1 19 5c 133 19 38 19 2c 19 38 19 28 19 144 eb 18 40 18 5c 2c6
FIXUPS: 1f1ed 32 68 1a 16 15 79 fffff22d 1321 70 9 39 9 55 19 2c 19 22
FIXUPS: 1fa44 19 74 19 2f 19 20 21 18 49 b5 a5 8d 18 4c 18 2c 18 38 18
FIXUPS: 1fef3 18 67ca 1f 3f 1c 27 1f cf 131 21 13 ffff89a4 6c 11 75 11
FIXUPS: 1f57e 19 52 19 2e 19 20 d 15 59 27 19 7a 19 6c 19 3e 66f0 22 22
FIXUPS: 25ff0 22 22 22 1d 90 42 22 22 22 3b 22 22 22 1d 90 32 22 22 22
FIXUPS: 263ca 22 22 22 1d 113 3d f5 1c fffff2a5 3b 22 22 22 42 22 22 22
FIXUPS: 25ab9 b1 42 22 22 22 3b 22 22 22 1d ab 42 22 22 22 34 22 22 22
FIXUPS: 25eda 3a 34 fffff3d6 1d b1 42 22 22 22 3b 22 22 22 1d 49 34 22
FIXUPS: 25613 22 42 22 22 22 1d 49 42 22 22 22 34 22 22 22 1d fffff4d1
FIXUPS: 24d95 22 1d 49 34 22 22 22 42 22 22 22 1d 49 42 22 22 22 34 22
FIXUPS: 250e5 22 1d b1 3b 22 22 22 42 22 22 fffff44b 34 22 22 22 1d 49
FIXUPS: 2487b 22 22 22 42 22 22 22 1d b1 42 22 22 22 3b 22 22 22 1d b1
FIXUPS: 24ca9 22 22 22 42 fffff3ce 22 22 42 22 22 22 1d b1 42 22 22 22
FIXUPS: 243bc 22 22 22 1d b1 3b 22 22 22 42 22 22 22 1d 49 42 22 22 fffff403
FIXUPS: 23b63 22 22 22 42 22 22 22 1d 9d 42 22 22 22 3b 22 22 22 1d 90
FIXUPS: 23f63 22 22 22 34 22 22 22 1d 49 34 fffff446 1d 9d 3b 22 22 22
FIXUPS: 236e0 22 22 22 1d 35 34 22 22 22 42 22 22 22 1d 35 42 22 22 22
FIXUPS: 23a08 22 22 22 1d fffff51d 22 22 20 5e 42 22 22 22 34 22 22 22
FIXUPS: 231c9 35 34 22 22 22 42 22 22 22 1d 9d 42 22 22 22 3b 22 22 fffff47f
FIXUPS: 229d4 22 22 22 20 3a 34 22 22 22 42 22 22 22 20 a2 42 22 22 22
FIXUPS: 22d7b 22 22 22 20 a2 3b 22 22 22 42 ffffe0ca 8c ff fd 7e 7e fd
FIXUPS: 215d0 d9 a0 113 111 92 a0 113 111 92 92 111 113 92 92 111 113 f4
FIXUPS: 224d8 104 102 21a 42 22 22 4b2b fd 890 ffffebb7 33 1e 78 14 16
FIXUPS: 26af8 83 ffff9f08 3c 15 15 15 15 15 15 15 15 15 23 18 14 15 12
FIXUPS: 20c53 b6 94 107 105 8ba2 13 c 3d 16 c 13 c 34 56 10 9 c 13 c 65
FIXUPS: 29d38 1d 23 10 ffffce1b 1db 82 62 11c 55 176 14f 11 27 55 2e 23c4
FIXUPS: 29732 3d 9 c 13 c 1b 63 13 c 6a 54 14 14 3f 4a 12 13 c 4f 14 c
FIXUPS: 29a62 c 3d 16 c 13 c 3d 16 fffff871 c 1b 3f 13 c 1b 3b c 13 c 1b
FIXUPS: 2950e c 13 c 1b 3d c 13 c 1b 3d c 13 c 1b 3d 4c 9 c 13 fffff8c1
FIXUPS: 29005 23 f 39 23 f 39 32 2e e 4a 13 c 1b 3b c 13 c 1b 3d c 13 c
FIXUPS: 292d1 3d c 13 c 1b 3d c fffff8cb c 13 c 34 59 10 9 c 13 c 65 1d
FIXUPS: 28e03 23 10 2a 30 f 16 12 15 15 15 15 15 15 15 15 16 12 26 fffff92b
FIXUPS: 288fc 49 14 1f 1a f 19 1f 1a f 19 47 12 13 c 4d 14 c 13 c 3b 16
FIXUPS: 28b7c 13 c 3b 16 c 13 c 3b fffff8bc c 13 c 1b 3d c 13 c 1b 3d c
FIXUPS: 28633 c 1b 3d 4c 9 c 13 c 1b 3d 9 c 13 c 1b 63 13 c 65 fffff901
FIXUPS: 281b2 1b 3b c 13 c 1b 3d c 13 c 1b 3d c 13 c 1b 3d c 13 c 1b 3f
FIXUPS: 28429 c 1b 3b c 13 c 1b 1d0e 19 ad 29 ffffdb92 30 f 16 12 15 15
FIXUPS: 27f06 15 15 15 15 15 16 12 26 f 39 23 f 39 23 f 39 32 2e e 4a 1c92
FIXUPS: 29e39 30 e 12 34 10 12 34 10 12 34 10 12 2c 53 12 9 12 78 14 12
FIXUPS: 2a0e7 19 2c 12 12 12 19 1b 12 25 71e 14 16 18 7d fffffb56 33 21
FIXUPS: 2a572 a3 14 79 14 16 18 25 18 25 15 95 fffffb05 2c 1d 1b 4a 74
FIXUPS: 2a42d 18 20 1b 5b fffff8d2 133b 19 6e 19 2c 19 20 21 18 46 b5 84
FIXUPS: 2b409 18 58 18 9e 18 3c 18 52 75 1ef fffff22c 2d 34 2a fffffec1
FIXUPS: 2aa5e fffffdbf 33 1e 11a9 10 8 d fffff0f1 6c 11 75 11 f2 19 3a
FIXUPS: 2ad8e 3a 19 2a d 41 1b 19 56 19 5c 51 9 37 9 55 19 2c 19 22 e7c1
FIXUPS: 39898 10 10 10 8 15 1b 1b 13 ffff1f3f 2c f 13 13 13 13 13 13 13
FIXUPS: 2b941 13 8 1c f 10 10 13 13 13 13 13 dc3d 1a 8 19 f 1a 8 14 19
FIXUPS: 396eb 8 19 f 8 1c 21 1c 10 10 10 8 1c 10 10 10 10 8 1c 10 10 10
FIXUPS: 3986c fffffadd 13 c 19 8 10 30 14 a6 35 f 17 8 19 f 17 8 19 f 17
FIXUPS: 39574 19 f 17 8 19 f 8 19 f 8 19 fffffad4 f 13 c 1c f 13 c 1c 8
FIXUPS: 391c0 9 f 13 c 1c f 13 c 1c f 13 c 1c f 13 c 1c f 13 c 1b fffffb16
FIXUPS: 38e63 c 5b 19 f 16 8 19 f 17 d 19 1c 10 36 9 f 13 c 1c f 13 c 1c
FIXUPS: 39083 13 c 1c f 13 c fffffaa4 c 19 14 13 c 25 13 c 3e 13 c 10 19
FIXUPS: 38cbe 19 14 13 c 25 13 c 2a 13 c 14 2c 13 c 10 19 c fffffab4 13
FIXUPS: 388fe 19 13 13 c 19 13 13 c 19 13 13 c 1b 8 35 f 8 19 f 15 13 c
FIXUPS: 38ac3 8 15 68 13 c 10 fffffaa9 17 13 c 43 13 c 12 13 c 17 13 c
FIXUPS: 38760 13 c 12 13 c 17 13 c 43 d 13 13 c 19 13 13 c 19 fffffaac
FIXUPS: 3838b c 12 13 c 17 13 c 42 13 c 12 13 c 17 13 c 42 13 c 12 13 c
FIXUPS: 3856f 13 c 42 13 c 12 13 fffff8e8 10 13 c 10 13 c e3 18 13 c 62
FIXUPS: 380e8 c 65 13 c 40 13 c 59 f 15 13 c 1e 8 62 17 1c f 8 fffff8e0
FIXUPS: 37c38 c 4a 13 c 10 13 c 10 13 c 4a 13 c 10 13 c 10 19 c 41 13 c
FIXUPS: 37e48 13 c 10 13 c 47 13 fffffa6f 25 13 c 2a 13 c 14 2c 13 c 10
FIXUPS: 37a74 c 25 13 c 3c 13 c 10 13 c 10 13 c 4a 13 c 10 13 c fffff9ff
FIXUPS: 37627 c 10 13 c 5e 13 c 83 3b 13 c 10 19 c 19 14 13 c 25 13 c 3e
FIXUPS: 378d2 c 10 19 c 19 14 13 fffff9b9 16 30 13 c 10 13 c 3f 13 c 10
FIXUPS: 37421 c 3f 13 c 10 13 c 3f 13 c 10 19 c 3a 13 c 10 13 c fffff8fb
FIXUPS: 36edf 39 25 30 25 30 25 30 25 30 73 37 13 c 10 13 c 40 13 c 10
FIXUPS: 371e6 c 40 13 c 10 19 c 6f f fffff6d6 1d 1d 1c 1d 1d 1d 22 29 2f
FIXUPS: 36b26 30 25 30 25 30 25 30 25 30 25 30 25 30 25 30 28 31 28 31
FIXUPS: 36e80 30 fffff59e 31 2e 31 2e 31 2e 31 2e 31 3f 30 25 30 25 30
FIXUPS: 36739 30 25 30 25 30 80 42 1d 1d 1d 1d 1d 1d 1d 1d fffff6f3 1b
FIXUPS: 360e2 1f 21 1c f f f 8 1c f f f f 8 1c f f f 8 1c f f f f 8 14
FIXUPS: 3631f 77 59 31 fffff8d0 10 19 c 14 14 13 c 2a 13 c 25 13 c 19 2c
FIXUPS: 35e51 c 10 19 c 2a 13 c d8 2d 13 c e 13 c 69 fffff87e e 13 c 29
FIXUPS: 3597c c 29 13 c 18 e5 19 f 17 8 5f 3b 13 c 10 19 c 19 14 13 c 2b
FIXUPS: 35c8c c 39 13 fffff99b 13 c e 13 c 29 13 c 17 26 13 c e 13 c 1b
FIXUPS: 357c7 13 c 28 13 c 28 13 c 24 13 c 17 26 13 fffff9ce ba 2b 13 c
FIXUPS: 353e9 13 c 5a f e f 8 19 f 16 8 33 f 8 19 f 8 19 14 8 2d 13 c e
FIXUPS: 355f8 c fffff917 13 c 3a 13 c 3a 13 c 3a 13 c 3a 13 c 3a 13 c 36
FIXUPS: 35140 c 36 13 c 36 13 c 3a 21 21 21 21 fffff929 c 3b 13 c 10 13
FIXUPS: 34c72 3b 13 c 10 13 c 3b 13 c 10 13 c 3b 13 c 30 13 c 30 13 c 30
FIXUPS: 34ebf c fffff924 31 25 30 20 f 39 25 30 25 30 25 30 25 30 2f 29
FIXUPS: 34a9c c 10 13 c 3b 13 c 10 13 c 3b 13 c 10 fffff760 1d 1d 1d 1d
FIXUPS: 343bb 1d 1c 1d 1d 1d 22 29 30 25 30 25 30 25 30 25 30 25 30 25
FIXUPS: 346c4 25 30 25 30 28 31 fffff827 c 3b 13 c 10 13 c 3b 13 c 10 13
FIXUPS: 3410c 3b 13 c 10 13 c 3b 13 c 10 13 c 57 24 1d 1d 1d 1d fffff93e
FIXUPS: 33c64 f 8 19 f 8 19 14 8 21 30 25 30 25 30 25 30 25 30 25 30 49
FIXUPS: 33f36 c 10 13 c 3b 13 c 10 fffff495 d 3e 27 71 1e 27 77 3d 2d 24
FIXUPS: 336ee 71 6d 4f 11 d 3e 6d 4f 11 d 3e 26 4b a2 146 19 f e f 16 fffff164
FIXUPS: 32db3 8b f 1a 8 19 f 1a 8 14 3e 3e 26 7a 27 71 1e 27 77 3b 2b 22
FIXUPS: 33216 71 6d 4f 11 d 3e 6d 53 fffff5ca 3c 13 c e 13 c 1b 10 13 c
FIXUPS: 32b24 13 c 28 13 c 19 2a 13 c e 13 c 28 13 c da 2d 13 c e fffff8de
FIXUPS: 32696 13 c 10 13 c 28 13 c 28 13 c 18 e5 19 f 17 8 64 2f 13 c 10
FIXUPS: 3298b c 1b 10 13 c 29 13 fffff96c 13 c 79 13 c 10 13 c 29 13 c
FIXUPS: 324ce 24 13 c 10 13 c 1b 10 13 c 28 13 c 28 13 c 24 13 c fffff9d5
FIXUPS: 32051 21 21 ba 2b 13 c 10 13 c 5a f e f 8 19 f 16 8 19 f 8 19 f
FIXUPS: 322fa 19 14 8 2b 13 c fffff8f1 13 c 50 13 c 3a 13 c 3a 13 c 3a
FIXUPS: 31df7 c 3a 13 c 3a 13 c 36 13 c 36 13 c 36 13 c 3a 21 fffff95d
FIXUPS: 31978 10 13 c 3b 13 c 10 13 c 3b 13 c 10 13 c 3b 13 c 10 13 c 3b
FIXUPS: 31b90 c 30 13 c 30 13 c fffff8f2 28 31 28 31 25 30 20 f 39 25 30
FIXUPS: 31715 30 25 30 25 30 2f 29 13 c 10 13 c 3b 13 c 10 13 c 3b fffff738
FIXUPS: 310ae 1d 1d 1d 1d 1d 1d 1d 1d 1c 1d 1d 1d 22 29 30 25 30 25 30
FIXUPS: 31353 30 25 30 25 30 25 30 25 30 25 fffff881 c 10 13 c 3b 13 c
FIXUPS: 30e22 13 c 3b 13 c 10 13 c 3b 13 c 10 13 c 3b 13 c 10 13 c 57 24
FIXUPS: 31074 fffff968 f 16 8 19 f 8 19 f 8 19 14 8 21 30 25 30 25 30 25
FIXUPS: 30bee 25 30 25 30 49 13 c 10 13 c 3b fffff3f3 6d 53 11 d 3e 27
FIXUPS: 30311 1e 27 77 3d 2d 24 51 71 6d 4f 11 d 3e 6d 4f 11 d 3e 26 4b
FIXUPS: 30860 146 19 f fffff00c 8 19 f 1c 8 2d 13 c e 13 c ad 163 21 23
FIXUPS: 2fd18 8f 27 71 1e 27 77 3b 2b 22 51 71 6d 4f 11 d fffff514 c 39
FIXUPS: 2f68b c 10 19 c 14 14 13 c 2a 13 c 25 13 c 19 2c 13 c 10 19 c 2a
FIXUPS: 2f876 c ea 41 f f fffff8b6 12 c c1 39 f 20 8 1e f e 12 c 19 8 11
FIXUPS: 2f477 f 17 8 76 3b 13 c 10 19 c 19 14 13 c 2a fffff830 13 c 10
FIXUPS: 2ee98 c 19 14 13 c 25 13 c 2a 13 c 14 2c 13 c 10 19 c 25 13 c 5b
FIXUPS: 2f172 ce 13 12 c fffff872 34 12 c 35 13 c 35 13 c 34 12 c 35 13
FIXUPS: 2ec83 35 13 c 57 13 c 10 19 c 19 14 13 c 25 13 c fffff970 13 c
FIXUPS: 2e7d6 13 c 34 12 c 35 13 c 35 13 c 34 12 c 35 13 c 35 13 c 34 12
FIXUPS: 2ea3b 35 13 c 35 13 fffff93e c 10 13 c 40 13 c 10 19 c 57 12 c
FIXUPS: 2e58e 13 c 35 13 c 34 12 c 35 13 c 35 13 c 34 12 c fffff931 f 13
FIXUPS: 2e0ac 15 11 13 c 15 8 14 13 c 30 13 c 30 13 c 30 13 c 4b 5a 62
FIXUPS: 2e374 13 c 10 13 c 40 fffff8dc 25 30 20 f 39 25 30 25 30 25 30
FIXUPS: 2debf 30 32 3c d f 13 c 15 11 13 c 15 11 13 c 17 f 19 c fffff78c
FIXUPS: 2d817 1e 1e 1e 1e 1e 1e 1e 1e 23 2a 30 25 30 25 30 25 30 25 30
FIXUPS: 2dafd 30 25 30 25 30 25 30 28 31 28 fffff880 8 19 f f 8 14 1a 50
FIXUPS: 2d610 f 8 1b 16 1d d 8 14 f e 8 14 f e 8 14 36 1e 1e 1e 1e 1d fffffb33
FIXUPS: 2d31d f 8 19 f e 8 19 f f 8 19 f f 8 19 f f 8 19 f 14 8 1e f f
FIXUPS: 2d4b7 14 2b 19 f fffffb47 f 8 19 f d 14 24 2a 29 2a 43 21 f e 8
FIXUPS: 2d208 f f 8 19 f f 8 19 f f 8 19 f 14 8 fffffb58 f f 8 19 f 8 19
FIXUPS: 2cec6 8 19 f 8 19 f 8 19 f 8 19 f 8 1c 21 1c f f f 8 1c f f fffffad1
FIXUPS: 2cb57 25 30 25 30 32 57 1f f 8 19 f 8 19 f 8 19 f 8 19 f 8 1c 21
FIXUPS: 2cdd9 f f f 8 1c f fffff797 41 30 25 30 25 30 25 30 25 30 25 30
FIXUPS: 2c80f 30 25 30 25 30 28 31 28 31 25 30 20 f 39 25 30 25 30 fffff77b
FIXUPS: 2c293 27 f 8 1b 16 2a f 8 1b 16 36 16 3d 16 27 d 8 1b 16 2a f 8
FIXUPS: 2c4dc 16 36 16 3d 16 2a d fffff949 8 1b 16 36 16 36 16 3d 16 27
FIXUPS: 2c06b 8 1b 16 27 f 8 1b 16 27 f 8 1b 16 2a f 8 1b 16 36 16 fffff98b
FIXUPS: 2bbda 8 1b 16 2c f 8 1b 16 25 16 27 d 8 1b 16 2a f 8 1b 16 3d 16
FIXUPS: 2be1e f 8 1b 16 5c 16 2a de66 3a 18 38 18 2a 4b 9 40 9 7a 33 92
FIXUPS: 3a111 fffff8d8 5f 35 ae 19 fffffe07 29 12 8 19 a 8 d ffff2099 7e
FIXUPS: 2bafa 1d 1d fb12 20 20 20 20 20 38f 23 23 1bb 57 43 8f4 d9a bf9
FIXUPS: 3dfa8 13 1469 ffffad09 33 1e 78 14 16 18 83 fffff8b2 6c 11 75 11
FIXUPS: 39d50 5d38 3e 3f 28 2e 28 31 3f 3f 68 15 bf 62 14 52 16 18 15 1d
FIXUPS: 3feab 1d 15 c2 18 15 52 1a ffffa2ab f59 46 f3 43 4127 1c 19 35
FIXUPS: 3f58b a 33 33 28 31 37 44 53 14 88 16 16 15 13 67 3f 23 3d 14 16
FIXUPS: 3f957 15 21 14 1a 15 79 302b 3e e 9 12 4f 16 45 16 57 16 16 1e
FIXUPS: 42d05 12 a1 5e 22 8 15 18 8e 1b 3c 89 1b 2c 3b ffffc3f3 30 20 1d
FIXUPS: 42357 1f 1e 65 1a 16 21 25 21 ed 2f ad 19 4e 21 1d 21 1b 7a 21
FIXUPS: 427f4 21 54 12 47 12 a7 18 12 4b 12 60 fffff0d8 21 1b e7 12 47
FIXUPS: 41cce 62 19 5e 84 b 41 16 18 1e 6e 16 3a 18 9b 12 52 d1 1e 1b 64
FIXUPS: 4221c 12 23 21 c7 fffff0a3 61 16 16 21 21 ab 1e 53 16 1a 21 c6
FIXUPS: 416fc 1f 43 16 1a 21 23 21 a1 39 b 24 16 66 1a 21 3c 1e 1b fffff4ae
FIXUPS: 40ee8 15 8 12 10 39 1c 16 17 17 8 1c 17 17 17 8 14 15 c1 1e 1b
FIXUPS: 4119b 4f 18 21 21 90 19 4f 5b 2f fffff8ce 15 15 17 b 12 17 d 12
FIXUPS: 40d3f d 12 17 d 12 15 8 1c 9 12 15 15 17 b 12 17 d 12 17 d 12 17
FIXUPS: 4078a 65 7c 14 2e 14 5f 56 27 8 16 87 19 12 26 14 4f 5e 2a f e
FIXUPS: 40ba3 19 f e 8 14 17 1f 10 3e 9 2ade 5d 27 2c 15 15 11 32 15 1e7
FIXUPS: 43e7b ffffc1e2 54 a4 48 14 52 2a 14 ab 2f fa 16 21 70 4a 14d 1b
FIXUPS: 4068b 33 8c 19 384a 32 6a 18 18 12 7c fffffd96 2d 1b 57 18 2f fffff100
FIXUPS: 4315c ef ff 5 7 13 5 7 f 49 1d 14 5d 1d 14 209 f 11
